Archive member included because of file (symbol)

/Applications/KDS_v3.app/Contents/toolchain/bin/../lib/gcc/arm-none-eabi/4.8.4/../../../../arm-none-eabi/lib/armv7e-m/fpu/libm.a(lib_a-s_modf.o)
                              ./utilities/fsl_debug_console.o (modf)
/Applications/KDS_v3.app/Contents/toolchain/bin/../lib/gcc/arm-none-eabi/4.8.4/../../../../arm-none-eabi/lib/armv7e-m/fpu/libm.a(lib_a-w_pow.o)
                              ./utilities/fsl_debug_console.o (pow)
/Applications/KDS_v3.app/Contents/toolchain/bin/../lib/gcc/arm-none-eabi/4.8.4/../../../../arm-none-eabi/lib/armv7e-m/fpu/libm.a(lib_a-e_pow.o)
                              /Applications/KDS_v3.app/Contents/toolchain/bin/../lib/gcc/arm-none-eabi/4.8.4/../../../../arm-none-eabi/lib/armv7e-m/fpu/libm.a(lib_a-w_pow.o) (__ieee754_pow)
/Applications/KDS_v3.app/Contents/toolchain/bin/../lib/gcc/arm-none-eabi/4.8.4/../../../../arm-none-eabi/lib/armv7e-m/fpu/libm.a(lib_a-e_sqrt.o)
                              /Applications/KDS_v3.app/Contents/toolchain/bin/../lib/gcc/arm-none-eabi/4.8.4/../../../../arm-none-eabi/lib/armv7e-m/fpu/libm.a(lib_a-e_pow.o) (__ieee754_sqrt)
/Applications/KDS_v3.app/Contents/toolchain/bin/../lib/gcc/arm-none-eabi/4.8.4/../../../../arm-none-eabi/lib/armv7e-m/fpu/libm.a(lib_a-s_fabs.o)
                              /Applications/KDS_v3.app/Contents/toolchain/bin/../lib/gcc/arm-none-eabi/4.8.4/../../../../arm-none-eabi/lib/armv7e-m/fpu/libm.a(lib_a-e_pow.o) (fabs)
/Applications/KDS_v3.app/Contents/toolchain/bin/../lib/gcc/arm-none-eabi/4.8.4/../../../../arm-none-eabi/lib/armv7e-m/fpu/libm.a(lib_a-s_finite.o)
                              /Applications/KDS_v3.app/Contents/toolchain/bin/../lib/gcc/arm-none-eabi/4.8.4/../../../../arm-none-eabi/lib/armv7e-m/fpu/libm.a(lib_a-w_pow.o) (finite)
/Applications/KDS_v3.app/Contents/toolchain/bin/../lib/gcc/arm-none-eabi/4.8.4/../../../../arm-none-eabi/lib/armv7e-m/fpu/libm.a(lib_a-s_fpclassify.o)
                              /Applications/KDS_v3.app/Contents/toolchain/bin/../lib/gcc/arm-none-eabi/4.8.4/../../../../arm-none-eabi/lib/armv7e-m/fpu/libm.a(lib_a-w_pow.o) (__fpclassifyd)
/Applications/KDS_v3.app/Contents/toolchain/bin/../lib/gcc/arm-none-eabi/4.8.4/../../../../arm-none-eabi/lib/armv7e-m/fpu/libm.a(lib_a-s_lib_ver.o)
                              /Applications/KDS_v3.app/Contents/toolchain/bin/../lib/gcc/arm-none-eabi/4.8.4/../../../../arm-none-eabi/lib/armv7e-m/fpu/libm.a(lib_a-w_pow.o) (__fdlib_version)
/Applications/KDS_v3.app/Contents/toolchain/bin/../lib/gcc/arm-none-eabi/4.8.4/../../../../arm-none-eabi/lib/armv7e-m/fpu/libm.a(lib_a-s_matherr.o)
                              /Applications/KDS_v3.app/Contents/toolchain/bin/../lib/gcc/arm-none-eabi/4.8.4/../../../../arm-none-eabi/lib/armv7e-m/fpu/libm.a(lib_a-w_pow.o) (matherr)
/Applications/KDS_v3.app/Contents/toolchain/bin/../lib/gcc/arm-none-eabi/4.8.4/../../../../arm-none-eabi/lib/armv7e-m/fpu/libm.a(lib_a-s_nan.o)
                              /Applications/KDS_v3.app/Contents/toolchain/bin/../lib/gcc/arm-none-eabi/4.8.4/../../../../arm-none-eabi/lib/armv7e-m/fpu/libm.a(lib_a-e_pow.o) (nan)
/Applications/KDS_v3.app/Contents/toolchain/bin/../lib/gcc/arm-none-eabi/4.8.4/../../../../arm-none-eabi/lib/armv7e-m/fpu/libm.a(lib_a-s_rint.o)
                              /Applications/KDS_v3.app/Contents/toolchain/bin/../lib/gcc/arm-none-eabi/4.8.4/../../../../arm-none-eabi/lib/armv7e-m/fpu/libm.a(lib_a-w_pow.o) (rint)
/Applications/KDS_v3.app/Contents/toolchain/bin/../lib/gcc/arm-none-eabi/4.8.4/../../../../arm-none-eabi/lib/armv7e-m/fpu/libm.a(lib_a-s_scalbn.o)
                              /Applications/KDS_v3.app/Contents/toolchain/bin/../lib/gcc/arm-none-eabi/4.8.4/../../../../arm-none-eabi/lib/armv7e-m/fpu/libm.a(lib_a-e_pow.o) (scalbn)
/Applications/KDS_v3.app/Contents/toolchain/bin/../lib/gcc/arm-none-eabi/4.8.4/../../../../arm-none-eabi/lib/armv7e-m/fpu/libm.a(lib_a-s_copysign.o)
                              /Applications/KDS_v3.app/Contents/toolchain/bin/../lib/gcc/arm-none-eabi/4.8.4/../../../../arm-none-eabi/lib/armv7e-m/fpu/libm.a(lib_a-s_scalbn.o) (copysign)
/Applications/KDS_v3.app/Contents/toolchain/bin/../lib/gcc/arm-none-eabi/4.8.4/../../../../arm-none-eabi/lib/armv7e-m/fpu/libg_s.a(lib_a-errno.o)
                              /Applications/KDS_v3.app/Contents/toolchain/bin/../lib/gcc/arm-none-eabi/4.8.4/../../../../arm-none-eabi/lib/armv7e-m/fpu/libm.a(lib_a-w_pow.o) (__errno)
/Applications/KDS_v3.app/Contents/toolchain/bin/../lib/gcc/arm-none-eabi/4.8.4/../../../../arm-none-eabi/lib/armv7e-m/fpu/libg_s.a(lib_a-exit.o)
                              /Applications/KDS_v3.app/Contents/toolchain/bin/../lib/gcc/arm-none-eabi/4.8.4/../../../../arm-none-eabi/lib/armv7e-m/fpu/crt0.o (exit)
/Applications/KDS_v3.app/Contents/toolchain/bin/../lib/gcc/arm-none-eabi/4.8.4/../../../../arm-none-eabi/lib/armv7e-m/fpu/libg_s.a(lib_a-impure.o)
[...]
Memory Configuration

Name             Origin             Length             Attributes
m_interrupts     0x0000000000000000 0x00000000000003c0 xr
m_bootloader_config 0x00000000000003c0 0x0000000000000040 xr
m_flash_config   0x0000000000000400 0x0000000000000010 xr
m_text           0x0000000000000410 0x000000000003fbf0 xr
m_data           0x000000001fff0000 0x0000000000010000 rw
m_data_2         0x0000000020000000 0x0000000000030000 rw
*default*        0x0000000000000000 0xffffffffffffffff

Linker script and memory map

LOAD /Applications/KDS_v3.app/Contents/toolchain/bin/../lib/gcc/arm-none-eabi/4.8.4/armv7e-m/fpu/crti.o
LOAD /Applications/KDS_v3.app/Contents/toolchain/bin/../lib/gcc/arm-none-eabi/4.8.4/armv7e-m/fpu/crtbegin.o
LOAD /Applications/KDS_v3.app/Contents/toolchain/bin/../lib/gcc/arm-none-eabi/4.8.4/../../../../arm-none-eabi/lib/armv7e-m/fpu/crt0.o
START GROUP
LOAD ./utilities/fsl_debug_console.o
LOAD ./usb/device/source/khci/usb_device_khci.o
LOAD ./usb/device/source/usb_device_dci.o
LOAD ./startup/startup_MK82F25615.o
LOAD ./startup/system_MK82F25615.o
LOAD ./sources/ov7670/fsl_sccb_master_driver.o
LOAD ./sources/ov7670/ov7670_driver.o
LOAD ./sources/flexio_ov7670.o
LOAD ./sources/usb_device_ch9.o
LOAD ./sources/usb_device_descriptor.o
LOAD ./sources/usb_device_video.o
LOAD ./sources/video_camera.o
LOAD ./osa/usb_osa_bm.o
LOAD ./drivers/fsl_clock.o
LOAD ./drivers/fsl_common.o
LOAD ./drivers/fsl_dmamux.o
LOAD ./drivers/fsl_edma.o
LOAD ./drivers/fsl_flexio.o
LOAD ./drivers/fsl_flexio_camera.o
LOAD ./drivers/fsl_gpio.o
LOAD ./drivers/fsl_i2c.o
LOAD ./drivers/fsl_lpuart.o
LOAD ./drivers/fsl_mpu.o
LOAD ./drivers/fsl_sim.o
LOAD ./drivers/fsl_smc.o
LOAD ./board/board.o
LOAD ./board/clock_config.o
LOAD ./board/pin_mux.o
LOAD /Applications/KDS_v3.app/Contents/toolchain/bin/../lib/gcc/arm-none-eabi/4.8.4/../../../../arm-none-eabi/lib/armv7e-m/fpu/libm.a
LOAD /Applications/KDS_v3.app/Contents/toolchain/bin/../lib/gcc/arm-none-eabi/4.8.4/../../../../arm-none-eabi/lib/armv7e-m/fpu/libg_s.a
LOAD /Applications/KDS_v3.app/Contents/toolchain/bin/../lib/gcc/arm-none-eabi/4.8.4/armv7e-m/fpu/libgcc.a
LOAD /Applications/KDS_v3.app/Contents/toolchain/bin/../lib/gcc/arm-none-eabi/4.8.4/../../../../arm-none-eabi/lib/armv7e-m/fpu/libnosys.a
END GROUP
START GROUP
LOAD /Applications/KDS_v3.app/Contents/toolchain/bin/../lib/gcc/arm-none-eabi/4.8.4/armv7e-m/fpu/libgcc.a
LOAD /Applications/KDS_v3.app/Contents/toolchain/bin/../lib/gcc/arm-none-eabi/4.8.4/../../../../arm-none-eabi/lib/armv7e-m/fpu/libg_s.a
LOAD /Applications/KDS_v3.app/Contents/toolchain/bin/../lib/gcc/arm-none-eabi/4.8.4/../../../../arm-none-eabi/lib/armv7e-m/fpu/libc_s.a
END GROUP
START GROUP
LOAD /Applications/KDS_v3.app/Contents/toolchain/bin/../lib/gcc/arm-none-eabi/4.8.4/armv7e-m/fpu/libgcc.a
LOAD /Applications/KDS_v3.app/Contents/toolchain/bin/../lib/gcc/arm-none-eabi/4.8.4/../../../../arm-none-eabi/lib/armv7e-m/fpu/libc_s.a
END GROUP
LOAD /Applications/KDS_v3.app/Contents/toolchain/bin/../lib/gcc/arm-none-eabi/4.8.4/armv7e-m/fpu/crtend.o
LOAD /Applications/KDS_v3.app/Contents/toolchain/bin/../lib/gcc/arm-none-eabi/4.8.4/armv7e-m/fpu/crtn.o
                0x0000000000002000                HEAP_SIZE = DEFINED (__heap_size__)?__heap_size__:0x2000
                0x0000000000000400                STACK_SIZE = DEFINED (__stack_size__)?__stack_size__:0x400
                0x0000000000000000                M_VECTOR_RAM_SIZE = DEFINED (__ram_vector_table__)?0x3c0:0x0

.interrupts     0x0000000000000000      0x3c0
                0x0000000000000000                __VECTOR_TABLE = .
                0x0000000000000000                . = ALIGN (0x4)
 *(.isr_vector)
 .isr_vector    0x0000000000000000      0x3c0 ./startup/startup_MK82F25615.o
                0x0000000000000000                __isr_vector
                0x00000000000003c0                . = ALIGN (0x4)

.bootloader_config
                0x00000000000003c0        0x0
                0x00000000000003c0                . = ALIGN (0x4)
 *(.BootloaderConfig)
                0x00000000000003c0                . = ALIGN (0x4)

.flash_config   0x0000000000000400       0x10
                0x0000000000000400                . = ALIGN (0x4)
 *(.FlashConfig)
 .FlashConfig   0x0000000000000400       0x10 ./startup/startup_MK82F25615.o
                0x0000000000000410                . = ALIGN (0x4)

.text           0x0000000000000410     0xbe50
                0x0000000000000410                . = ALIGN (0x4)
 *(.text)
 .text          0x0000000000000410       0x54 /Applications/KDS_v3.app/Contents/toolchain/bin/../lib/gcc/arm-none-eabi/4.8.4/armv7e-m/fpu/crtbegin.o
 .text          0x0000000000000464       0x74 /Applications/KDS_v3.app/Contents/toolchain/bin/../lib/gcc/arm-none-eabi/4.8.4/../../../../arm-none-eabi/lib/armv7e-m/fpu/crt0.o
                0x0000000000000464                _mainCRTStartup
                0x0000000000000464                _start
 .text          0x00000000000004d8      0x198 ./startup/startup_MK82F25615.o
                0x00000000000004d8                Reset_Handler
                0x0000000000000534                Reserved111_IRQHandler
                0x0000000000000534                DebugMon_Handler
                0x0000000000000534                Reserved88_IRQHandler
                0x0000000000000534                DMA13_DMA29_DriverIRQHandler
                0x0000000000000534                PIT0CH2_IRQHandler
                0x0000000000000534                Reserved96_IRQHandler
                0x0000000000000534                TPM1_IRQHandler
                0x0000000000000534                Reserved106_IRQHandler
                0x0000000000000534                LVD_LVW_IRQHandler
                0x0000000000000534                FTM0_IRQHandler
                0x0000000000000534                Reserved51_IRQHandler
                0x0000000000000534                PORTA_IRQHandler
                0x0000000000000534                MCM_IRQHandler
                0x0000000000000534                FTFA_IRQHandler
                0x0000000000000534                PIT0CH3_IRQHandler
                0x0000000000000534                FTM3_IRQHandler
                0x0000000000000534                PORTE_IRQHandler
                0x0000000000000534                DMA5_DMA21_DriverIRQHandler
                0x0000000000000534                FTM2_IRQHandler
                0x0000000000000534                BusFault_Handler
                0x0000000000000534                DMA15_DMA31_DriverIRQHandler
                0x0000000000000534                PIT0CH1_IRQHandler
                0x0000000000000534                Reserved93_IRQHandler
                0x0000000000000534                CMP0_IRQHandler
                0x0000000000000534                Reserved52_IRQHandler
                0x0000000000000534                PORTC_IRQHandler
                0x0000000000000534                LPTMR0_LPTMR1_IRQHandler
                0x0000000000000534                Reserved122_IRQHandler
                0x0000000000000534                Reserved113_IRQHandler
                0x0000000000000534                SPI1_DriverIRQHandler
                0x0000000000000534                Reserved85_IRQHandler
                0x0000000000000534                DMA_Error_DriverIRQHandler
                0x0000000000000534                Reserved114_IRQHandler
                0x0000000000000534                Reserved89_IRQHandler
                0x0000000000000534                SDHC_DriverIRQHandler
                0x0000000000000534                Reserved99_IRQHandler
                0x0000000000000534                DMA7_DMA23_DriverIRQHandler
                0x0000000000000534                Reserved119_IRQHandler
                0x0000000000000534                LLWU_IRQHandler
                0x0000000000000534                I2S0_Tx_DriverIRQHandler
                0x0000000000000534                Reserved84_IRQHandler
                0x0000000000000534                TSI0_IRQHandler
                0x0000000000000534                Reserved92_IRQHandler
                0x0000000000000534                DMA14_DMA30_DriverIRQHandler
                0x0000000000000534                SWI_IRQHandler
                0x0000000000000534                ADC0_IRQHandler
                0x0000000000000534                EMVSIM0_IRQHandler
                0x0000000000000534                UsageFault_Handler
                0x0000000000000534                CMT_IRQHandler
                0x0000000000000534                QuadSPI0_DriverIRQHandler
                0x0000000000000534                DMA0_DMA16_DriverIRQHandler
                0x0000000000000534                DefaultISR
                0x0000000000000534                DMA2_DMA18_DriverIRQHandler
                0x0000000000000534                Reserved82_IRQHandler
                0x0000000000000534                CMP1_IRQHandler
                0x0000000000000534                Reserved71_IRQHandler
                0x0000000000000534                PORTD_IRQHandler
                0x0000000000000534                SPI2_DriverIRQHandler
                0x0000000000000534                TPM2_IRQHandler
                0x0000000000000534                RTC_IRQHandler
                0x0000000000000534                PDB0_IRQHandler
                0x0000000000000534                FTM1_IRQHandler
                0x0000000000000534                DMA12_DMA28_DriverIRQHandler
                0x0000000000000534                PIT0CH0_IRQHandler
                0x0000000000000534                Reserved95_IRQHandler
                0x0000000000000534                Reserved121_IRQHandler
                0x0000000000000534                RTC_Seconds_IRQHandler
                0x0000000000000534                MCG_IRQHandler
                0x0000000000000534                DMA10_DMA26_DriverIRQHandler
                0x0000000000000534                Reserved108_IRQHandler
                0x0000000000000534                TRNG0_IRQHandler
                0x0000000000000534                Reserved117_IRQHandler
                0x0000000000000534                Reserved110_IRQHandler
                0x0000000000000534                Read_Collision_IRQHandler
                0x0000000000000534                LTC0_IRQHandler
                0x0000000000000534                DMA1_DMA17_DriverIRQHandler
                0x0000000000000534                Reserved98_IRQHandler
                0x0000000000000534                Reserved102_IRQHandler
                0x0000000000000534                USBDCD_IRQHandler
                0x0000000000000534                DMA8_DMA24_DriverIRQHandler
                0x0000000000000534                DMA6_DMA22_DriverIRQHandler
                0x0000000000000534                I2S0_Rx_DriverIRQHandler
                0x0000000000000534                Reserved101_IRQHandler
                0x0000000000000534                WDOG_EWM_IRQHandler
                0x0000000000000534                MemManage_Handler
                0x0000000000000534                Reserved83_IRQHandler
                0x0000000000000534                Reserved115_IRQHandler
                0x0000000000000534                DMA11_DMA27_DriverIRQHandler
                0x0000000000000534                Reserved109_IRQHandler
                0x0000000000000534                DMA4_DMA20_DriverIRQHandler
                0x0000000000000534                DMA9_DMA25_DriverIRQHandler
                0x0000000000000534                Reserved100_IRQHandler
                0x0000000000000534                EMVSIM1_IRQHandler
                0x0000000000000534                Reserved91_IRQHandler
                0x0000000000000534                DAC0_IRQHandler
                0x0000000000000534                Reserved118_IRQHandler
                0x0000000000000534                DMA3_DMA19_DriverIRQHandler
                0x0000000000000534                Reserved94_IRQHandler
                0x0000000000000534                Reserved112_IRQHandler
                0x0000000000000534                SPI0_DriverIRQHandler
                0x0000000000000538                NMI_Handler
                0x000000000000053c                HardFault_Handler
                0x0000000000000540                SVC_Handler
                0x0000000000000544                PendSV_Handler
                0x0000000000000548                SysTick_Handler
                0x000000000000058c                DMA_Error_IRQHandler
                0x0000000000000590                I2C0_IRQHandler
                0x0000000000000594                I2C1_IRQHandler
                0x0000000000000598                SPI0_IRQHandler
                0x000000000000059c                SPI1_IRQHandler
                0x00000000000005a0                I2S0_Tx_IRQHandler
                0x00000000000005a4                I2S0_Rx_IRQHandler
                0x00000000000005a8                LPUART0_IRQHandler
                0x00000000000005ac                LPUART1_IRQHandler
                0x00000000000005b0                LPUART2_IRQHandler
                0x00000000000005b4                LPUART3_IRQHandler
                0x00000000000005b8                LPUART4_IRQHandler
                0x00000000000005bc                SPI2_IRQHandler
                0x00000000000005c0                FLEXIO0_IRQHandler
                0x00000000000005c4                I2C2_IRQHandler
                0x00000000000005c8                SDHC_IRQHandler
                0x00000000000005cc                I2C3_IRQHandler
                0x00000000000005d0                QuadSPI0_IRQHandler
 .text          0x0000000000000670      0x370 /Applications/KDS_v3.app/Contents/toolchain/bin/../lib/gcc/arm-none-eabi/4.8.4/armv7e-m/fpu/libgcc.a(_arm_addsubdf3.o)
                0x0000000000000670                __aeabi_drsub
                0x0000000000000678                __subdf3
                0x0000000000000678                __aeabi_dsub
                0x000000000000067c                __aeabi_dadd
                0x000000000000067c                __adddf3
                0x00000000000008f4                __aeabi_ui2d
                0x00000000000008f4                __floatunsidf
                0x0000000000000914                __floatsidf
                0x0000000000000914                __aeabi_i2d
                0x0000000000000938                __extendsfdf2
                0x0000000000000938                __aeabi_f2d
                0x0000000000000974                __aeabi_ul2d
                0x0000000000000974                __floatundidf
                0x0000000000000984                __aeabi_l2d
                0x0000000000000984                __floatdidf
 .text          0x00000000000009e0      0x424 /Applications/KDS_v3.app/Contents/toolchain/bin/../lib/gcc/arm-none-eabi/4.8.4/armv7e-m/fpu/libgcc.a(_arm_muldivdf3.o)
                0x00000000000009e0                __aeabi_dmul
                0x00000000000009e0                __muldf3
                0x0000000000000c34                __aeabi_ddiv
                0x0000000000000c34                __divdf3
 .text          0x0000000000000e04      0x110 /Applications/KDS_v3.app/Contents/toolchain/bin/../lib/gcc/arm-none-eabi/4.8.4/armv7e-m/fpu/libgcc.a(_arm_cmpdf2.o)
                0x0000000000000e04                __gtdf2
                0x0000000000000e04                __gedf2
                0x0000000000000e0c                __ltdf2
                0x0000000000000e0c                __ledf2
                0x0000000000000e14                __eqdf2
                0x0000000000000e14                __nedf2
                0x0000000000000e14                __cmpdf2
                0x0000000000000e90                __aeabi_cdrcmple
                0x0000000000000ea0                __aeabi_cdcmple
                0x0000000000000ea0                __aeabi_cdcmpeq
                0x0000000000000eb0                __aeabi_dcmpeq
                0x0000000000000ec4                __aeabi_dcmplt
                0x0000000000000ed8                __aeabi_dcmple
                0x0000000000000eec                __aeabi_dcmpge
                0x0000000000000f00                __aeabi_dcmpgt
 .text          0x0000000000000f14       0x50 /Applications/KDS_v3.app/Contents/toolchain/bin/../lib/gcc/arm-none-eabi/4.8.4/armv7e-m/fpu/libgcc.a(_arm_fixdfsi.o)
                0x0000000000000f14                __fixdfsi
                0x0000000000000f14                __aeabi_d2iz
 .text          0x0000000000000f64       0x40 /Applications/KDS_v3.app/Contents/toolchain/bin/../lib/gcc/arm-none-eabi/4.8.4/armv7e-m/fpu/libgcc.a(_arm_fixunsdfsi.o)
                0x0000000000000f64                __fixunsdfsi
                0x0000000000000f64                __aeabi_d2uiz
 .text          0x0000000000000fa4       0x38 /Applications/KDS_v3.app/Contents/toolchain/bin/../lib/gcc/arm-none-eabi/4.8.4/armv7e-m/fpu/libgcc.a(_aeabi_ldivmod.o)
                0x0000000000000fa4                __aeabi_ldivmod
 .text          0x0000000000000fdc       0x2c /Applications/KDS_v3.app/Contents/toolchain/bin/../lib/gcc/arm-none-eabi/4.8.4/armv7e-m/fpu/libgcc.a(_aeabi_uldivmod.o)
                0x0000000000000fdc                __aeabi_uldivmod
 .text          0x0000000000001008       0x30 /Applications/KDS_v3.app/Contents/toolchain/bin/../lib/gcc/arm-none-eabi/4.8.4/armv7e-m/fpu/libgcc.a(_fixdfdi.o)
                0x0000000000001008                __aeabi_d2lz
                0x0000000000001008                __fixdfdi
 .text          0x0000000000001038       0x44 /Applications/KDS_v3.app/Contents/toolchain/bin/../lib/gcc/arm-none-eabi/4.8.4/armv7e-m/fpu/libgcc.a(_fixunsdfdi.o)
                0x0000000000001038                __aeabi_d2ulz
                0x0000000000001038                __fixunsdfdi
 .text          0x000000000000107c       0x60 /Applications/KDS_v3.app/Contents/toolchain/bin/../lib/gcc/arm-none-eabi/4.8.4/armv7e-m/fpu/libgcc.a(bpabi.o)
                0x000000000000107c                __gnu_ldivmod_helper
                0x00000000000010ac                __gnu_uldivmod_helper
 .text          0x00000000000010dc        0x4 /Applications/KDS_v3.app/Contents/toolchain/bin/../lib/gcc/arm-none-eabi/4.8.4/armv7e-m/fpu/libgcc.a(_dvmd_tls.o)
                0x00000000000010dc                __aeabi_ldiv0
                0x00000000000010dc                __aeabi_idiv0
 .text          0x00000000000010e0      0x298 /Applications/KDS_v3.app/Contents/toolchain/bin/../lib/gcc/arm-none-eabi/4.8.4/armv7e-m/fpu/libgcc.a(_divdi3.o)
                0x00000000000010e0                __divdi3
 .text          0x0000000000001378      0x284 /Applications/KDS_v3.app/Contents/toolchain/bin/../lib/gcc/arm-none-eabi/4.8.4/armv7e-m/fpu/libgcc.a(_udivdi3.o)
                0x0000000000001378                __udivdi3
 *(.text*)
 .text.LPUART_EnableTx
                0x00000000000015fc       0x38 ./utilities/fsl_debug_console.o
 .text.LPUART_EnableRx
                0x0000000000001634       0x38 ./utilities/fsl_debug_console.o
 .text.DbgConsole_Init
                0x000000000000166c       0x90 ./utilities/fsl_debug_console.o
                0x000000000000166c                DbgConsole_Init
 .text.DbgConsole_Printf
                0x00000000000016fc       0x40 ./utilities/fsl_debug_console.o
                0x00000000000016fc                DbgConsole_Printf
 .text.DbgConsole_Putchar
                0x000000000000173c       0x38 ./utilities/fsl_debug_console.o
                0x000000000000173c                DbgConsole_Putchar
 .text.DbgConsole_PrintfPaddingCharacter
                0x0000000000001774       0x40 ./utilities/fsl_debug_console.o
 .text.DbgConsole_ConvertRadixNumToString
                0x00000000000017b4      0x1d8 ./utilities/fsl_debug_console.o
 *fill*         0x000000000000198c        0x4 
 .text.DbgConsole_ConvertFloatRadixNumToString
                0x0000000000001990      0x2b8 ./utilities/fsl_debug_console.o
 .text.DbgConsole_PrintfFormattedData
                0x0000000000001c48      0x8a0 ./utilities/fsl_debug_console.o
 .text.USB_DeviceKhciEndpointTransfer
                0x00000000000024e8       0xf0 ./usb/device/source/khci/usb_device_khci.o
 .text.USB_DeviceKhciPrimeNextSetup
                0x00000000000025d8       0x64 ./usb/device/source/khci/usb_device_khci.o
 .text.USB_DeviceKhciSetDefaultState
                0x000000000000263c      0x150 ./usb/device/source/khci/usb_device_khci.o
 .text.USB_DeviceKhciEndpointInit
                0x000000000000278c      0x110 ./usb/device/source/khci/usb_device_khci.o
 .text.USB_DeviceKhciEndpointDeinit
                0x000000000000289c       0x5c ./usb/device/source/khci/usb_device_khci.o
 .text.USB_DeviceKhciEndpointStall
                0x00000000000028f8       0xb8 ./usb/device/source/khci/usb_device_khci.o
 .text.USB_DeviceKhciEndpointUnstall
                0x00000000000029b0      0x130 ./usb/device/source/khci/usb_device_khci.o
 .text.USB_DeviceKhciInterruptTokenDone
                0x0000000000002ae0      0x4d4 ./usb/device/source/khci/usb_device_khci.o
 .text.USB_DeviceKhciInterruptReset
                0x0000000000002fb4       0x40 ./usb/device/source/khci/usb_device_khci.o
 .text.USB_DeviceKhciInterruptStall
                0x0000000000002ff4       0x48 ./usb/device/source/khci/usb_device_khci.o
 .text.USB_DeviceKhciInit
                0x000000000000303c       0xd4 ./usb/device/source/khci/usb_device_khci.o
                0x000000000000303c                USB_DeviceKhciInit
 .text.USB_DeviceKhciDeinit
                0x0000000000003110       0x6c ./usb/device/source/khci/usb_device_khci.o
                0x0000000000003110                USB_DeviceKhciDeinit
 .text.USB_DeviceKhciSend
                0x000000000000317c      0x118 ./usb/device/source/khci/usb_device_khci.o
                0x000000000000317c                USB_DeviceKhciSend
 .text.USB_DeviceKhciRecv
                0x0000000000003294      0x18c ./usb/device/source/khci/usb_device_khci.o
                0x0000000000003294                USB_DeviceKhciRecv
 .text.USB_DeviceKhciCancel
                0x0000000000003420       0x88 ./usb/device/source/khci/usb_device_khci.o
                0x0000000000003420                USB_DeviceKhciCancel
 .text.USB_DeviceKhciControl
                0x00000000000034a8      0x284 ./usb/device/source/khci/usb_device_khci.o
                0x00000000000034a8                USB_DeviceKhciControl
 .text.USB_DeviceKhciIsrFunction
                0x000000000000372c       0x74 ./usb/device/source/khci/usb_device_khci.o
                0x000000000000372c                USB_DeviceKhciIsrFunction
 .text.USB_DeviceAllocateHandle
                0x00000000000037a0       0xbc ./usb/device/source/usb_device_dci.o
 .text.USB_DeviceFreeHandle
                0x000000000000385c       0x28 ./usb/device/source/usb_device_dci.o
 .text.USB_DeviceGetControllerInterface
                0x0000000000003884       0x38 ./usb/device/source/usb_device_dci.o
 .text.USB_DeviceTransfer
                0x00000000000038bc       0x78 ./usb/device/source/usb_device_dci.o
 .text.USB_DeviceControl
                0x0000000000003934       0x50 ./usb/device/source/usb_device_dci.o
 .text.USB_DeviceResetNotification
                0x0000000000003984       0x68 ./usb/device/source/usb_device_dci.o
 .text.USB_DeviceNotification
                0x00000000000039ec       0xb4 ./usb/device/source/usb_device_dci.o
 .text.USB_DeviceNotificationTrigger
                0x0000000000003aa0       0x40 ./usb/device/source/usb_device_dci.o
                0x0000000000003aa0                USB_DeviceNotificationTrigger
 .text.USB_DeviceInit
                0x0000000000003ae0      0x138 ./usb/device/source/usb_device_dci.o
                0x0000000000003ae0                USB_DeviceInit
 .text.USB_DeviceRun
                0x0000000000003c18       0x1c ./usb/device/source/usb_device_dci.o
                0x0000000000003c18                USB_DeviceRun
 .text.USB_DeviceDeinit
                0x0000000000003c34       0x44 ./usb/device/source/usb_device_dci.o
                0x0000000000003c34                USB_DeviceDeinit
 .text.USB_DeviceSendRequest
                0x0000000000003c78       0x34 ./usb/device/source/usb_device_dci.o
                0x0000000000003c78                USB_DeviceSendRequest
 .text.USB_DeviceRecvRequest
                0x0000000000003cac       0x30 ./usb/device/source/usb_device_dci.o
                0x0000000000003cac                USB_DeviceRecvRequest
 .text.USB_DeviceInitEndpoint
                0x0000000000003cdc       0x90 ./usb/device/source/usb_device_dci.o
                0x0000000000003cdc                USB_DeviceInitEndpoint
 .text.USB_DeviceDeinitEndpoint
                0x0000000000003d6c       0x80 ./usb/device/source/usb_device_dci.o
                0x0000000000003d6c                USB_DeviceDeinitEndpoint
 .text.USB_DeviceStallEndpoint
                0x0000000000003dec       0x30 ./usb/device/source/usb_device_dci.o
                0x0000000000003dec                USB_DeviceStallEndpoint
 .text.USB_DeviceUnstallEndpoint
                0x0000000000003e1c       0x30 ./usb/device/source/usb_device_dci.o
                0x0000000000003e1c                USB_DeviceUnstallEndpoint
 .text.USB_DeviceGetStatus
                0x0000000000003e4c       0xcc ./usb/device/source/usb_device_dci.o
                0x0000000000003e4c                USB_DeviceGetStatus
 .text.USB_DeviceSetStatus
                0x0000000000003f18       0xc0 ./usb/device/source/usb_device_dci.o
                0x0000000000003f18                USB_DeviceSetStatus
 .text.SystemInit
                0x0000000000003fd8       0x3c ./startup/system_MK82F25615.o
                0x0000000000003fd8                SystemInit
 .text.SystemCoreClockUpdate
                0x0000000000004014      0x278 ./startup/system_MK82F25615.o
                0x0000000000004014                SystemCoreClockUpdate
 .text.I2C_Read_OV7670_Reg
                0x000000000000428c       0xa0 ./sources/ov7670/fsl_sccb_master_driver.o
                0x000000000000428c                I2C_Read_OV7670_Reg
 .text.I2C_Write_OV7670_Reg
                0x000000000000432c       0x8c ./sources/ov7670/fsl_sccb_master_driver.o
                0x000000000000432c                I2C_Write_OV7670_Reg
 .text.I2C_MasterWriteWithStop
                0x00000000000043b8      0x118 ./sources/ov7670/fsl_sccb_master_driver.o
                0x00000000000043b8                I2C_MasterWriteWithStop
 .text.delay    0x00000000000044d0       0x2c ./sources/ov7670/ov7670_driver.o
 .text.OV7670_Init
                0x00000000000044fc       0xf8 ./sources/ov7670/ov7670_driver.o
                0x00000000000044fc                OV7670_Init
 .text.OV7670_ModifyReg
                0x00000000000045f4       0x80 ./sources/ov7670/ov7670_driver.o
                0x00000000000045f4                OV7670_ModifyReg
 .text.OV7670_ContrastAdjustment
                0x0000000000004674       0x5c ./sources/ov7670/ov7670_driver.o
                0x0000000000004674                OV7670_ContrastAdjustment
 .text.OV7670_BrightnessAdjustment
                0x00000000000046d0       0x34 ./sources/ov7670/ov7670_driver.o
                0x00000000000046d0                OV7670_BrightnessAdjustment
 .text.OV7670_Configure
                0x0000000000004704      0x1e0 ./sources/ov7670/ov7670_driver.o
                0x0000000000004704                OV7670_Configure
 .text.OV7670_OutputFormat
                0x00000000000048e4       0x40 ./sources/ov7670/ov7670_driver.o
                0x00000000000048e4                OV7670_OutputFormat
 .text.OV7670_Resolution
                0x0000000000004924      0x158 ./sources/ov7670/ov7670_driver.o
                0x0000000000004924                OV7670_Resolution
 .text.OV7670_SetWindow
                0x0000000000004a7c       0xa4 ./sources/ov7670/ov7670_driver.o
                0x0000000000004a7c                OV7670_SetWindow
 .text.OV7670_FrameRateAdjustment
                0x0000000000004b20       0xb0 ./sources/ov7670/ov7670_driver.o
                0x0000000000004b20                OV7670_FrameRateAdjustment
 .text.OV7670_NighMode
                0x0000000000004bd0       0x28 ./sources/ov7670/ov7670_driver.o
                0x0000000000004bd0                OV7670_NighMode
 .text.OV7670_BandingFilterSelection
                0x0000000000004bf8       0x88 ./sources/ov7670/ov7670_driver.o
                0x0000000000004bf8                OV7670_BandingFilterSelection
 .text.OV7670_WhiteBalance
                0x0000000000004c80      0x1c0 ./sources/ov7670/ov7670_driver.o
                0x0000000000004c80                OV7670_WhiteBalance
 .text.OV7670_LightMode
                0x0000000000004e40      0x114 ./sources/ov7670/ov7670_driver.o
                0x0000000000004e40                OV7670_LightMode
 .text.OV7670_ColorSaturation
                0x0000000000004f54       0xbc ./sources/ov7670/ov7670_driver.o
                0x0000000000004f54                OV7670_ColorSaturation
 .text.OV7670_SpecialEffects
                0x0000000000005010       0x50 ./sources/ov7670/ov7670_driver.o
                0x0000000000005010                OV7670_SpecialEffects
 .text.OV7670_GammaCurveSlope
                0x0000000000005060      0x174 ./sources/ov7670/ov7670_driver.o
                0x0000000000005060                OV7670_GammaCurveSlope
 .text.NVIC_EnableIRQ
                0x00000000000051d4       0x30 ./sources/flexio_ov7670.o
 .text.FLEXIO_EnableShifterStatusDMA
                0x0000000000005204       0x3c ./sources/flexio_ov7670.o
 .text.FLEXIO_CAMERA_Enable
                0x0000000000005240       0x40 ./sources/flexio_ov7670.o
 .text.FLEXIO_CAMERA_EnableRxDMA
                0x0000000000005280       0x30 ./sources/flexio_ov7670.o
 .text.FLEXIO_CAMERA_GetRxBufferAddress
                0x00000000000052b0       0x28 ./sources/flexio_ov7670.o
 .text.EDMA_EnableChannelRequest
                0x00000000000052d8       0x40 ./sources/flexio_ov7670.o
 .text.DMAMUX_EnableChannel
                0x0000000000005318       0x48 ./sources/flexio_ov7670.o
 .text.DMAMUX_SetSource
                0x0000000000005360       0x58 ./sources/flexio_ov7670.o
 .text.FLEXIO_Ov7670Init
                0x00000000000053b8       0xc8 ./sources/flexio_ov7670.o
                0x00000000000053b8                FLEXIO_Ov7670Init
 .text.FLEXIO_Ov7670StartCapture
                0x0000000000005480       0x20 ./sources/flexio_ov7670.o
                0x0000000000005480                FLEXIO_Ov7670StartCapture
 .text.FLEXIO_Ov7670AsynCallback
                0x00000000000054a0       0x8c ./sources/flexio_ov7670.o
                0x00000000000054a0                FLEXIO_Ov7670AsynCallback
 .text.FLEXIO_Ov7670SccbInit
                0x000000000000552c       0x34 ./sources/flexio_ov7670.o
 .text.FLEXIO_CameraInit
                0x0000000000005560       0x44 ./sources/flexio_ov7670.o
 .text.EDMA_CameraTransferInitTCD
                0x00000000000055a4      0x150 ./sources/flexio_ov7670.o
 .text.EDMA_ChannelTransferInit
                0x00000000000056f4       0x64 ./sources/flexio_ov7670.o
 .text.FLEXIO_Ov7670VsynInit
                0x0000000000005758       0x4c ./sources/flexio_ov7670.o
 .text.USB_DeviceCh9GetStatus
                0x00000000000057a4       0xe0 ./sources/usb_device_ch9.o
 .text.USB_DeviceCh9SetClearFeature
                0x0000000000005884       0xf0 ./sources/usb_device_ch9.o
 .text.USB_DeviceCh9SetAddress
                0x0000000000005974       0x8c ./sources/usb_device_ch9.o
 .text.USB_DeviceCh9GetDescriptor
                0x0000000000005a00       0x48 ./sources/usb_device_ch9.o
 .text.USB_DeviceCh9GetConfiguration
                0x0000000000005a48       0x50 ./sources/usb_device_ch9.o
 .text.USB_DeviceCh9SetConfiguration
                0x0000000000005a98       0x70 ./sources/usb_device_ch9.o
 .text.USB_DeviceCh9GetInterface
                0x0000000000005b08       0x54 ./sources/usb_device_ch9.o
 .text.USB_DeviceCh9SetInterface
                0x0000000000005b5c       0x48 ./sources/usb_device_ch9.o
 .text.USB_DeviceCh9SynchFrame
                0x0000000000005ba4       0x5c ./sources/usb_device_ch9.o
 .text.USB_DeviceControlCallbackFeedback
                0x0000000000005c00       0xb0 ./sources/usb_device_ch9.o
 .text.USB_DeviceControlCallback
                0x0000000000005cb0      0x21c ./sources/usb_device_ch9.o
                0x0000000000005cb0                USB_DeviceControlCallback
 .text.USB_DeviceControlPipeInit
                0x0000000000005ecc       0x7c ./sources/usb_device_ch9.o
                0x0000000000005ecc                USB_DeviceControlPipeInit
 .text.USB_DeviceGetDescriptor
                0x0000000000005f48      0x118 ./sources/usb_device_descriptor.o
                0x0000000000005f48                USB_DeviceGetDescriptor
 .text.USB_DeviceSetConfigure
                0x0000000000006060       0x38 ./sources/usb_device_descriptor.o
                0x0000000000006060                USB_DeviceSetConfigure
 .text.USB_DeviceGetConfigure
                0x0000000000006098       0x24 ./sources/usb_device_descriptor.o
                0x0000000000006098                USB_DeviceGetConfigure
 .text.USB_DeviceSetInterface
                0x00000000000060bc       0x34 ./sources/usb_device_descriptor.o
                0x00000000000060bc                USB_DeviceSetInterface
 .text.USB_DeviceGetInterface
                0x00000000000060f0       0x2c ./sources/usb_device_descriptor.o
                0x00000000000060f0                USB_DeviceGetInterface
 .text.NVIC_EnableIRQ
                0x000000000000611c       0x30 ./sources/video_camera.o
 .text.NVIC_SetPriority
                0x000000000000614c       0x54 ./sources/video_camera.o
 .text.CLOCK_SetClkOutClock
                0x00000000000061a0       0x38 ./sources/video_camera.o
 .text.PORT_ClearPinsInterruptFlags
                0x00000000000061d8       0x1c ./sources/video_camera.o
 .text.paintXY  0x00000000000061f4       0x60 ./sources/video_camera.o
                0x00000000000061f4                paintXY
 .text.paintLines
                0x0000000000006254       0xb8 ./sources/video_camera.o
                0x0000000000006254                paintLines
 .text.convertToRGBTest3
                0x000000000000630c       0x80 ./sources/video_camera.o
                0x000000000000630c                convertToRGBTest3
 .text.PORTB_IRQHandler
                0x000000000000638c       0x30 ./sources/video_camera.o
                0x000000000000638c                PORTB_IRQHandler
 .text.USB_DeviceVideoPrepareVideoData
                0x00000000000063bc      0x20c ./sources/video_camera.o
 .text.USB_DeviceVideoIsoIn
                0x00000000000065c8       0x3c ./sources/video_camera.o
 .text.USB_DeviceVideoApplicationSetDefault
                0x0000000000006604      0x198 ./sources/video_camera.o
 .text.USB_DeviceCallback
                0x000000000000679c      0x110 ./sources/video_camera.o
                0x000000000000679c                USB_DeviceCallback
 .text.USB_DeviceGetSetupBuffer
                0x00000000000068ac       0x2c ./sources/video_camera.o
                0x00000000000068ac                USB_DeviceGetSetupBuffer
 .text.USB_DevcieConfigureRemoteWakeup
                0x00000000000068d8       0x1c ./sources/video_camera.o
                0x00000000000068d8                USB_DevcieConfigureRemoteWakeup
 .text.USB_DevcieConfigureEndpointStatus
                0x00000000000068f4       0xa0 ./sources/video_camera.o
                0x00000000000068f4                USB_DevcieConfigureEndpointStatus
 .text.USB_DeviceGetClassReceiveBuffer
                0x0000000000006994       0x38 ./sources/video_camera.o
                0x0000000000006994                USB_DeviceGetClassReceiveBuffer
 .text.USB_DeviceVideoProcessClassVsProbeRequest
                0x00000000000069cc      0x130 ./sources/video_camera.o
 .text.USB_DeviceVideoProcessClassVsCommitRequest
                0x0000000000006afc      0x114 ./sources/video_camera.o
 .text.USB_DeviceVideoProcessClassVsStillProbeRequest
                0x0000000000006c10      0x110 ./sources/video_camera.o
 .text.USB_DeviceVideoProcessClassVsStillCommitRequest
                0x0000000000006d20       0xf0 ./sources/video_camera.o
 .text.USB_DeviceVideoProcessClassVsStillImageTriggerRequest
                0x0000000000006e10       0x74 ./sources/video_camera.o
 .text.USB_DeviceVideoProcessClassVsRequest
                0x0000000000006e84       0xb8 ./sources/video_camera.o
 .text.USB_DeviceProcessClassVcInterfaceRequest
                0x0000000000006f3c       0x2c ./sources/video_camera.o
 .text.USB_DeviceProcessClassVcCameraTerminalRequest
                0x0000000000006f68       0x8c ./sources/video_camera.o
 .text.USB_DeviceProcessClassVcInputTerminalRequest
                0x0000000000006ff4       0x2c ./sources/video_camera.o
 .text.USB_DeviceProcessClassVcOutputTerminalRequest
                0x0000000000007020       0x20 ./sources/video_camera.o
 .text.USB_DeviceProcessClassVcProcessingUintRequest
                0x0000000000007040       0x88 ./sources/video_camera.o
 .text.USB_DeviceProcessClassVcRequest
                0x00000000000070c8       0x84 ./sources/video_camera.o
 .text.USB_DeviceProcessClassRequest
                0x000000000000714c       0x90 ./sources/video_camera.o
                0x000000000000714c                USB_DeviceProcessClassRequest
 .text.USB0_IRQHandler
                0x00000000000071dc       0x14 ./sources/video_camera.o
                0x00000000000071dc                USB0_IRQHandler
 .text.USB_DeviceApplicationInit
                0x00000000000071f0       0x88 ./sources/video_camera.o
 .text.main     0x0000000000007278       0x38 ./sources/video_camera.o
                0x0000000000007278                main
 .text.USB_BmEnterCritical
                0x00000000000072b0       0x28 ./osa/usb_osa_bm.o
                0x00000000000072b0                USB_BmEnterCritical
 .text.USB_BmExitCritical
                0x00000000000072d8       0x30 ./osa/usb_osa_bm.o
                0x00000000000072d8                USB_BmExitCritical
 .text.CLOCK_EnableClock
                0x0000000000007308       0x34 ./drivers/fsl_clock.o
 .text.CLOCK_DisableClock
                0x000000000000733c       0x38 ./drivers/fsl_clock.o
 .text.CLOCK_SetEr32kClock
                0x0000000000007374       0x2c ./drivers/fsl_clock.o
 .text.CLOCK_SetPllFllSelClock
                0x00000000000073a0       0x58 ./drivers/fsl_clock.o
 .text.OSC_SetExtRefClkConfig
                0x00000000000073f8       0x40 ./drivers/fsl_clock.o
 .text.OSC_SetCapLoad
                0x0000000000007438       0x34 ./drivers/fsl_clock.o
 .text.CLOCK_GetMcgExtClkFreq
                0x000000000000746c       0x8c ./drivers/fsl_clock.o
 .text.CLOCK_GetFllExtRefClkFreq
                0x00000000000074f8       0xc8 ./drivers/fsl_clock.o
 .text.CLOCK_GetInternalRefClkSelectFreq
                0x00000000000075c0       0x44 ./drivers/fsl_clock.o
 .text.CLOCK_GetFllRefClkFreq
                0x0000000000007604       0x2c ./drivers/fsl_clock.o
 .text.CLOCK_GetPll0RefFreq
                0x0000000000007630       0x10 ./drivers/fsl_clock.o
 .text.CLOCK_GetOscRangeFromFreq
                0x0000000000007640       0x3c ./drivers/fsl_clock.o
 .text.CLOCK_GetOsc0ErClkUndivFreq
                0x000000000000767c       0x48 ./drivers/fsl_clock.o
                0x000000000000767c                CLOCK_GetOsc0ErClkUndivFreq
 .text.CLOCK_GetOsc0ErClkDivFreq
                0x00000000000076c4       0x58 ./drivers/fsl_clock.o
                0x00000000000076c4                CLOCK_GetOsc0ErClkDivFreq
 .text.CLOCK_GetEr32kClkFreq
                0x000000000000771c       0x80 ./drivers/fsl_clock.o
                0x000000000000771c                CLOCK_GetEr32kClkFreq
 .text.CLOCK_GetPllFllSelClkFreq
                0x000000000000779c       0x84 ./drivers/fsl_clock.o
                0x000000000000779c                CLOCK_GetPllFllSelClkFreq
 .text.CLOCK_GetOsc0ErClkFreq
                0x0000000000007820       0x10 ./drivers/fsl_clock.o
                0x0000000000007820                CLOCK_GetOsc0ErClkFreq
 .text.CLOCK_GetFreq
                0x0000000000007830      0x14c ./drivers/fsl_clock.o
                0x0000000000007830                CLOCK_GetFreq
 .text.CLOCK_SetSimConfig
                0x000000000000797c       0x44 ./drivers/fsl_clock.o
                0x000000000000797c                CLOCK_SetSimConfig
 .text.CLOCK_EnableUsbfs0Clock
                0x00000000000079c0      0x100 ./drivers/fsl_clock.o
                0x00000000000079c0                CLOCK_EnableUsbfs0Clock
 .text.CLOCK_GetOutClkFreq
                0x0000000000007ac0       0x64 ./drivers/fsl_clock.o
                0x0000000000007ac0                CLOCK_GetOutClkFreq
 .text.CLOCK_GetFllFreq
                0x0000000000007b24       0x74 ./drivers/fsl_clock.o
                0x0000000000007b24                CLOCK_GetFllFreq
 .text.CLOCK_GetInternalRefClkFreq
                0x0000000000007b98       0x24 ./drivers/fsl_clock.o
                0x0000000000007b98                CLOCK_GetInternalRefClkFreq
 .text.CLOCK_GetFixedFreqClkFreq
                0x0000000000007bbc       0x30 ./drivers/fsl_clock.o
                0x0000000000007bbc                CLOCK_GetFixedFreqClkFreq
 .text.CLOCK_GetPll0Freq
                0x0000000000007bec       0x5c ./drivers/fsl_clock.o
                0x0000000000007bec                CLOCK_GetPll0Freq
 .text.CLOCK_SetExternalRefClkConfig
                0x0000000000007c48       0x90 ./drivers/fsl_clock.o
                0x0000000000007c48                CLOCK_SetExternalRefClkConfig
 .text.CLOCK_SetInternalRefClkConfig
                0x0000000000007cd8      0x104 ./drivers/fsl_clock.o
                0x0000000000007cd8                CLOCK_SetInternalRefClkConfig
 .text.CLOCK_EnablePll0
                0x0000000000007ddc       0x94 ./drivers/fsl_clock.o
                0x0000000000007ddc                CLOCK_EnablePll0
 .text.CLOCK_InitOsc0
                0x0000000000007e70       0x8c ./drivers/fsl_clock.o
                0x0000000000007e70                CLOCK_InitOsc0
 .text.CLOCK_SetPbeMode
                0x0000000000007efc       0x98 ./drivers/fsl_clock.o
                0x0000000000007efc                CLOCK_SetPbeMode
 .text.CLOCK_BootToPeeMode
                0x0000000000007f94       0x74 ./drivers/fsl_clock.o
                0x0000000000007f94                CLOCK_BootToPeeMode
 .text.__assert_func
                0x0000000000008008       0x28 ./drivers/fsl_common.o
                0x0000000000008008                __assert_func
 .text.CLOCK_EnableClock
                0x0000000000008030       0x34 ./drivers/fsl_dmamux.o
 .text.DMAMUX_GetInstance
                0x0000000000008064       0x50 ./drivers/fsl_dmamux.o
 .text.DMAMUX_Init
                0x00000000000080b4       0x20 ./drivers/fsl_dmamux.o
                0x00000000000080b4                DMAMUX_Init
 .text.CLOCK_EnableClock
                0x00000000000080d4       0x34 ./drivers/fsl_edma.o
 .text.EDMA_GetInstance
                0x0000000000008108       0x50 ./drivers/fsl_edma.o
 .text.EDMA_Init
                0x0000000000008158       0x8c ./drivers/fsl_edma.o
                0x0000000000008158                EDMA_Init
 .text.EDMA_GetDefaultConfig
                0x00000000000081e4       0x44 ./drivers/fsl_edma.o
                0x00000000000081e4                EDMA_GetDefaultConfig
 .text.EDMA_SetModulo
                0x0000000000008228       0x78 ./drivers/fsl_edma.o
                0x0000000000008228                EDMA_SetModulo
 .text.EDMA_GetChannelStatusFlags
                0x00000000000082a0       0x84 ./drivers/fsl_edma.o
                0x00000000000082a0                EDMA_GetChannelStatusFlags
 .text.EDMA_ClearChannelStatusFlags
                0x0000000000008324       0x68 ./drivers/fsl_edma.o
                0x0000000000008324                EDMA_ClearChannelStatusFlags
 .text.EDMA_HandleIRQ
                0x000000000000838c      0x154 ./drivers/fsl_edma.o
                0x000000000000838c                EDMA_HandleIRQ
 .text.DMA0_DMA16_IRQHandler
                0x00000000000084e0       0x48 ./drivers/fsl_edma.o
                0x00000000000084e0                DMA0_DMA16_IRQHandler
 .text.DMA1_DMA17_IRQHandler
                0x0000000000008528       0x48 ./drivers/fsl_edma.o
                0x0000000000008528                DMA1_DMA17_IRQHandler
 .text.DMA2_DMA18_IRQHandler
                0x0000000000008570       0x48 ./drivers/fsl_edma.o
                0x0000000000008570                DMA2_DMA18_IRQHandler
 .text.DMA3_DMA19_IRQHandler
                0x00000000000085b8       0x48 ./drivers/fsl_edma.o
                0x00000000000085b8                DMA3_DMA19_IRQHandler
 .text.DMA4_DMA20_IRQHandler
                0x0000000000008600       0x48 ./drivers/fsl_edma.o
                0x0000000000008600                DMA4_DMA20_IRQHandler
 .text.DMA5_DMA21_IRQHandler
                0x0000000000008648       0x48 ./drivers/fsl_edma.o
                0x0000000000008648                DMA5_DMA21_IRQHandler
 .text.DMA6_DMA22_IRQHandler
                0x0000000000008690       0x48 ./drivers/fsl_edma.o
                0x0000000000008690                DMA6_DMA22_IRQHandler
 .text.DMA7_DMA23_IRQHandler
                0x00000000000086d8       0x48 ./drivers/fsl_edma.o
                0x00000000000086d8                DMA7_DMA23_IRQHandler
 .text.DMA8_DMA24_IRQHandler
                0x0000000000008720       0x48 ./drivers/fsl_edma.o
                0x0000000000008720                DMA8_DMA24_IRQHandler
 .text.DMA9_DMA25_IRQHandler
                0x0000000000008768       0x48 ./drivers/fsl_edma.o
                0x0000000000008768                DMA9_DMA25_IRQHandler
 .text.DMA10_DMA26_IRQHandler
                0x00000000000087b0       0x48 ./drivers/fsl_edma.o
                0x00000000000087b0                DMA10_DMA26_IRQHandler
 .text.DMA11_DMA27_IRQHandler
                0x00000000000087f8       0x48 ./drivers/fsl_edma.o
                0x00000000000087f8                DMA11_DMA27_IRQHandler
 .text.DMA12_DMA28_IRQHandler
                0x0000000000008840       0x48 ./drivers/fsl_edma.o
                0x0000000000008840                DMA12_DMA28_IRQHandler
 .text.DMA13_DMA29_IRQHandler
                0x0000000000008888       0x48 ./drivers/fsl_edma.o
                0x0000000000008888                DMA13_DMA29_IRQHandler
 .text.DMA14_DMA30_IRQHandler
                0x00000000000088d0       0x48 ./drivers/fsl_edma.o
                0x00000000000088d0                DMA14_DMA30_IRQHandler
 .text.DMA15_DMA31_IRQHandler
                0x0000000000008918       0x48 ./drivers/fsl_edma.o
                0x0000000000008918                DMA15_DMA31_IRQHandler
 .text.FLEXIO_Reset
                0x0000000000008960       0x24 ./drivers/fsl_flexio.o
                0x0000000000008960                FLEXIO_Reset
 .text.FLEXIO_GetShifterBufferAddress
                0x0000000000008984       0xd0 ./drivers/fsl_flexio.o
                0x0000000000008984                FLEXIO_GetShifterBufferAddress
 .text.FLEXIO_SetShifterConfig
                0x0000000000008a54       0x9c ./drivers/fsl_flexio.o
                0x0000000000008a54                FLEXIO_SetShifterConfig
 .text.FLEXIO_SetTimerConfig
                0x0000000000008af0       0xe4 ./drivers/fsl_flexio.o
                0x0000000000008af0                FLEXIO_SetTimerConfig
 .text.FLEXIO_CommonIRQHandler
                0x0000000000008bd4       0x54 ./drivers/fsl_flexio.o
                0x0000000000008bd4                FLEXIO_CommonIRQHandler
 .text.FLEXIO0_DriverIRQHandler
                0x0000000000008c28        0xc ./drivers/fsl_flexio.o
                0x0000000000008c28                FLEXIO0_DriverIRQHandler
 .text.CLOCK_EnableClock
                0x0000000000008c34       0x34 ./drivers/fsl_flexio_camera.o
 .text.FLEXIO_ClearShifterStatusFlags
                0x0000000000008c68       0x1c ./drivers/fsl_flexio_camera.o
 .text.FLEXIO_ClearShifterErrorFlags
                0x0000000000008c84       0x1c ./drivers/fsl_flexio_camera.o
 .text.FLEXIO_ClearTimerStatusFlags
                0x0000000000008ca0       0x1c ./drivers/fsl_flexio_camera.o
 .text.FLEXIO_CAMERA_GetDefaultConfig
                0x0000000000008cbc       0x44 ./drivers/fsl_flexio_camera.o
                0x0000000000008cbc                FLEXIO_CAMERA_GetDefaultConfig
 .text.FLEXIO_CAMERA_Init
                0x0000000000008d00      0x1d8 ./drivers/fsl_flexio_camera.o
                0x0000000000008d00                FLEXIO_CAMERA_Init
 .text.FLEXIO_CAMERA_ClearStatusFlags
                0x0000000000008ed8       0x64 ./drivers/fsl_flexio_camera.o
                0x0000000000008ed8                FLEXIO_CAMERA_ClearStatusFlags
 .text.GPIO_WritePinOutput
                0x0000000000008f3c       0x3c ./drivers/fsl_gpio.o
 .text.GPIO_PinInit
                0x0000000000008f78       0x70 ./drivers/fsl_gpio.o
                0x0000000000008f78                GPIO_PinInit
 .text.CLOCK_EnableClock
                0x0000000000008fe8       0x34 ./drivers/fsl_i2c.o
 .text.I2C_MasterClearStatusFlags
                0x000000000000901c       0x58 ./drivers/fsl_i2c.o
 .text.I2C_GetInstance
                0x0000000000009074       0x58 ./drivers/fsl_i2c.o
                0x0000000000009074                I2C_GetInstance
 .text.I2C_TransferCommonIRQHandler
                0x00000000000090cc       0x4c ./drivers/fsl_i2c.o
 .text.I2C_MasterInit
                0x0000000000009118       0xe8 ./drivers/fsl_i2c.o
                0x0000000000009118                I2C_MasterInit
 .text.I2C_MasterGetDefaultConfig
                0x0000000000009200       0x50 ./drivers/fsl_i2c.o
                0x0000000000009200                I2C_MasterGetDefaultConfig
 .text.I2C_MasterSetBaudRate
                0x0000000000009250       0xd8 ./drivers/fsl_i2c.o
                0x0000000000009250                I2C_MasterSetBaudRate
 .text.I2C_MasterStart
                0x0000000000009328       0x74 ./drivers/fsl_i2c.o
                0x0000000000009328                I2C_MasterStart
 .text.I2C_MasterStop
                0x000000000000939c       0x58 ./drivers/fsl_i2c.o
                0x000000000000939c                I2C_MasterStop
 .text.I2C_MasterGetStatusFlags
                0x00000000000093f4       0x4c ./drivers/fsl_i2c.o
                0x00000000000093f4                I2C_MasterGetStatusFlags
 .text.I2C_MasterWriteBlocking
                0x0000000000009440       0xb0 ./drivers/fsl_i2c.o
                0x0000000000009440                I2C_MasterWriteBlocking
 .text.I2C_MasterReadBlocking
                0x00000000000094f0       0xc0 ./drivers/fsl_i2c.o
                0x00000000000094f0                I2C_MasterReadBlocking
 .text.I2C0_DriverIRQHandler
                0x00000000000095b0       0x1c ./drivers/fsl_i2c.o
                0x00000000000095b0                I2C0_DriverIRQHandler
 .text.I2C1_DriverIRQHandler
                0x00000000000095cc       0x1c ./drivers/fsl_i2c.o
                0x00000000000095cc                I2C1_DriverIRQHandler
 .text.I2C2_DriverIRQHandler
                0x00000000000095e8       0x1c ./drivers/fsl_i2c.o
                0x00000000000095e8                I2C2_DriverIRQHandler
 .text.I2C3_DriverIRQHandler
                0x0000000000009604       0x1c ./drivers/fsl_i2c.o
                0x0000000000009604                I2C3_DriverIRQHandler
 .text.CLOCK_EnableClock
                0x0000000000009620       0x34 ./drivers/fsl_lpuart.o
 .text.LPUART_GetInstance
                0x0000000000009654       0x58 ./drivers/fsl_lpuart.o
                0x0000000000009654                LPUART_GetInstance
 .text.LPUART_Init
                0x00000000000096ac      0x2e8 ./drivers/fsl_lpuart.o
                0x00000000000096ac                LPUART_Init
 .text.LPUART_GetDefaultConfig
                0x0000000000009994       0x5c ./drivers/fsl_lpuart.o
                0x0000000000009994                LPUART_GetDefaultConfig
 .text.LPUART_GetStatusFlags
                0x00000000000099f0       0x2c ./drivers/fsl_lpuart.o
                0x00000000000099f0                LPUART_GetStatusFlags
 .text.LPUART_ClearStatusFlags
                0x0000000000009a1c       0x94 ./drivers/fsl_lpuart.o
                0x0000000000009a1c                LPUART_ClearStatusFlags
 .text.LPUART_WriteBlocking
                0x0000000000009ab0       0x40 ./drivers/fsl_lpuart.o
                0x0000000000009ab0                LPUART_WriteBlocking
 .text.LPUART_ReadBlocking
                0x0000000000009af0       0xac ./drivers/fsl_lpuart.o
                0x0000000000009af0                LPUART_ReadBlocking
 .text.LPUART0_DriverIRQHandler
                0x0000000000009b9c       0x20 ./drivers/fsl_lpuart.o
                0x0000000000009b9c                LPUART0_DriverIRQHandler
 .text.LPUART1_DriverIRQHandler
                0x0000000000009bbc       0x20 ./drivers/fsl_lpuart.o
                0x0000000000009bbc                LPUART1_DriverIRQHandler
 .text.LPUART2_DriverIRQHandler
                0x0000000000009bdc       0x20 ./drivers/fsl_lpuart.o
                0x0000000000009bdc                LPUART2_DriverIRQHandler
 .text.LPUART3_DriverIRQHandler
                0x0000000000009bfc       0x20 ./drivers/fsl_lpuart.o
                0x0000000000009bfc                LPUART3_DriverIRQHandler
 .text.LPUART4_DriverIRQHandler
                0x0000000000009c1c       0x20 ./drivers/fsl_lpuart.o
                0x0000000000009c1c                LPUART4_DriverIRQHandler
 .text.CLOCK_SetLpuartClock
                0x0000000000009c3c       0x38 ./board/board.o
 .text.BOARD_InitDebugConsole
                0x0000000000009c74       0x2c ./board/board.o
                0x0000000000009c74                BOARD_InitDebugConsole
 .text.CLOCK_SetXtal0Freq
                0x0000000000009ca0       0x1c ./board/clock_config.o
 .text.CLOCK_SetSimSafeDivs
                0x0000000000009cbc       0x20 ./board/clock_config.o
 .text.BOARD_BootClockRUN
                0x0000000000009cdc       0x58 ./board/clock_config.o
                0x0000000000009cdc                BOARD_BootClockRUN
 .text.CLOCK_EnableClock
                0x0000000000009d34       0x34 ./board/pin_mux.o
 .text.PORT_SetPinConfig
                0x0000000000009d68       0x44 ./board/pin_mux.o
 .text.PORT_SetPinMux
                0x0000000000009dac       0x38 ./board/pin_mux.o
 .text.PORT_SetPinInterruptConfig
                0x0000000000009de4       0x38 ./board/pin_mux.o
 .text.BOARD_InitPins
                0x0000000000009e1c      0x170 ./board/pin_mux.o
                0x0000000000009e1c                BOARD_InitPins
 .text.modf     0x0000000000009f8c       0xa4 /Applications/KDS_v3.app/Contents/toolchain/bin/../lib/gcc/arm-none-eabi/4.8.4/../../../../arm-none-eabi/lib/armv7e-m/fpu/libm.a(lib_a-s_modf.o)
                0x0000000000009f8c                modf
 .text.pow      0x000000000000a030      0x340 /Applications/KDS_v3.app/Contents/toolchain/bin/../lib/gcc/arm-none-eabi/4.8.4/../../../../arm-none-eabi/lib/armv7e-m/fpu/libm.a(lib_a-w_pow.o)
                0x000000000000a030                pow
 .text.__ieee754_pow
                0x000000000000a370      0xae8 /Applications/KDS_v3.app/Contents/toolchain/bin/../lib/gcc/arm-none-eabi/4.8.4/../../../../arm-none-eabi/lib/armv7e-m/fpu/libm.a(lib_a-e_pow.o)
                0x000000000000a370                __ieee754_pow
 .text.__ieee754_sqrt
                0x000000000000ae58      0x198 /Applications/KDS_v3.app/Contents/toolchain/bin/../lib/gcc/arm-none-eabi/4.8.4/../../../../arm-none-eabi/lib/armv7e-m/fpu/libm.a(lib_a-e_sqrt.o)
                0x000000000000ae58                __ieee754_sqrt
 .text.fabs     0x000000000000aff0       0x14 /Applications/KDS_v3.app/Contents/toolchain/bin/../lib/gcc/arm-none-eabi/4.8.4/../../../../arm-none-eabi/lib/armv7e-m/fpu/libm.a(lib_a-s_fabs.o)
                0x000000000000aff0                fabs
 .text.finite   0x000000000000b004       0x10 /Applications/KDS_v3.app/Contents/toolchain/bin/../lib/gcc/arm-none-eabi/4.8.4/../../../../arm-none-eabi/lib/armv7e-m/fpu/libm.a(lib_a-s_finite.o)
                0x000000000000b004                finite
 .text.__fpclassifyd
                0x000000000000b014       0x54 /Applications/KDS_v3.app/Contents/toolchain/bin/../lib/gcc/arm-none-eabi/4.8.4/../../../../arm-none-eabi/lib/armv7e-m/fpu/libm.a(lib_a-s_fpclassify.o)
                0x000000000000b014                __fpclassifyd
 .text.matherr  0x000000000000b068        0x4 /Applications/KDS_v3.app/Contents/toolchain/bin/../lib/gcc/arm-none-eabi/4.8.4/../../../../arm-none-eabi/lib/armv7e-m/fpu/libm.a(lib_a-s_matherr.o)
                0x000000000000b068                matherr
 *fill*         0x000000000000b06c        0x4 
 .text.nan      0x000000000000b070       0x10 /Applications/KDS_v3.app/Contents/toolchain/bin/../lib/gcc/arm-none-eabi/4.8.4/../../../../arm-none-eabi/lib/armv7e-m/fpu/libm.a(lib_a-s_nan.o)
                0x000000000000b070                nan
 .text.rint     0x000000000000b080      0x120 /Applications/KDS_v3.app/Contents/toolchain/bin/../lib/gcc/arm-none-eabi/4.8.4/../../../../arm-none-eabi/lib/armv7e-m/fpu/libm.a(lib_a-s_rint.o)
                0x000000000000b080                rint
 .text.scalbn   0x000000000000b1a0      0x120 /Applications/KDS_v3.app/Contents/toolchain/bin/../lib/gcc/arm-none-eabi/4.8.4/../../../../arm-none-eabi/lib/armv7e-m/fpu/libm.a(lib_a-s_scalbn.o)
                0x000000000000b1a0                scalbn
 .text.copysign
                0x000000000000b2c0       0x24 /Applications/KDS_v3.app/Contents/toolchain/bin/../lib/gcc/arm-none-eabi/4.8.4/../../../../arm-none-eabi/lib/armv7e-m/fpu/libm.a(lib_a-s_copysign.o)
                0x000000000000b2c0                copysign
 .text.__errno  0x000000000000b2e4        0xc /Applications/KDS_v3.app/Contents/toolchain/bin/../lib/gcc/arm-none-eabi/4.8.4/../../../../arm-none-eabi/lib/armv7e-m/fpu/libg_s.a(lib_a-errno.o)
                0x000000000000b2e4                __errno
 .text.exit     0x000000000000b2f0       0x28 /Applications/KDS_v3.app/Contents/toolchain/bin/../lib/gcc/arm-none-eabi/4.8.4/../../../../arm-none-eabi/lib/armv7e-m/fpu/libg_s.a(lib_a-exit.o)
                0x000000000000b2f0                exit
 .text.__libc_init_array
                0x000000000000b318       0x4c /Applications/KDS_v3.app/Contents/toolchain/bin/../lib/gcc/arm-none-eabi/4.8.4/../../../../arm-none-eabi/lib/armv7e-m/fpu/libg_s.a(lib_a-init.o)
                0x000000000000b318                __libc_init_array
 .text.memset   0x000000000000b364       0x10 /Applications/KDS_v3.app/Contents/toolchain/bin/../lib/gcc/arm-none-eabi/4.8.4/../../../../arm-none-eabi/lib/armv7e-m/fpu/libg_s.a(lib_a-memset.o)
                0x000000000000b364                memset
 .text.strlen   0x000000000000b374       0x10 /Applications/KDS_v3.app/Contents/toolchain/bin/../lib/gcc/arm-none-eabi/4.8.4/../../../../arm-none-eabi/lib/armv7e-m/fpu/libg_s.a(lib_a-strlen.o)
                0x000000000000b374                strlen
 .text._exit    0x000000000000b384        0x4 /Applications/KDS_v3.app/Contents/toolchain/bin/../lib/gcc/arm-none-eabi/4.8.4/../../../../arm-none-eabi/lib/armv7e-m/fpu/libnosys.a(_exit.o)
                0x000000000000b384                _exit
 *(.rodata)
 .rodata        0x000000000000b388      0x1a8 ./sources/flexio_ov7670.o
 .rodata        0x000000000000b530       0x8c ./sources/video_camera.o
 .rodata        0x000000000000b5bc       0x94 ./drivers/fsl_clock.o
 .rodata        0x000000000000b650       0x40 ./drivers/fsl_common.o
 .rodata        0x000000000000b690       0x98 ./drivers/fsl_dmamux.o
 .rodata        0x000000000000b728      0x290 ./drivers/fsl_edma.o
 .rodata        0x000000000000b9b8       0xb0 ./drivers/fsl_flexio.o
 .rodata        0x000000000000ba68       0x90 ./drivers/fsl_flexio_camera.o
 .rodata        0x000000000000baf8       0xa0 ./drivers/fsl_gpio.o
 .rodata        0x000000000000bb98      0x124 ./drivers/fsl_i2c.o
 .rodata        0x000000000000bcbc      0x128 ./drivers/fsl_lpuart.o
 .rodata        0x000000000000bde4       0x44 ./board/pin_mux.o
 *(.rodata*)
 .rodata.s_UsbDeviceKhciInterface
                0x000000000000be28       0x18 ./usb/device/source/usb_device_dci.o
 .rodata.__func__.8310
                0x000000000000be40       0x1c ./sources/flexio_ov7670.o
 .rodata.__func__.7651
                0x000000000000be5c       0x14 ./sources/flexio_ov7670.o
 .rodata.__func__.7576
                0x000000000000be70       0x1c ./sources/flexio_ov7670.o
 .rodata.__func__.7640
                0x000000000000be8c       0x18 ./sources/flexio_ov7670.o
 .rodata.s_UsbDeviceStandardRequest
                0x000000000000bea4       0x34 ./sources/usb_device_ch9.o
 .rodata.__func__.6621
                0x000000000000bed8       0x18 ./drivers/fsl_clock.o
 .rodata.__func__.6666
                0x000000000000bef0       0x1c ./drivers/fsl_clock.o
 .rodata.__func__.6670
                0x000000000000bf0c       0x1c ./drivers/fsl_clock.o
 .rodata.__func__.6678
                0x000000000000bf28       0x18 ./drivers/fsl_clock.o
 .rodata.fllFactorTable.6757
                0x000000000000bf40       0x10 ./drivers/fsl_clock.o
 .rodata.__func__.6819
                0x000000000000bf50       0x14 ./drivers/fsl_clock.o
 .rodata.__func__.7015
                0x000000000000bf64       0x14 ./drivers/fsl_clock.o
 .rodata.__func__.6631
                0x000000000000bf78       0x14 ./drivers/fsl_dmamux.o
 .rodata.__func__.6897
                0x000000000000bf8c       0x14 ./drivers/fsl_edma.o
 .rodata.__func__.6908
                0x000000000000bfa0        0xc ./drivers/fsl_edma.o
 .rodata.__func__.6916
                0x000000000000bfac       0x18 ./drivers/fsl_edma.o
 .rodata.__func__.6955
                0x000000000000bfc4       0x10 ./drivers/fsl_edma.o
 .rodata.__func__.7021
                0x000000000000bfd4       0x1c ./drivers/fsl_edma.o
 .rodata.__func__.7028
                0x000000000000bff0       0x20 ./drivers/fsl_edma.o
 .rodata.__func__.7107
                0x000000000000c010       0x10 ./drivers/fsl_edma.o
 .rodata.__func__.6848
                0x000000000000c020       0x20 ./drivers/fsl_flexio.o
 .rodata.__func__.6880
                0x000000000000c040       0x20 ./drivers/fsl_flexio_camera.o
 .rodata.__func__.6885
                0x000000000000c060       0x14 ./drivers/fsl_flexio_camera.o
 .rodata.__func__.6645
                0x000000000000c074       0x10 ./drivers/fsl_gpio.o
 .rodata.s_i2cDividerTable
                0x000000000000c084       0x80 ./drivers/fsl_i2c.o
                0x000000000000c084                s_i2cDividerTable
 .rodata.s_i2cBases
                0x000000000000c104       0x10 ./drivers/fsl_i2c.o
 .rodata.s_i2cClocks
                0x000000000000c114       0x10 ./drivers/fsl_i2c.o
                0x000000000000c114                s_i2cClocks
 .rodata.__func__.6847
                0x000000000000c124       0x10 ./drivers/fsl_i2c.o
 .rodata.__func__.6888
                0x000000000000c134       0x10 ./drivers/fsl_i2c.o
 .rodata.__func__.6897
                0x000000000000c144       0x1c ./drivers/fsl_i2c.o
 .rodata.s_lpuartBases
                0x000000000000c160       0x14 ./drivers/fsl_lpuart.o
 .rodata.s_lpuartClock
                0x000000000000c174       0x14 ./drivers/fsl_lpuart.o
 .rodata.__func__.6815
                0x000000000000c188       0x14 ./drivers/fsl_lpuart.o
 .rodata.__func__.6849
                0x000000000000c19c        0xc ./drivers/fsl_lpuart.o
 .rodata.__func__.6874
                0x000000000000c1a8       0x18 ./drivers/fsl_lpuart.o
 .rodata.g_defaultClockConfigRun
                0x000000000000c1c0       0x20 ./board/clock_config.o
                0x000000000000c1c0                g_defaultClockConfigRun
 .rodata.__func__.6656
                0x000000000000c1e0       0x14 ./board/pin_mux.o
 .rodata.str1.4
                0x000000000000c1f4        0x4 /Applications/KDS_v3.app/Contents/toolchain/bin/../lib/gcc/arm-none-eabi/4.8.4/../../../../arm-none-eabi/lib/armv7e-m/fpu/libm.a(lib_a-w_pow.o)
 .rodata.dp_h   0x000000000000c1f8       0x10 /Applications/KDS_v3.app/Contents/toolchain/bin/../lib/gcc/arm-none-eabi/4.8.4/../../../../arm-none-eabi/lib/armv7e-m/fpu/libm.a(lib_a-e_pow.o)
 .rodata.dp_l   0x000000000000c208       0x10 /Applications/KDS_v3.app/Contents/toolchain/bin/../lib/gcc/arm-none-eabi/4.8.4/../../../../arm-none-eabi/lib/armv7e-m/fpu/libm.a(lib_a-e_pow.o)
 .rodata.bp     0x000000000000c218       0x10 /Applications/KDS_v3.app/Contents/toolchain/bin/../lib/gcc/arm-none-eabi/4.8.4/../../../../arm-none-eabi/lib/armv7e-m/fpu/libm.a(lib_a-e_pow.o)
 .rodata.str1.4
                0x000000000000c228        0x4 /Applications/KDS_v3.app/Contents/toolchain/bin/../lib/gcc/arm-none-eabi/4.8.4/../../../../arm-none-eabi/lib/armv7e-m/fpu/libm.a(lib_a-e_pow.o)
 *fill*         0x000000000000c22c        0x4 
 .rodata.TWO52  0x000000000000c230       0x10 /Applications/KDS_v3.app/Contents/toolchain/bin/../lib/gcc/arm-none-eabi/4.8.4/../../../../arm-none-eabi/lib/armv7e-m/fpu/libm.a(lib_a-s_rint.o)
 .rodata.str1.1
                0x000000000000c240        0x2 /Applications/KDS_v3.app/Contents/toolchain/bin/../lib/gcc/arm-none-eabi/4.8.4/../../../../arm-none-eabi/lib/armv7e-m/fpu/libg_s.a(lib_a-impure.o)
 *fill*         0x000000000000c242        0x2 
 .rodata._global_impure_ptr
                0x000000000000c244        0x4 /Applications/KDS_v3.app/Contents/toolchain/bin/../lib/gcc/arm-none-eabi/4.8.4/../../../../arm-none-eabi/lib/armv7e-m/fpu/libg_s.a(lib_a-impure.o)
                0x000000000000c244                _global_impure_ptr
 *(.glue_7)
 .glue_7        0x0000000000000000        0x0 linker stubs
 *(.glue_7t)
 .glue_7t       0x0000000000000000        0x0 linker stubs
 *(.eh_frame)
 .eh_frame      0x000000000000c248        0x0 /Applications/KDS_v3.app/Contents/toolchain/bin/../lib/gcc/arm-none-eabi/4.8.4/armv7e-m/fpu/crtbegin.o
 *(.init)
 .init          0x000000000000c248        0x4 /Applications/KDS_v3.app/Contents/toolchain/bin/../lib/gcc/arm-none-eabi/4.8.4/armv7e-m/fpu/crti.o
                0x000000000000c248                _init
 .init          0x000000000000c24c        0x8 /Applications/KDS_v3.app/Contents/toolchain/bin/../lib/gcc/arm-none-eabi/4.8.4/armv7e-m/fpu/crtn.o
 *(.fini)
 .fini          0x000000000000c254        0x4 /Applications/KDS_v3.app/Contents/toolchain/bin/../lib/gcc/arm-none-eabi/4.8.4/armv7e-m/fpu/crti.o
                0x000000000000c254                _fini
 .fini          0x000000000000c258        0x8 /Applications/KDS_v3.app/Contents/toolchain/bin/../lib/gcc/arm-none-eabi/4.8.4/armv7e-m/fpu/crtn.o
                0x000000000000c260                . = ALIGN (0x4)

.vfp11_veneer   0x000000000000c260        0x0
 .vfp11_veneer  0x0000000000000000        0x0 linker stubs

.v4_bx          0x000000000000c260        0x0
 .v4_bx         0x0000000000000000        0x0 linker stubs

.iplt           0x000000000000c260        0x0
 .iplt          0x0000000000000000        0x0 /Applications/KDS_v3.app/Contents/toolchain/bin/../lib/gcc/arm-none-eabi/4.8.4/armv7e-m/fpu/crtbegin.o

.ARM.extab
 *(.ARM.extab* .gnu.linkonce.armextab.*)

.ARM            0x000000000000c260        0x8
                0x000000000000c260                __exidx_start = .
 *(.ARM.exidx*)
 .ARM.exidx     0x000000000000c260        0x8 /Applications/KDS_v3.app/Contents/toolchain/bin/../lib/gcc/arm-none-eabi/4.8.4/../../../../arm-none-eabi/lib/armv7e-m/fpu/crt0.o
 .ARM.exidx     0x000000000000c268        0x0 /Applications/KDS_v3.app/Contents/toolchain/bin/../lib/gcc/arm-none-eabi/4.8.4/armv7e-m/fpu/libgcc.a(_divdi3.o)
                                          0x8 (size before relaxing)
 .ARM.exidx     0x000000000000c268        0x0 /Applications/KDS_v3.app/Contents/toolchain/bin/../lib/gcc/arm-none-eabi/4.8.4/armv7e-m/fpu/libgcc.a(_udivdi3.o)
                                          0x8 (size before relaxing)
                0x000000000000c268                __exidx_end = .

.rel.dyn        0x000000000000c268        0x0
 .rel.iplt      0x0000000000000000        0x0 /Applications/KDS_v3.app/Contents/toolchain/bin/../lib/gcc/arm-none-eabi/4.8.4/armv7e-m/fpu/crtbegin.o

.ctors          0x000000000000c268        0x0
                0x000000000000c268                __CTOR_LIST__ = .
 *crtbegin.o(.ctors)
 *crtbegin?.o(.ctors)
 *(EXCLUDE_FILE(*crtend.o *crtend?.o) .ctors)
 *(SORT(.ctors.*))
 *(.ctors)
                0x000000000000c268                __CTOR_END__ = .

.dtors          0x000000000000c268        0x0
                0x000000000000c268                __DTOR_LIST__ = .
 *crtbegin.o(.dtors)
 *crtbegin?.o(.dtors)
 *(EXCLUDE_FILE(*crtend.o *crtend?.o) .dtors)
 *(SORT(.dtors.*))
 *(.dtors)
                0x000000000000c268                __DTOR_END__ = .

.preinit_array  0x000000000000c268        0x0
                0x000000000000c268                PROVIDE (__preinit_array_start, .)
 *(.preinit_array*)
                0x000000000000c268                PROVIDE (__preinit_array_end, .)

.init_array     0x000000000000c268        0x4
                0x000000000000c268                PROVIDE (__init_array_start, .)
 *(SORT(.init_array.*))
 *(.init_array*)
 .init_array    0x000000000000c268        0x4 /Applications/KDS_v3.app/Contents/toolchain/bin/../lib/gcc/arm-none-eabi/4.8.4/armv7e-m/fpu/crtbegin.o
                0x000000000000c26c                PROVIDE (__init_array_end, .)

.fini_array     0x000000000000c26c        0x4
                0x000000000000c26c                PROVIDE (__fini_array_start, .)
 *(SORT(.fini_array.*))
 *(.fini_array*)
 .fini_array    0x000000000000c26c        0x4 /Applications/KDS_v3.app/Contents/toolchain/bin/../lib/gcc/arm-none-eabi/4.8.4/armv7e-m/fpu/crtbegin.o
                0x000000000000c270                PROVIDE (__fini_array_end, .)
                0x000000000000c270                __etext = .
                0x000000000000c270                __DATA_ROM = .

.interrupts_ram
                0x000000001fff0000        0x0
                0x000000001fff0000                . = ALIGN (0x4)
                0x000000001fff0000                __VECTOR_RAM__ = .
                0x000000001fff0000                __interrupts_ram_start__ = .
 *(.m_interrupts_ram)
                0x000000001fff0000                . = (. + M_VECTOR_RAM_SIZE)
                0x000000001fff0000                . = ALIGN (0x4)
                0x000000001fff0000                __interrupts_ram_end__ = .
                0x0000000000000000                __VECTOR_RAM = DEFINED (__ram_vector_table__)?__VECTOR_RAM__:ORIGIN (m_interrupts)
                0x0000000000000000                __RAM_VECTOR_TABLE_SIZE_BYTES = DEFINED (__ram_vector_table__)?(__interrupts_ram_end__ - __interrupts_ram_start__):0x0

.data           0x000000001fff0000      0x2f4 load address 0x000000000000c270
                0x000000001fff0000                . = ALIGN (0x4)
                0x000000001fff0000                __DATA_RAM = .
                0x000000001fff0000                __data_start__ = .
 *(.data)
 *(.data*)
 .data.SystemCoreClock
                0x000000001fff0000        0x4 ./startup/system_MK82F25615.o
                0x000000001fff0000                SystemCoreClock
 .data.OV7670_RESOLUTION_VGA
                0x000000001fff0004        0x8 ./sources/ov7670/ov7670_driver.o
                0x000000001fff0004                OV7670_RESOLUTION_VGA
 .data.OV7670_RESOLUTION_QVGA
                0x000000001fff000c        0x8 ./sources/ov7670/ov7670_driver.o
                0x000000001fff000c                OV7670_RESOLUTION_QVGA
 .data.OV7670_RESOLUTION_QQVGA
                0x000000001fff0014        0x8 ./sources/ov7670/ov7670_driver.o
                0x000000001fff0014                OV7670_RESOLUTION_QQVGA
 .data.OV7670_RESOLUTION_CIF
                0x000000001fff001c        0x8 ./sources/ov7670/ov7670_driver.o
                0x000000001fff001c                OV7670_RESOLUTION_CIF
 .data.OV7670_RESOLUTION_QCIF
                0x000000001fff0024        0x8 ./sources/ov7670/ov7670_driver.o
                0x000000001fff0024                OV7670_RESOLUTION_QCIF
 .data.OV7670_RESOLUTION_QQCIF
                0x000000001fff002c        0x8 ./sources/ov7670/ov7670_driver.o
                0x000000001fff002c                OV7670_RESOLUTION_QQCIF
 .data.OV7670_WINDOW_VGA
                0x000000001fff0034        0x8 ./sources/ov7670/ov7670_driver.o
                0x000000001fff0034                OV7670_WINDOW_VGA
 .data.OV7670_WINDOW_QVGA
                0x000000001fff003c        0x8 ./sources/ov7670/ov7670_driver.o
                0x000000001fff003c                OV7670_WINDOW_QVGA
 .data.OV7670_WINDOW_QQVGA
                0x000000001fff0044        0x8 ./sources/ov7670/ov7670_driver.o
                0x000000001fff0044                OV7670_WINDOW_QQVGA
 .data.OV7670_WINDOW_CIF
                0x000000001fff004c        0x8 ./sources/ov7670/ov7670_driver.o
                0x000000001fff004c                OV7670_WINDOW_CIF
 .data.OV7670_WINDOW_QCIF
                0x000000001fff0054        0x8 ./sources/ov7670/ov7670_driver.o
                0x000000001fff0054                OV7670_WINDOW_QCIF
 .data.OV7670_WINDOW_QQCIF
                0x000000001fff005c        0x8 ./sources/ov7670/ov7670_driver.o
                0x000000001fff005c                OV7670_WINDOW_QQCIF
 .data.OV7670_25FPS_12MHZ_XCLK
                0x000000001fff0064        0x8 ./sources/ov7670/ov7670_driver.o
                0x000000001fff0064                OV7670_25FPS_12MHZ_XCLK
 .data.OV7670_FILTER_25FPS_50HZ
                0x000000001fff006c        0x8 ./sources/ov7670/ov7670_driver.o
                0x000000001fff006c                OV7670_FILTER_25FPS_50HZ
 .data.OV7670_WHITE_BALANCE_SIMPLE
                0x000000001fff0074        0xc ./sources/ov7670/ov7670_driver.o
                0x000000001fff0074                OV7670_WHITE_BALANCE_SIMPLE
 .data.OV7670_LIGHT_MODE_DISABLED
                0x000000001fff0080        0x8 ./sources/ov7670/ov7670_driver.o
                0x000000001fff0080                OV7670_LIGHT_MODE_DISABLED
 .data.OV7670_COLOR_SATURATION_2PLUS
                0x000000001fff0088        0x8 ./sources/ov7670/ov7670_driver.o
                0x000000001fff0088                OV7670_COLOR_SATURATION_2PLUS
 .data.OV7670_SPECIAL_EFFECT_DISABLED
                0x000000001fff0090        0x4 ./sources/ov7670/ov7670_driver.o
                0x000000001fff0090                OV7670_SPECIAL_EFFECT_DISABLED
 .data.OV7670_GAMMA_CURVE_SLOPE_DEFAULT
                0x000000001fff0094       0x10 ./sources/ov7670/ov7670_driver.o
                0x000000001fff0094                OV7670_GAMMA_CURVE_SLOPE_DEFAULT
 .data.s_Ov7670CameraHandler
                0x000000001fff00a4        0x8 ./sources/flexio_ov7670.o
 .data.s_Ov7670CameraConfig
                0x000000001fff00ac       0x14 ./sources/flexio_ov7670.o
 .data.s_FlexioCameraDevice
                0x000000001fff00c0       0x1c ./sources/flexio_ov7670.o
 .data.s_FlexioStartCapture
                0x000000001fff00dc        0x1 ./sources/flexio_ov7670.o
 *fill*         0x000000001fff00dd        0x3 
 .data.g_UsbDeviceDescriptor
                0x000000001fff00e0       0x14 ./sources/usb_device_descriptor.o
                0x000000001fff00e0                g_UsbDeviceDescriptor
 .data.g_UsbDeviceConfigurationDescriptor
                0x000000001fff00f4       0xcc ./sources/usb_device_descriptor.o
                0x000000001fff00f4                g_UsbDeviceConfigurationDescriptor
 .data.g_UsbDeviceString0
                0x000000001fff01c0        0x4 ./sources/usb_device_descriptor.o
                0x000000001fff01c0                g_UsbDeviceString0
 .data.g_UsbDeviceString1
                0x000000001fff01c4       0x3c ./sources/usb_device_descriptor.o
                0x000000001fff01c4                g_UsbDeviceString1
 .data.g_UsbDeviceString2
                0x000000001fff0200       0x18 ./sources/usb_device_descriptor.o
                0x000000001fff0200                g_UsbDeviceString2
 .data.g_UsbDeviceString3
                0x000000001fff0218       0x2c ./sources/usb_device_descriptor.o
                0x000000001fff0218                g_UsbDeviceString3
 .data.g_UsbDeviceStringDescriptorLength
                0x000000001fff0244       0x10 ./sources/usb_device_descriptor.o
                0x000000001fff0244                g_UsbDeviceStringDescriptorLength
 .data.g_UsbDeviceStringDescriptorArray
                0x000000001fff0254       0x10 ./sources/usb_device_descriptor.o
                0x000000001fff0254                g_UsbDeviceStringDescriptorArray
 .data.g_UsbDeviceLanguage
                0x000000001fff0264        0xc ./sources/usb_device_descriptor.o
                0x000000001fff0264                g_UsbDeviceLanguage
 .data.g_UsbDeviceLanguageList
                0x000000001fff0270       0x10 ./sources/usb_device_descriptor.o
                0x000000001fff0270                g_UsbDeviceLanguageList
 .data.s_slowIrcFreq
                0x000000001fff0280        0x4 ./drivers/fsl_clock.o
 .data.s_fastIrcFreq
                0x000000001fff0284        0x4 ./drivers/fsl_clock.o
 .data.__fdlib_version
                0x000000001fff0288        0x1 /Applications/KDS_v3.app/Contents/toolchain/bin/../lib/gcc/arm-none-eabi/4.8.4/../../../../arm-none-eabi/lib/armv7e-m/fpu/libm.a(lib_a-s_lib_ver.o)
                0x000000001fff0288                __fdlib_version
 *fill*         0x000000001fff0289        0x3 
 .data.impure_data
                0x000000001fff028c       0x60 /Applications/KDS_v3.app/Contents/toolchain/bin/../lib/gcc/arm-none-eabi/4.8.4/../../../../arm-none-eabi/lib/armv7e-m/fpu/libg_s.a(lib_a-impure.o)
 .data._impure_ptr
                0x000000001fff02ec        0x4 /Applications/KDS_v3.app/Contents/toolchain/bin/../lib/gcc/arm-none-eabi/4.8.4/../../../../arm-none-eabi/lib/armv7e-m/fpu/libg_s.a(lib_a-impure.o)
                0x000000001fff02ec                _impure_ptr
 *(.jcr*)
 .jcr           0x000000001fff02f0        0x0 /Applications/KDS_v3.app/Contents/toolchain/bin/../lib/gcc/arm-none-eabi/4.8.4/armv7e-m/fpu/crtbegin.o
 .jcr           0x000000001fff02f0        0x4 /Applications/KDS_v3.app/Contents/toolchain/bin/../lib/gcc/arm-none-eabi/4.8.4/armv7e-m/fpu/crtend.o
                0x000000001fff02f4                . = ALIGN (0x4)
                0x000000001fff02f4                __data_end__ = .
                0x000000000000c564                __DATA_END = (__DATA_ROM + (__data_end__ - __data_start__))
                0x0000000000040000                text_end = (ORIGIN (m_text) + 0x3fbf0)
                0x0000000000000001                ASSERT ((__DATA_END <= text_end), region m_text overflowed with text and data)
                0x0000000000000800                USB_RAM_GAP = DEFINED (__usb_ram_size__)?__usb_ram_size__:0x800

.igot.plt       0x000000001fff02f4        0x0 load address 0x000000000000c564
 .igot.plt      0x0000000000000000        0x0 /Applications/KDS_v3.app/Contents/toolchain/bin/../lib/gcc/arm-none-eabi/4.8.4/armv7e-m/fpu/crtbegin.o

.bss            0x0000000020000000    0x13800
                0x0000000020000000                . = ALIGN (0x4)
                0x0000000020000000                __START_BSS = .
                0x0000000020000000                __bss_start__ = .
 *(.bss)
 .bss           0x0000000020000000       0x1c /Applications/KDS_v3.app/Contents/toolchain/bin/../lib/gcc/arm-none-eabi/4.8.4/armv7e-m/fpu/crtbegin.o
 *(.bss*)
 .bss.s_debugConsole
                0x000000002000001c       0x10 ./utilities/fsl_debug_console.o
 .bss.OV7670_FORMAT_YUV422
                0x000000002000002c        0x4 ./sources/ov7670/ov7670_driver.o
                0x000000002000002c                OV7670_FORMAT_YUV422
 .bss.OV7670_NIGHT_MODE_DISABLED
                0x0000000020000030        0x4 ./sources/ov7670/ov7670_driver.o
                0x0000000020000030                OV7670_NIGHT_MODE_DISABLED
 *fill*         0x0000000020000034        0xc 
 .bss.g_FlexioCameraFrameBuffer
                0x0000000020000040    0x12c40 ./sources/flexio_ov7670.o
                0x0000000020000040                g_FlexioCameraFrameBuffer
 .bss.s_TcdMemoryPtrFlexioToFrame
                0x0000000020012c80       0x20 ./sources/flexio_ov7670.o
 .bss.s_FlexioCameraConfig
                0x0000000020012ca0        0x4 ./sources/flexio_ov7670.o
 .bss.s_UsbDeviceStandardRx
                0x0000000020012ca4        0x2 ./sources/usb_device_ch9.o
 .bss.g_UsbDeviceCurrentConfigure
                0x0000000020012ca6        0x1 ./sources/usb_device_descriptor.o
                0x0000000020012ca6                g_UsbDeviceCurrentConfigure
 *fill*         0x0000000020012ca7        0x1 
 .bss.g_UsbDeviceInterface
                0x0000000020012ca8        0x4 ./sources/usb_device_descriptor.o
                0x0000000020012ca8                g_UsbDeviceInterface
 .bss.g_UsbDeviceVideoFlexioCamera
                0x0000000020012cac       0x94 ./sources/video_camera.o
                0x0000000020012cac                g_UsbDeviceVideoFlexioCamera
 .bss.setup.8524
                0x0000000020012d40        0x8 ./sources/video_camera.o
 .bss.setupOut.8540
                0x0000000020012d48       0x24 ./sources/video_camera.o
 .bss.g_xtal0Freq
                0x0000000020012d6c        0x4 ./drivers/fsl_clock.o
                0x0000000020012d6c                g_xtal0Freq
 .bss.g_xtal32Freq
                0x0000000020012d70        0x4 ./drivers/fsl_clock.o
                0x0000000020012d70                g_xtal32Freq
 .bss.s_EDMAHandle
                0x0000000020012d74       0x80 ./drivers/fsl_edma.o
 .bss.s_flexioHandle
                0x0000000020012df4        0x8 ./drivers/fsl_flexio.o
 .bss.s_flexioType
                0x0000000020012dfc        0x8 ./drivers/fsl_flexio.o
 .bss.s_flexioIsr
                0x0000000020012e04        0x8 ./drivers/fsl_flexio.o
 .bss.s_i2cHandle
                0x0000000020012e0c       0x10 ./drivers/fsl_i2c.o
 .bss.s_i2cMasterIsr
                0x0000000020012e1c        0x4 ./drivers/fsl_i2c.o
 .bss.s_i2cSlaveIsr
                0x0000000020012e20        0x4 ./drivers/fsl_i2c.o
 .bss.s_lpuartHandle
                0x0000000020012e24       0x14 ./drivers/fsl_lpuart.o
 .bss.s_lpuartIsr
                0x0000000020012e38        0x4 ./drivers/fsl_lpuart.o
                0x0000000020013000                . = ALIGN (0x200)
 *fill*         0x0000000020012e3c      0x1c4 
                0x0000000020013000                USB_RAM_START = .
                0x0000000020013800                . = (. + USB_RAM_GAP)
 *fill*         0x0000000020013000      0x800 
 *(COMMON)
                0x0000000020013800                . = ALIGN (0x4)
                0x0000000020013800                __bss_end__ = .
                0x0000000020013800                __END_BSS = .

.heap           0x0000000020013800     0x2000
                0x0000000020013800                . = ALIGN (0x8)
                0x0000000020013800                __end__ = .
                0x0000000020013800                PROVIDE (end, .)
                0x0000000020013800                __HeapBase = .
                0x0000000020015800                . = (. + HEAP_SIZE)
 *fill*         0x0000000020013800     0x2000 
                0x0000000020015800                __HeapLimit = .

.stack          0x0000000020015800      0x400
                0x0000000020015800                . = ALIGN (0x8)
                0x0000000020015c00                . = (. + STACK_SIZE)
 *fill*         0x0000000020015800      0x400 

m_usb_bdt       0x0000000020013000      0x200
 *(m_usb_bdt)
 m_usb_bdt      0x0000000020013000      0x200 ./usb/device/source/khci/usb_device_khci.o
                0x0000000020013200                USB_RAM_BDT_END = .

m_usb_global    0x0000000020013200      0x1f0
 *(m_usb_global)
 m_usb_global   0x0000000020013200       0xe4 ./usb/device/source/khci/usb_device_khci.o
 m_usb_global   0x00000000200132e4       0x50 ./usb/device/source/usb_device_dci.o
 m_usb_global   0x0000000020013334       0xbc ./osa/usb_osa_bm.o
                0x0000000020030000                __StackTop = (ORIGIN (m_data_2) + 0x30000)
                0x000000002002fc00                __StackLimit = (__StackTop - STACK_SIZE)
                0x0000000020030000                PROVIDE (__stack, __StackTop)

.ARM.attributes
                0x0000000000000000       0x30
 *(.ARM.attributes)
 .ARM.attributes
                0x0000000000000000       0x22 /Applications/KDS_v3.app/Contents/toolchain/bin/../lib/gcc/arm-none-eabi/4.8.4/armv7e-m/fpu/crti.o
 .ARM.attributes
                0x0000000000000022       0x34 /Applications/KDS_v3.app/Contents/toolchain/bin/../lib/gcc/arm-none-eabi/4.8.4/armv7e-m/fpu/crtbegin.o
 .ARM.attributes
                0x0000000000000056       0x20 /Applications/KDS_v3.app/Contents/toolchain/bin/../lib/gcc/arm-none-eabi/4.8.4/../../../../arm-none-eabi/lib/armv7e-m/fpu/crt0.o
 .ARM.attributes
                0x0000000000000076       0x39 ./utilities/fsl_debug_console.o
 .ARM.attributes
                0x00000000000000af       0x39 ./usb/device/source/khci/usb_device_khci.o
 .ARM.attributes
                0x00000000000000e8       0x39 ./usb/device/source/usb_device_dci.o
 .ARM.attributes
                0x0000000000000121       0x1f ./startup/startup_MK82F25615.o
 .ARM.attributes
                0x0000000000000140       0x39 ./startup/system_MK82F25615.o
 .ARM.attributes
                0x0000000000000179       0x39 ./sources/ov7670/fsl_sccb_master_driver.o
 .ARM.attributes
                0x00000000000001b2       0x39 ./sources/ov7670/ov7670_driver.o
 .ARM.attributes
                0x00000000000001eb       0x39 ./sources/flexio_ov7670.o
 .ARM.attributes
                0x0000000000000224       0x39 ./sources/usb_device_ch9.o
 .ARM.attributes
                0x000000000000025d       0x39 ./sources/usb_device_descriptor.o
 .ARM.attributes
                0x0000000000000296       0x39 ./sources/video_camera.o
 .ARM.attributes
                0x00000000000002cf       0x39 ./osa/usb_osa_bm.o
 .ARM.attributes
                0x0000000000000308       0x39 ./drivers/fsl_clock.o
 .ARM.attributes
                0x0000000000000341       0x39 ./drivers/fsl_common.o
 .ARM.attributes
                0x000000000000037a       0x39 ./drivers/fsl_dmamux.o
 .ARM.attributes
                0x00000000000003b3       0x39 ./drivers/fsl_edma.o
 .ARM.attributes
                0x00000000000003ec       0x39 ./drivers/fsl_flexio.o
 .ARM.attributes
                0x0000000000000425       0x39 ./drivers/fsl_flexio_camera.o
 .ARM.attributes
                0x000000000000045e       0x39 ./drivers/fsl_gpio.o
 .ARM.attributes
                0x0000000000000497       0x39 ./drivers/fsl_i2c.o
 .ARM.attributes
                0x00000000000004d0       0x39 ./drivers/fsl_lpuart.o
 .ARM.attributes
                0x0000000000000509       0x39 ./board/board.o
 .ARM.attributes
                0x0000000000000542       0x39 ./board/clock_config.o
 .ARM.attributes
                0x000000000000057b       0x39 ./board/pin_mux.o
 .ARM.attributes
                0x00000000000005b4       0x34 /Applications/KDS_v3.app/Contents/toolchain/bin/../lib/gcc/arm-none-eabi/4.8.4/../../../../arm-none-eabi/lib/armv7e-m/fpu/libm.a(lib_a-s_modf.o)
 .ARM.attributes
                0x00000000000005e8       0x34 /Applications/KDS_v3.app/Contents/toolchain/bin/../lib/gcc/arm-none-eabi/4.8.4/../../../../arm-none-eabi/lib/armv7e-m/fpu/libm.a(lib_a-w_pow.o)
 .ARM.attributes
                0x000000000000061c       0x34 /Applications/KDS_v3.app/Contents/toolchain/bin/../lib/gcc/arm-none-eabi/4.8.4/../../../../arm-none-eabi/lib/armv7e-m/fpu/libm.a(lib_a-e_pow.o)
 .ARM.attributes
                0x0000000000000650       0x34 /Applications/KDS_v3.app/Contents/toolchain/bin/../lib/gcc/arm-none-eabi/4.8.4/../../../../arm-none-eabi/lib/armv7e-m/fpu/libm.a(lib_a-e_sqrt.o)
 .ARM.attributes
                0x0000000000000684       0x34 /Applications/KDS_v3.app/Contents/toolchain/bin/../lib/gcc/arm-none-eabi/4.8.4/../../../../arm-none-eabi/lib/armv7e-m/fpu/libm.a(lib_a-s_fabs.o)
 .ARM.attributes
                0x00000000000006b8       0x34 /Applications/KDS_v3.app/Contents/toolchain/bin/../lib/gcc/arm-none-eabi/4.8.4/../../../../arm-none-eabi/lib/armv7e-m/fpu/libm.a(lib_a-s_finite.o)
 .ARM.attributes
                0x00000000000006ec       0x34 /Applications/KDS_v3.app/Contents/toolchain/bin/../lib/gcc/arm-none-eabi/4.8.4/../../../../arm-none-eabi/lib/armv7e-m/fpu/libm.a(lib_a-s_fpclassify.o)
 .ARM.attributes
                0x0000000000000720       0x34 /Applications/KDS_v3.app/Contents/toolchain/bin/../lib/gcc/arm-none-eabi/4.8.4/../../../../arm-none-eabi/lib/armv7e-m/fpu/libm.a(lib_a-s_lib_ver.o)
 .ARM.attributes
                0x0000000000000754       0x34 /Applications/KDS_v3.app/Contents/toolchain/bin/../lib/gcc/arm-none-eabi/4.8.4/../../../../arm-none-eabi/lib/armv7e-m/fpu/libm.a(lib_a-s_matherr.o)
 .ARM.attributes
                0x0000000000000788       0x34 /Applications/KDS_v3.app/Contents/toolchain/bin/../lib/gcc/arm-none-eabi/4.8.4/../../../../arm-none-eabi/lib/armv7e-m/fpu/libm.a(lib_a-s_nan.o)
 .ARM.attributes
                0x00000000000007bc       0x34 /Applications/KDS_v3.app/Contents/toolchain/bin/../lib/gcc/arm-none-eabi/4.8.4/../../../../arm-none-eabi/lib/armv7e-m/fpu/libm.a(lib_a-s_rint.o)
 .ARM.attributes
                0x00000000000007f0       0x34 /Applications/KDS_v3.app/Contents/toolchain/bin/../lib/gcc/arm-none-eabi/4.8.4/../../../../arm-none-eabi/lib/armv7e-m/fpu/libm.a(lib_a-s_scalbn.o)
 .ARM.attributes
                0x0000000000000824       0x34 /Applications/KDS_v3.app/Contents/toolchain/bin/../lib/gcc/arm-none-eabi/4.8.4/../../../../arm-none-eabi/lib/armv7e-m/fpu/libm.a(lib_a-s_copysign.o)
 .ARM.attributes
                0x0000000000000858       0x34 /Applications/KDS_v3.app/Contents/toolchain/bin/../lib/gcc/arm-none-eabi/4.8.4/../../../../arm-none-eabi/lib/armv7e-m/fpu/libg_s.a(lib_a-errno.o)
 .ARM.attributes
                0x000000000000088c       0x34 /Applications/KDS_v3.app/Contents/toolchain/bin/../lib/gcc/arm-none-eabi/4.8.4/../../../../arm-none-eabi/lib/armv7e-m/fpu/libg_s.a(lib_a-exit.o)
 .ARM.attributes
                0x00000000000008c0       0x34 /Applications/KDS_v3.app/Contents/toolchain/bin/../lib/gcc/arm-none-eabi/4.8.4/../../../../arm-none-eabi/lib/armv7e-m/fpu/libg_s.a(lib_a-impure.o)
 .ARM.attributes
                0x00000000000008f4       0x34 /Applications/KDS_v3.app/Contents/toolchain/bin/../lib/gcc/arm-none-eabi/4.8.4/../../../../arm-none-eabi/lib/armv7e-m/fpu/libg_s.a(lib_a-init.o)
 .ARM.attributes
                0x0000000000000928       0x34 /Applications/KDS_v3.app/Contents/toolchain/bin/../lib/gcc/arm-none-eabi/4.8.4/../../../../arm-none-eabi/lib/armv7e-m/fpu/libg_s.a(lib_a-memset.o)
 .ARM.attributes
                0x000000000000095c       0x34 /Applications/KDS_v3.app/Contents/toolchain/bin/../lib/gcc/arm-none-eabi/4.8.4/../../../../arm-none-eabi/lib/armv7e-m/fpu/libg_s.a(lib_a-strlen.o)
 .ARM.attributes
                0x0000000000000990       0x22 /Applications/KDS_v3.app/Contents/toolchain/bin/../lib/gcc/arm-none-eabi/4.8.4/armv7e-m/fpu/libgcc.a(_arm_addsubdf3.o)
 .ARM.attributes
                0x00000000000009b2       0x22 /Applications/KDS_v3.app/Contents/toolchain/bin/../lib/gcc/arm-none-eabi/4.8.4/armv7e-m/fpu/libgcc.a(_arm_muldivdf3.o)
 .ARM.attributes
                0x00000000000009d4       0x22 /Applications/KDS_v3.app/Contents/toolchain/bin/../lib/gcc/arm-none-eabi/4.8.4/armv7e-m/fpu/libgcc.a(_arm_cmpdf2.o)
 .ARM.attributes
                0x00000000000009f6       0x22 /Applications/KDS_v3.app/Contents/toolchain/bin/../lib/gcc/arm-none-eabi/4.8.4/armv7e-m/fpu/libgcc.a(_arm_fixdfsi.o)
 .ARM.attributes
                0x0000000000000a18       0x22 /Applications/KDS_v3.app/Contents/toolchain/bin/../lib/gcc/arm-none-eabi/4.8.4/armv7e-m/fpu/libgcc.a(_arm_fixunsdfsi.o)
 .ARM.attributes
                0x0000000000000a3a       0x22 /Applications/KDS_v3.app/Contents/toolchain/bin/../lib/gcc/arm-none-eabi/4.8.4/armv7e-m/fpu/libgcc.a(_aeabi_ldivmod.o)
 .ARM.attributes
                0x0000000000000a5c       0x22 /Applications/KDS_v3.app/Contents/toolchain/bin/../lib/gcc/arm-none-eabi/4.8.4/armv7e-m/fpu/libgcc.a(_aeabi_uldivmod.o)
 .ARM.attributes
                0x0000000000000a7e       0x34 /Applications/KDS_v3.app/Contents/toolchain/bin/../lib/gcc/arm-none-eabi/4.8.4/armv7e-m/fpu/libgcc.a(_fixdfdi.o)
 .ARM.attributes
                0x0000000000000ab2       0x34 /Applications/KDS_v3.app/Contents/toolchain/bin/../lib/gcc/arm-none-eabi/4.8.4/armv7e-m/fpu/libgcc.a(_fixunsdfdi.o)
 .ARM.attributes
                0x0000000000000ae6       0x34 /Applications/KDS_v3.app/Contents/toolchain/bin/../lib/gcc/arm-none-eabi/4.8.4/armv7e-m/fpu/libgcc.a(bpabi.o)
 .ARM.attributes
                0x0000000000000b1a       0x22 /Applications/KDS_v3.app/Contents/toolchain/bin/../lib/gcc/arm-none-eabi/4.8.4/armv7e-m/fpu/libgcc.a(_dvmd_tls.o)
 .ARM.attributes
                0x0000000000000b3c       0x34 /Applications/KDS_v3.app/Contents/toolchain/bin/../lib/gcc/arm-none-eabi/4.8.4/armv7e-m/fpu/libgcc.a(_divdi3.o)
 .ARM.attributes
                0x0000000000000b70       0x34 /Applications/KDS_v3.app/Contents/toolchain/bin/../lib/gcc/arm-none-eabi/4.8.4/armv7e-m/fpu/libgcc.a(_udivdi3.o)
 .ARM.attributes
                0x0000000000000ba4       0x34 /Applications/KDS_v3.app/Contents/toolchain/bin/../lib/gcc/arm-none-eabi/4.8.4/../../../../arm-none-eabi/lib/armv7e-m/fpu/libnosys.a(_exit.o)
 .ARM.attributes
                0x0000000000000bd8       0x34 /Applications/KDS_v3.app/Contents/toolchain/bin/../lib/gcc/arm-none-eabi/4.8.4/armv7e-m/fpu/crtend.o
 .ARM.attributes
                0x0000000000000c0c       0x22 /Applications/KDS_v3.app/Contents/toolchain/bin/../lib/gcc/arm-none-eabi/4.8.4/armv7e-m/fpu/crtn.o
                0x0000000000000001                ASSERT ((__StackLimit >= __HeapLimit), region m_data_2 overflowed with stack and heap)
OUTPUT(dev_video_flexio_ov7670_lite_bm_frdmk82f.elf elf32-littlearm)

.debug_info     0x0000000000000000    0x16502
 .debug_info    0x0000000000000000      0xd6d ./utilities/fsl_debug_console.o