Archive member included because of file (symbol)

/Applications/KDS_v3.app/Contents/toolchain/bin/../lib/gcc/arm-none-eabi/4.8.4/../../../../arm-none-eabi/lib/armv7e-m/fpu/libm.a(lib_a-s_modf.o)
                              ./utilities/fsl_debug_console.o (modf)
/Applications/KDS_v3.app/Contents/toolchain/bin/../lib/gcc/arm-none-eabi/4.8.4/../../../../arm-none-eabi/lib/armv7e-m/fpu/libm.a(lib_a-w_pow.o)
                              ./utilities/fsl_debug_console.o (pow)
/Applications/KDS_v3.app/Contents/toolchain/bin/../lib/gcc/arm-none-eabi/4.8.4/../../../../arm-none-eabi/lib/armv7e-m/fpu/libm.a(lib_a-e_pow.o)
                              /Applications/KDS_v3.app/Contents/toolchain/bin/../lib/gcc/arm-none-eabi/4.8.4/../../../../arm-none-eabi/lib/armv7e-m/fpu/libm.a(lib_a-w_pow.o) (__ieee754_pow)
/Applications/KDS_v3.app/Contents/toolchain/bin/../lib/gcc/arm-none-eabi/4.8.4/../../../../arm-none-eabi/lib/armv7e-m/fpu/libm.a(lib_a-e_sqrt.o)
                              /Applications/KDS_v3.app/Contents/toolchain/bin/../lib/gcc/arm-none-eabi/4.8.4/../../../../arm-none-eabi/lib/armv7e-m/fpu/libm.a(lib_a-e_pow.o) (__ieee754_sqrt)
/Applications/KDS_v3.app/Contents/toolchain/bin/../lib/gcc/arm-none-eabi/4.8.4/../../../../arm-none-eabi/lib/armv7e-m/fpu/libm.a(lib_a-s_fabs.o)
                              /Applications/KDS_v3.app/Contents/toolchain/bin/../lib/gcc/arm-none-eabi/4.8.4/../../../../arm-none-eabi/lib/armv7e-m/fpu/libm.a(lib_a-e_pow.o) (fabs)
/Applications/KDS_v3.app/Contents/toolchain/bin/../lib/gcc/arm-none-eabi/4.8.4/../../../../arm-none-eabi/lib/armv7e-m/fpu/libm.a(lib_a-s_finite.o)
                              /Applications/KDS_v3.app/Contents/toolchain/bin/../lib/gcc/arm-none-eabi/4.8.4/../../../../arm-none-eabi/lib/armv7e-m/fpu/libm.a(lib_a-w_pow.o) (finite)
/Applications/KDS_v3.app/Contents/toolchain/bin/../lib/gcc/arm-none-eabi/4.8.4/../../../../arm-none-eabi/lib/armv7e-m/fpu/libm.a(lib_a-s_fpclassify.o)
                              /Applications/KDS_v3.app/Contents/toolchain/bin/../lib/gcc/arm-none-eabi/4.8.4/../../../../arm-none-eabi/lib/armv7e-m/fpu/libm.a(lib_a-w_pow.o) (__fpclassifyd)
/Applications/KDS_v3.app/Contents/toolchain/bin/../lib/gcc/arm-none-eabi/4.8.4/../../../../arm-none-eabi/lib/armv7e-m/fpu/libm.a(lib_a-s_lib_ver.o)
                              /Applications/KDS_v3.app/Contents/toolchain/bin/../lib/gcc/arm-none-eabi/4.8.4/../../../../arm-none-eabi/lib/armv7e-m/fpu/libm.a(lib_a-w_pow.o) (__fdlib_version)
/Applications/KDS_v3.app/Contents/toolchain/bin/../lib/gcc/arm-none-eabi/4.8.4/../../../../arm-none-eabi/lib/armv7e-m/fpu/libm.a(lib_a-s_matherr.o)
                              /Applications/KDS_v3.app/Contents/toolchain/bin/../lib/gcc/arm-none-eabi/4.8.4/../../../../arm-none-eabi/lib/armv7e-m/fpu/libm.a(lib_a-w_pow.o) (matherr)
/Applications/KDS_v3.app/Contents/toolchain/bin/../lib/gcc/arm-none-eabi/4.8.4/../../../../arm-none-eabi/lib/armv7e-m/fpu/libm.a(lib_a-s_nan.o)
                              /Applications/KDS_v3.app/Contents/toolchain/bin/../lib/gcc/arm-none-eabi/4.8.4/../../../../arm-none-eabi/lib/armv7e-m/fpu/libm.a(lib_a-e_pow.o) (nan)
/Applications/KDS_v3.app/Contents/toolchain/bin/../lib/gcc/arm-none-eabi/4.8.4/../../../../arm-none-eabi/lib/armv7e-m/fpu/libm.a(lib_a-s_rint.o)
                              /Applications/KDS_v3.app/Contents/toolchain/bin/../lib/gcc/arm-none-eabi/4.8.4/../../../../arm-none-eabi/lib/armv7e-m/fpu/libm.a(lib_a-w_pow.o) (rint)
/Applications/KDS_v3.app/Contents/toolchain/bin/../lib/gcc/arm-none-eabi/4.8.4/../../../../arm-none-eabi/lib/armv7e-m/fpu/libm.a(lib_a-s_scalbn.o)
                              /Applications/KDS_v3.app/Contents/toolchain/bin/../lib/gcc/arm-none-eabi/4.8.4/../../../../arm-none-eabi/lib/armv7e-m/fpu/libm.a(lib_a-e_pow.o) (scalbn)
/Applications/KDS_v3.app/Contents/toolchain/bin/../lib/gcc/arm-none-eabi/4.8.4/../../../../arm-none-eabi/lib/armv7e-m/fpu/libm.a(lib_a-s_copysign.o)
                              /Applications/KDS_v3.app/Contents/toolchain/bin/../lib/gcc/arm-none-eabi/4.8.4/../../../../arm-none-eabi/lib/armv7e-m/fpu/libm.a(lib_a-s_scalbn.o) (copysign)
/Applications/KDS_v3.app/Contents/toolchain/bin/../lib/gcc/arm-none-eabi/4.8.4/../../../../arm-none-eabi/lib/armv7e-m/fpu/libg_s.a(lib_a-errno.o)
                              /Applications/KDS_v3.app/Contents/toolchain/bin/../lib/gcc/arm-none-eabi/4.8.4/../../../../arm-none-eabi/lib/armv7e-m/fpu/libm.a(lib_a-w_pow.o) (__errno)
/Applications/KDS_v3.app/Contents/toolchain/bin/../lib/gcc/arm-none-eabi/4.8.4/../../../../arm-none-eabi/lib/armv7e-m/fpu/libg_s.a(lib_a-exit.o)
                              /Applications/KDS_v3.app/Contents/toolchain/bin/../lib/gcc/arm-none-eabi/4.8.4/../../../../arm-none-eabi/lib/armv7e-m/fpu/crt0.o (exit)
/Applications/KDS_v3.app/Contents/toolchain/bin/../lib/gcc/arm-none-eabi/4.8.4/../../../../arm-none-eabi/lib/armv7e-m/fpu/libg_s.a(lib_a-impure.o)
[...]
Memory Configuration

Name             Origin             Length             Attributes
m_interrupts     0x0000000000000000 0x00000000000003c0 xr
m_bootloader_config 0x00000000000003c0 0x0000000000000040 xr
m_flash_config   0x0000000000000400 0x0000000000000010 xr
m_text           0x0000000000000410 0x000000000003fbf0 xr
m_data           0x000000001fff0000 0x0000000000010000 rw
m_data_2         0x0000000020000000 0x0000000000030000 rw
*default*        0x0000000000000000 0xffffffffffffffff

Linker script and memory map

LOAD /Applications/KDS_v3.app/Contents/toolchain/bin/../lib/gcc/arm-none-eabi/4.8.4/armv7e-m/fpu/crti.o
LOAD /Applications/KDS_v3.app/Contents/toolchain/bin/../lib/gcc/arm-none-eabi/4.8.4/armv7e-m/fpu/crtbegin.o
LOAD /Applications/KDS_v3.app/Contents/toolchain/bin/../lib/gcc/arm-none-eabi/4.8.4/../../../../arm-none-eabi/lib/armv7e-m/fpu/crt0.o
START GROUP
LOAD ./utilities/fsl_debug_console.o
LOAD ./usb/device/source/khci/usb_device_khci.o
LOAD ./usb/device/source/usb_device_dci.o
LOAD ./startup/startup_MK82F25615.o
LOAD ./startup/system_MK82F25615.o
LOAD ./sources/ov7670/fsl_sccb_master_driver.o
LOAD ./sources/ov7670/ov7670_driver.o
LOAD ./sources/flexio_ov7670.o
LOAD ./sources/parkingasst.o
LOAD ./sources/usb_device_ch9.o
LOAD ./sources/usb_device_descriptor.o
LOAD ./sources/usb_device_video.o
LOAD ./sources/video_camera.o
LOAD ./osa/usb_osa_bm.o
LOAD ./drivers/fsl_clock.o
LOAD ./drivers/fsl_common.o
LOAD ./drivers/fsl_dmamux.o
LOAD ./drivers/fsl_edma.o
LOAD ./drivers/fsl_flexio.o
LOAD ./drivers/fsl_flexio_camera.o
LOAD ./drivers/fsl_gpio.o
LOAD ./drivers/fsl_i2c.o
LOAD ./drivers/fsl_lptmr.o
LOAD ./drivers/fsl_lpuart.o
LOAD ./drivers/fsl_mpu.o
LOAD ./drivers/fsl_sim.o
LOAD ./drivers/fsl_smc.o
LOAD ./board/board.o
LOAD ./board/clock_config.o
LOAD ./board/pin_mux.o
LOAD /Applications/KDS_v3.app/Contents/toolchain/bin/../lib/gcc/arm-none-eabi/4.8.4/../../../../arm-none-eabi/lib/armv7e-m/fpu/libm.a
LOAD /Applications/KDS_v3.app/Contents/toolchain/bin/../lib/gcc/arm-none-eabi/4.8.4/../../../../arm-none-eabi/lib/armv7e-m/fpu/libg_s.a
LOAD /Applications/KDS_v3.app/Contents/toolchain/bin/../lib/gcc/arm-none-eabi/4.8.4/armv7e-m/fpu/libgcc.a
LOAD /Applications/KDS_v3.app/Contents/toolchain/bin/../lib/gcc/arm-none-eabi/4.8.4/../../../../arm-none-eabi/lib/armv7e-m/fpu/libnosys.a
END GROUP
START GROUP
LOAD /Applications/KDS_v3.app/Contents/toolchain/bin/../lib/gcc/arm-none-eabi/4.8.4/armv7e-m/fpu/libgcc.a
LOAD /Applications/KDS_v3.app/Contents/toolchain/bin/../lib/gcc/arm-none-eabi/4.8.4/../../../../arm-none-eabi/lib/armv7e-m/fpu/libg_s.a
LOAD /Applications/KDS_v3.app/Contents/toolchain/bin/../lib/gcc/arm-none-eabi/4.8.4/../../../../arm-none-eabi/lib/armv7e-m/fpu/libc_s.a
END GROUP
START GROUP
LOAD /Applications/KDS_v3.app/Contents/toolchain/bin/../lib/gcc/arm-none-eabi/4.8.4/armv7e-m/fpu/libgcc.a
LOAD /Applications/KDS_v3.app/Contents/toolchain/bin/../lib/gcc/arm-none-eabi/4.8.4/../../../../arm-none-eabi/lib/armv7e-m/fpu/libc_s.a
END GROUP
LOAD /Applications/KDS_v3.app/Contents/toolchain/bin/../lib/gcc/arm-none-eabi/4.8.4/armv7e-m/fpu/crtend.o
LOAD /Applications/KDS_v3.app/Contents/toolchain/bin/../lib/gcc/arm-none-eabi/4.8.4/armv7e-m/fpu/crtn.o
                0x0000000000002000                HEAP_SIZE = DEFINED (__heap_size__)?__heap_size__:0x2000
                0x0000000000000400                STACK_SIZE = DEFINED (__stack_size__)?__stack_size__:0x400
                0x0000000000000000                M_VECTOR_RAM_SIZE = DEFINED (__ram_vector_table__)?0x3c0:0x0

.interrupts     0x0000000000000000      0x3c0
                0x0000000000000000                __VECTOR_TABLE = .
                0x0000000000000000                . = ALIGN (0x4)
 *(.isr_vector)
 .isr_vector    0x0000000000000000      0x3c0 ./startup/startup_MK82F25615.o
                0x0000000000000000                __isr_vector
                0x00000000000003c0                . = ALIGN (0x4)

.bootloader_config
                0x00000000000003c0        0x0
                0x00000000000003c0                . = ALIGN (0x4)
 *(.BootloaderConfig)
                0x00000000000003c0                . = ALIGN (0x4)

.flash_config   0x0000000000000400       0x10
                0x0000000000000400                . = ALIGN (0x4)
 *(.FlashConfig)
 .FlashConfig   0x0000000000000400       0x10 ./startup/startup_MK82F25615.o
                0x0000000000000410                . = ALIGN (0x4)

.text           0x0000000000000410     0xcfd0
                0x0000000000000410                . = ALIGN (0x4)
 *(.text)
 .text          0x0000000000000410       0x54 /Applications/KDS_v3.app/Contents/toolchain/bin/../lib/gcc/arm-none-eabi/4.8.4/armv7e-m/fpu/crtbegin.o
 .text          0x0000000000000464       0x74 /Applications/KDS_v3.app/Contents/toolchain/bin/../lib/gcc/arm-none-eabi/4.8.4/../../../../arm-none-eabi/lib/armv7e-m/fpu/crt0.o
                0x0000000000000464                _mainCRTStartup
                0x0000000000000464                _start
 .text          0x00000000000004d8      0x198 ./startup/startup_MK82F25615.o
                0x00000000000004d8                Reset_Handler
                0x0000000000000534                Reserved111_IRQHandler
                0x0000000000000534                DebugMon_Handler
                0x0000000000000534                Reserved88_IRQHandler
                0x0000000000000534                DMA13_DMA29_DriverIRQHandler
                0x0000000000000534                PIT0CH2_IRQHandler
                0x0000000000000534                Reserved113_IRQHandler
                0x0000000000000534                SPI0_DriverIRQHandler
                0x0000000000000534                TPM1_IRQHandler
                0x0000000000000534                Reserved106_IRQHandler
                0x0000000000000534                LVD_LVW_IRQHandler
                0x0000000000000534                FTM0_IRQHandler
                0x0000000000000534                Reserved51_IRQHandler
                0x0000000000000534                PORTA_IRQHandler
                0x0000000000000534                MCM_IRQHandler
                0x0000000000000534                FTFA_IRQHandler
                0x0000000000000534                PIT0CH3_IRQHandler
                0x0000000000000534                FTM3_IRQHandler
                0x0000000000000534                PORTE_IRQHandler
                0x0000000000000534                DMA5_DMA21_DriverIRQHandler
                0x0000000000000534                FTM2_IRQHandler
                0x0000000000000534                BusFault_Handler
                0x0000000000000534                DMA15_DMA31_DriverIRQHandler
                0x0000000000000534                PIT0CH1_IRQHandler
                0x0000000000000534                Reserved93_IRQHandler
                0x0000000000000534                CMP0_IRQHandler
                0x0000000000000534                Reserved52_IRQHandler
                0x0000000000000534                PORTC_IRQHandler
                0x0000000000000534                Reserved122_IRQHandler
                0x0000000000000534                Reserved96_IRQHandler
                0x0000000000000534                SPI1_DriverIRQHandler
                0x0000000000000534                Reserved85_IRQHandler
                0x0000000000000534                DMA_Error_DriverIRQHandler
                0x0000000000000534                Reserved114_IRQHandler
                0x0000000000000534                Reserved89_IRQHandler
                0x0000000000000534                SDHC_DriverIRQHandler
                0x0000000000000534                Reserved99_IRQHandler
                0x0000000000000534                DMA7_DMA23_DriverIRQHandler
                0x0000000000000534                Reserved119_IRQHandler
                0x0000000000000534                LLWU_IRQHandler
                0x0000000000000534                I2S0_Tx_DriverIRQHandler
                0x0000000000000534                Reserved84_IRQHandler
                0x0000000000000534                TSI0_IRQHandler
                0x0000000000000534                Reserved92_IRQHandler
                0x0000000000000534                DMA14_DMA30_DriverIRQHandler
                0x0000000000000534                SWI_IRQHandler
                0x0000000000000534                ADC0_IRQHandler
                0x0000000000000534                EMVSIM0_IRQHandler
                0x0000000000000534                UsageFault_Handler
                0x0000000000000534                CMT_IRQHandler
                0x0000000000000534                QuadSPI0_DriverIRQHandler
                0x0000000000000534                DMA0_DMA16_DriverIRQHandler
                0x0000000000000534                DefaultISR
                0x0000000000000534                DMA2_DMA18_DriverIRQHandler
                0x0000000000000534                Reserved82_IRQHandler
                0x0000000000000534                CMP1_IRQHandler
                0x0000000000000534                Reserved71_IRQHandler
                0x0000000000000534                PORTD_IRQHandler
                0x0000000000000534                SPI2_DriverIRQHandler
                0x0000000000000534                TPM2_IRQHandler
                0x0000000000000534                RTC_IRQHandler
                0x0000000000000534                PDB0_IRQHandler
                0x0000000000000534                FTM1_IRQHandler
                0x0000000000000534                DMA12_DMA28_DriverIRQHandler
                0x0000000000000534                PIT0CH0_IRQHandler
                0x0000000000000534                Reserved95_IRQHandler
                0x0000000000000534                Reserved121_IRQHandler
                0x0000000000000534                RTC_Seconds_IRQHandler
                0x0000000000000534                MCG_IRQHandler
                0x0000000000000534                DMA10_DMA26_DriverIRQHandler
                0x0000000000000534                Reserved108_IRQHandler
                0x0000000000000534                TRNG0_IRQHandler
                0x0000000000000534                Reserved117_IRQHandler
                0x0000000000000534                Reserved110_IRQHandler
                0x0000000000000534                Read_Collision_IRQHandler
                0x0000000000000534                LTC0_IRQHandler
                0x0000000000000534                DMA1_DMA17_DriverIRQHandler
                0x0000000000000534                Reserved98_IRQHandler
                0x0000000000000534                Reserved102_IRQHandler
                0x0000000000000534                USBDCD_IRQHandler
                0x0000000000000534                DMA8_DMA24_DriverIRQHandler
                0x0000000000000534                DMA6_DMA22_DriverIRQHandler
                0x0000000000000534                I2S0_Rx_DriverIRQHandler
                0x0000000000000534                Reserved101_IRQHandler
                0x0000000000000534                WDOG_EWM_IRQHandler
                0x0000000000000534                MemManage_Handler
                0x0000000000000534                Reserved83_IRQHandler
                0x0000000000000534                Reserved115_IRQHandler
                0x0000000000000534                DMA11_DMA27_DriverIRQHandler
                0x0000000000000534                Reserved109_IRQHandler
                0x0000000000000534                DMA4_DMA20_DriverIRQHandler
                0x0000000000000534                DMA9_DMA25_DriverIRQHandler
                0x0000000000000534                Reserved100_IRQHandler
                0x0000000000000534                EMVSIM1_IRQHandler
                0x0000000000000534                Reserved91_IRQHandler
                0x0000000000000534                DAC0_IRQHandler
                0x0000000000000534                Reserved118_IRQHandler
                0x0000000000000534                DMA3_DMA19_DriverIRQHandler
                0x0000000000000534                Reserved94_IRQHandler
                0x0000000000000534                Reserved112_IRQHandler
                0x0000000000000538                NMI_Handler
                0x000000000000053c                HardFault_Handler
                0x0000000000000540                SVC_Handler
                0x0000000000000544                PendSV_Handler
                0x0000000000000548                SysTick_Handler
                0x000000000000058c                DMA_Error_IRQHandler
                0x0000000000000590                I2C0_IRQHandler
                0x0000000000000594                I2C1_IRQHandler
                0x0000000000000598                SPI0_IRQHandler
                0x000000000000059c                SPI1_IRQHandler
                0x00000000000005a0                I2S0_Tx_IRQHandler
                0x00000000000005a4                I2S0_Rx_IRQHandler
                0x00000000000005a8                LPUART0_IRQHandler
                0x00000000000005ac                LPUART1_IRQHandler
                0x00000000000005b0                LPUART2_IRQHandler
                0x00000000000005b4                LPUART3_IRQHandler
                0x00000000000005b8                LPUART4_IRQHandler
                0x00000000000005bc                SPI2_IRQHandler
                0x00000000000005c0                FLEXIO0_IRQHandler
                0x00000000000005c4                I2C2_IRQHandler
                0x00000000000005c8                SDHC_IRQHandler
                0x00000000000005cc                I2C3_IRQHandler
                0x00000000000005d0                QuadSPI0_IRQHandler
 .text          0x0000000000000670      0x370 /Applications/KDS_v3.app/Contents/toolchain/bin/../lib/gcc/arm-none-eabi/4.8.4/armv7e-m/fpu/libgcc.a(_arm_addsubdf3.o)
                0x0000000000000670                __aeabi_drsub
                0x0000000000000678                __subdf3
                0x0000000000000678                __aeabi_dsub
                0x000000000000067c                __aeabi_dadd
                0x000000000000067c                __adddf3
                0x00000000000008f4                __aeabi_ui2d
                0x00000000000008f4                __floatunsidf
                0x0000000000000914                __floatsidf
                0x0000000000000914                __aeabi_i2d
                0x0000000000000938                __extendsfdf2
                0x0000000000000938                __aeabi_f2d
                0x0000000000000974                __aeabi_ul2d
                0x0000000000000974                __floatundidf
                0x0000000000000984                __aeabi_l2d
                0x0000000000000984                __floatdidf
 .text          0x00000000000009e0      0x424 /Applications/KDS_v3.app/Contents/toolchain/bin/../lib/gcc/arm-none-eabi/4.8.4/armv7e-m/fpu/libgcc.a(_arm_muldivdf3.o)
                0x00000000000009e0                __aeabi_dmul
                0x00000000000009e0                __muldf3
                0x0000000000000c34                __aeabi_ddiv
                0x0000000000000c34                __divdf3
 .text          0x0000000000000e04      0x110 /Applications/KDS_v3.app/Contents/toolchain/bin/../lib/gcc/arm-none-eabi/4.8.4/armv7e-m/fpu/libgcc.a(_arm_cmpdf2.o)
                0x0000000000000e04                __gtdf2
                0x0000000000000e04                __gedf2
                0x0000000000000e0c                __ltdf2
                0x0000000000000e0c                __ledf2
                0x0000000000000e14                __eqdf2
                0x0000000000000e14                __nedf2
                0x0000000000000e14                __cmpdf2
                0x0000000000000e90                __aeabi_cdrcmple
                0x0000000000000ea0                __aeabi_cdcmple
                0x0000000000000ea0                __aeabi_cdcmpeq
                0x0000000000000eb0                __aeabi_dcmpeq
                0x0000000000000ec4                __aeabi_dcmplt
                0x0000000000000ed8                __aeabi_dcmple
                0x0000000000000eec                __aeabi_dcmpge
                0x0000000000000f00                __aeabi_dcmpgt
 .text          0x0000000000000f14       0x50 /Applications/KDS_v3.app/Contents/toolchain/bin/../lib/gcc/arm-none-eabi/4.8.4/armv7e-m/fpu/libgcc.a(_arm_fixdfsi.o)
                0x0000000000000f14                __fixdfsi
                0x0000000000000f14                __aeabi_d2iz
 .text          0x0000000000000f64       0x40 /Applications/KDS_v3.app/Contents/toolchain/bin/../lib/gcc/arm-none-eabi/4.8.4/armv7e-m/fpu/libgcc.a(_arm_fixunsdfsi.o)
                0x0000000000000f64                __fixunsdfsi
                0x0000000000000f64                __aeabi_d2uiz
 .text          0x0000000000000fa4       0x38 /Applications/KDS_v3.app/Contents/toolchain/bin/../lib/gcc/arm-none-eabi/4.8.4/armv7e-m/fpu/libgcc.a(_aeabi_ldivmod.o)
                0x0000000000000fa4                __aeabi_ldivmod
 .text          0x0000000000000fdc       0x2c /Applications/KDS_v3.app/Contents/toolchain/bin/../lib/gcc/arm-none-eabi/4.8.4/armv7e-m/fpu/libgcc.a(_aeabi_uldivmod.o)
                0x0000000000000fdc                __aeabi_uldivmod
 .text          0x0000000000001008       0x30 /Applications/KDS_v3.app/Contents/toolchain/bin/../lib/gcc/arm-none-eabi/4.8.4/armv7e-m/fpu/libgcc.a(_fixdfdi.o)
                0x0000000000001008                __aeabi_d2lz
                0x0000000000001008                __fixdfdi
 .text          0x0000000000001038       0x44 /Applications/KDS_v3.app/Contents/toolchain/bin/../lib/gcc/arm-none-eabi/4.8.4/armv7e-m/fpu/libgcc.a(_fixunsdfdi.o)
                0x0000000000001038                __aeabi_d2ulz
                0x0000000000001038                __fixunsdfdi
 .text          0x000000000000107c       0x60 /Applications/KDS_v3.app/Contents/toolchain/bin/../lib/gcc/arm-none-eabi/4.8.4/armv7e-m/fpu/libgcc.a(bpabi.o)
                0x000000000000107c                __gnu_ldivmod_helper
                0x00000000000010ac                __gnu_uldivmod_helper
 .text          0x00000000000010dc        0x4 /Applications/KDS_v3.app/Contents/toolchain/bin/../lib/gcc/arm-none-eabi/4.8.4/armv7e-m/fpu/libgcc.a(_dvmd_tls.o)
                0x00000000000010dc                __aeabi_ldiv0
                0x00000000000010dc                __aeabi_idiv0
 .text          0x00000000000010e0      0x298 /Applications/KDS_v3.app/Contents/toolchain/bin/../lib/gcc/arm-none-eabi/4.8.4/armv7e-m/fpu/libgcc.a(_divdi3.o)
                0x00000000000010e0                __divdi3
 .text          0x0000000000001378      0x284 /Applications/KDS_v3.app/Contents/toolchain/bin/../lib/gcc/arm-none-eabi/4.8.4/armv7e-m/fpu/libgcc.a(_udivdi3.o)
                0x0000000000001378                __udivdi3
 *(.text*)
 .text.LPUART_EnableTx
                0x00000000000015fc       0x38 ./utilities/fsl_debug_console.o
 .text.LPUART_EnableRx
                0x0000000000001634       0x38 ./utilities/fsl_debug_console.o
 .text.DbgConsole_Init
                0x000000000000166c       0x90 ./utilities/fsl_debug_console.o
                0x000000000000166c                DbgConsole_Init
 .text.DbgConsole_Printf
                0x00000000000016fc       0x40 ./utilities/fsl_debug_console.o
                0x00000000000016fc                DbgConsole_Printf
 .text.DbgConsole_Putchar
                0x000000000000173c       0x38 ./utilities/fsl_debug_console.o
                0x000000000000173c                DbgConsole_Putchar
 .text.DbgConsole_PrintfPaddingCharacter
                0x0000000000001774       0x40 ./utilities/fsl_debug_console.o
 .text.DbgConsole_ConvertRadixNumToString
                0x00000000000017b4      0x1d8 ./utilities/fsl_debug_console.o
 *fill*         0x000000000000198c        0x4 
 .text.DbgConsole_ConvertFloatRadixNumToString
                0x0000000000001990      0x2b8 ./utilities/fsl_debug_console.o
 .text.DbgConsole_PrintfFormattedData
                0x0000000000001c48      0x8a0 ./utilities/fsl_debug_console.o
 .text.USB_DeviceKhciEndpointTransfer
                0x00000000000024e8       0xf0 ./usb/device/source/khci/usb_device_khci.o
 .text.USB_DeviceKhciPrimeNextSetup
                0x00000000000025d8       0x64 ./usb/device/source/khci/usb_device_khci.o
 .text.USB_DeviceKhciSetDefaultState
                0x000000000000263c      0x150 ./usb/device/source/khci/usb_device_khci.o
 .text.USB_DeviceKhciEndpointInit
                0x000000000000278c      0x110 ./usb/device/source/khci/usb_device_khci.o
 .text.USB_DeviceKhciEndpointDeinit
                0x000000000000289c       0x5c ./usb/device/source/khci/usb_device_khci.o
 .text.USB_DeviceKhciEndpointStall
                0x00000000000028f8       0xb8 ./usb/device/source/khci/usb_device_khci.o
 .text.USB_DeviceKhciEndpointUnstall
                0x00000000000029b0      0x130 ./usb/device/source/khci/usb_device_khci.o
 .text.USB_DeviceKhciInterruptTokenDone
                0x0000000000002ae0      0x4d4 ./usb/device/source/khci/usb_device_khci.o
 .text.USB_DeviceKhciInterruptReset
                0x0000000000002fb4       0x40 ./usb/device/source/khci/usb_device_khci.o
 .text.USB_DeviceKhciInterruptStall
                0x0000000000002ff4       0x48 ./usb/device/source/khci/usb_device_khci.o
 .text.USB_DeviceKhciInit
                0x000000000000303c       0xd4 ./usb/device/source/khci/usb_device_khci.o
                0x000000000000303c                USB_DeviceKhciInit
 .text.USB_DeviceKhciDeinit
                0x0000000000003110       0x6c ./usb/device/source/khci/usb_device_khci.o
                0x0000000000003110                USB_DeviceKhciDeinit
 .text.USB_DeviceKhciSend
                0x000000000000317c      0x118 ./usb/device/source/khci/usb_device_khci.o
                0x000000000000317c                USB_DeviceKhciSend
 .text.USB_DeviceKhciRecv
                0x0000000000003294      0x18c ./usb/device/source/khci/usb_device_khci.o
                0x0000000000003294                USB_DeviceKhciRecv
 .text.USB_DeviceKhciCancel
                0x0000000000003420       0x88 ./usb/device/source/khci/usb_device_khci.o
                0x0000000000003420                USB_DeviceKhciCancel
 .text.USB_DeviceKhciControl
                0x00000000000034a8      0x284 ./usb/device/source/khci/usb_device_khci.o
                0x00000000000034a8                USB_DeviceKhciControl
 .text.USB_DeviceKhciIsrFunction
                0x000000000000372c       0x74 ./usb/device/source/khci/usb_device_khci.o
                0x000000000000372c                USB_DeviceKhciIsrFunction
 .text.USB_DeviceAllocateHandle
                0x00000000000037a0       0xbc ./usb/device/source/usb_device_dci.o
 .text.USB_DeviceFreeHandle
                0x000000000000385c       0x28 ./usb/device/source/usb_device_dci.o
 .text.USB_DeviceGetControllerInterface
                0x0000000000003884       0x38 ./usb/device/source/usb_device_dci.o
 .text.USB_DeviceTransfer
                0x00000000000038bc       0x78 ./usb/device/source/usb_device_dci.o
 .text.USB_DeviceControl
                0x0000000000003934       0x50 ./usb/device/source/usb_device_dci.o
 .text.USB_DeviceResetNotification
                0x0000000000003984       0x68 ./usb/device/source/usb_device_dci.o
 .text.USB_DeviceNotification
                0x00000000000039ec       0xb4 ./usb/device/source/usb_device_dci.o
 .text.USB_DeviceNotificationTrigger
                0x0000000000003aa0       0x40 ./usb/device/source/usb_device_dci.o
                0x0000000000003aa0                USB_DeviceNotificationTrigger
 .text.USB_DeviceInit
                0x0000000000003ae0      0x138 ./usb/device/source/usb_device_dci.o
                0x0000000000003ae0                USB_DeviceInit
 .text.USB_DeviceRun
                0x0000000000003c18       0x1c ./usb/device/source/usb_device_dci.o
                0x0000000000003c18                USB_DeviceRun
 .text.USB_DeviceDeinit
                0x0000000000003c34       0x44 ./usb/device/source/usb_device_dci.o
                0x0000000000003c34                USB_DeviceDeinit
 .text.USB_DeviceSendRequest
                0x0000000000003c78       0x34 ./usb/device/source/usb_device_dci.o
                0x0000000000003c78                USB_DeviceSendRequest
 .text.USB_DeviceRecvRequest
                0x0000000000003cac       0x30 ./usb/device/source/usb_device_dci.o
                0x0000000000003cac                USB_DeviceRecvRequest
 .text.USB_DeviceInitEndpoint
                0x0000000000003cdc       0x90 ./usb/device/source/usb_device_dci.o
                0x0000000000003cdc                USB_DeviceInitEndpoint
 .text.USB_DeviceDeinitEndpoint
                0x0000000000003d6c       0x80 ./usb/device/source/usb_device_dci.o
                0x0000000000003d6c                USB_DeviceDeinitEndpoint
 .text.USB_DeviceStallEndpoint
                0x0000000000003dec       0x30 ./usb/device/source/usb_device_dci.o
                0x0000000000003dec                USB_DeviceStallEndpoint
 .text.USB_DeviceUnstallEndpoint
                0x0000000000003e1c       0x30 ./usb/device/source/usb_device_dci.o
                0x0000000000003e1c                USB_DeviceUnstallEndpoint
 .text.USB_DeviceGetStatus
                0x0000000000003e4c       0xcc ./usb/device/source/usb_device_dci.o
                0x0000000000003e4c                USB_DeviceGetStatus
 .text.USB_DeviceSetStatus
                0x0000000000003f18       0xc0 ./usb/device/source/usb_device_dci.o
                0x0000000000003f18                USB_DeviceSetStatus
 .text.SystemInit
                0x0000000000003fd8       0x3c ./startup/system_MK82F25615.o
                0x0000000000003fd8                SystemInit
 .text.SystemCoreClockUpdate
                0x0000000000004014      0x278 ./startup/system_MK82F25615.o
                0x0000000000004014                SystemCoreClockUpdate
 .text.I2C_Read_OV7670_Reg
                0x000000000000428c       0xa0 ./sources/ov7670/fsl_sccb_master_driver.o
                0x000000000000428c                I2C_Read_OV7670_Reg
 .text.I2C_Write_OV7670_Reg
                0x000000000000432c       0x8c ./sources/ov7670/fsl_sccb_master_driver.o
                0x000000000000432c                I2C_Write_OV7670_Reg
 .text.I2C_MasterWriteWithStop
                0x00000000000043b8      0x118 ./sources/ov7670/fsl_sccb_master_driver.o
                0x00000000000043b8                I2C_MasterWriteWithStop
 .text.delay    0x00000000000044d0       0x2c ./sources/ov7670/ov7670_driver.o
 .text.OV7670_Init
                0x00000000000044fc       0xf8 ./sources/ov7670/ov7670_driver.o
                0x00000000000044fc                OV7670_Init
 .text.OV7670_ModifyReg
                0x00000000000045f4       0x80 ./sources/ov7670/ov7670_driver.o
                0x00000000000045f4                OV7670_ModifyReg
 .text.OV7670_ContrastAdjustment
                0x0000000000004674       0x5c ./sources/ov7670/ov7670_driver.o
                0x0000000000004674                OV7670_ContrastAdjustment
 .text.OV7670_BrightnessAdjustment
                0x00000000000046d0       0x34 ./sources/ov7670/ov7670_driver.o
                0x00000000000046d0                OV7670_BrightnessAdjustment
 .text.OV7670_Configure
                0x0000000000004704      0x1e0 ./sources/ov7670/ov7670_driver.o
                0x0000000000004704                OV7670_Configure
 .text.OV7670_OutputFormat
                0x00000000000048e4       0x40 ./sources/ov7670/ov7670_driver.o
                0x00000000000048e4                OV7670_OutputFormat
 .text.OV7670_Resolution
                0x0000000000004924      0x158 ./sources/ov7670/ov7670_driver.o
                0x0000000000004924                OV7670_Resolution
 .text.OV7670_SetWindow
                0x0000000000004a7c       0xa4 ./sources/ov7670/ov7670_driver.o
                0x0000000000004a7c                OV7670_SetWindow
 .text.OV7670_FrameRateAdjustment
                0x0000000000004b20       0xb0 ./sources/ov7670/ov7670_driver.o
                0x0000000000004b20                OV7670_FrameRateAdjustment
 .text.OV7670_NighMode
                0x0000000000004bd0       0x28 ./sources/ov7670/ov7670_driver.o
                0x0000000000004bd0                OV7670_NighMode
 .text.OV7670_BandingFilterSelection
                0x0000000000004bf8       0x88 ./sources/ov7670/ov7670_driver.o
                0x0000000000004bf8                OV7670_BandingFilterSelection
 .text.OV7670_WhiteBalance
                0x0000000000004c80      0x1c0 ./sources/ov7670/ov7670_driver.o
                0x0000000000004c80                OV7670_WhiteBalance
 .text.OV7670_LightMode
                0x0000000000004e40      0x114 ./sources/ov7670/ov7670_driver.o
                0x0000000000004e40                OV7670_LightMode
 .text.OV7670_ColorSaturation
                0x0000000000004f54       0xbc ./sources/ov7670/ov7670_driver.o
                0x0000000000004f54                OV7670_ColorSaturation
 .text.OV7670_SpecialEffects
                0x0000000000005010       0x50 ./sources/ov7670/ov7670_driver.o
                0x0000000000005010                OV7670_SpecialEffects
 .text.OV7670_GammaCurveSlope
                0x0000000000005060      0x174 ./sources/ov7670/ov7670_driver.o
                0x0000000000005060                OV7670_GammaCurveSlope
 .text.NVIC_EnableIRQ
                0x00000000000051d4       0x30 ./sources/flexio_ov7670.o
 .text.FLEXIO_EnableShifterStatusDMA
                0x0000000000005204       0x3c ./sources/flexio_ov7670.o
 .text.FLEXIO_CAMERA_Enable
                0x0000000000005240       0x40 ./sources/flexio_ov7670.o
 .text.FLEXIO_CAMERA_EnableRxDMA
                0x0000000000005280       0x30 ./sources/flexio_ov7670.o
 .text.FLEXIO_CAMERA_GetRxBufferAddress
                0x00000000000052b0       0x28 ./sources/flexio_ov7670.o
 .text.EDMA_EnableChannelRequest
                0x00000000000052d8       0x40 ./sources/flexio_ov7670.o
 .text.DMAMUX_EnableChannel
                0x0000000000005318       0x48 ./sources/flexio_ov7670.o
 .text.DMAMUX_SetSource
                0x0000000000005360       0x58 ./sources/flexio_ov7670.o
 .text.FLEXIO_Ov7670Init
                0x00000000000053b8       0xc8 ./sources/flexio_ov7670.o
                0x00000000000053b8                FLEXIO_Ov7670Init
 .text.FLEXIO_Ov7670StartCapture
                0x0000000000005480       0x20 ./sources/flexio_ov7670.o
                0x0000000000005480                FLEXIO_Ov7670StartCapture
 .text.FLEXIO_Ov7670AsynCallback
                0x00000000000054a0       0x8c ./sources/flexio_ov7670.o
                0x00000000000054a0                FLEXIO_Ov7670AsynCallback
 .text.FLEXIO_Ov7670SccbInit
                0x000000000000552c       0x34 ./sources/flexio_ov7670.o
 .text.FLEXIO_CameraInit
                0x0000000000005560       0x44 ./sources/flexio_ov7670.o
 .text.EDMA_CameraTransferInitTCD
                0x00000000000055a4      0x150 ./sources/flexio_ov7670.o
 .text.EDMA_ChannelTransferInit
                0x00000000000056f4       0x64 ./sources/flexio_ov7670.o
 .text.FLEXIO_Ov7670VsynInit
                0x0000000000005758       0x4c ./sources/flexio_ov7670.o
 .text.NVIC_EnableIRQ
                0x00000000000057a4       0x30 ./sources/parkingasst.o
 .text.EnableIRQ
                0x00000000000057d4       0x1c ./sources/parkingasst.o
 .text.LPTMR_EnableInterrupts
                0x00000000000057f0       0x20 ./sources/parkingasst.o
 .text.LPTMR_ClearStatusFlags
                0x0000000000005810       0x20 ./sources/parkingasst.o
 .text.LPTMR_SetTimerPeriod
                0x0000000000005830       0x1c ./sources/parkingasst.o
 .text.LPTMR_StartTimer
                0x000000000000584c       0x20 ./sources/parkingasst.o
 .text.PORT_SetPinConfig
                0x000000000000586c       0x44 ./sources/parkingasst.o
 .text.LPTMR0_LPTMR1_IRQHandler
                0x00000000000058b0       0x20 ./sources/parkingasst.o
                0x00000000000058b0                LPTMR0_LPTMR1_IRQHandler
 .text.init     0x00000000000058d0      0x168 ./sources/parkingasst.o
                0x00000000000058d0                init
 .text.sendWS2812Data
                0x0000000000005a38      0x3d8 ./sources/parkingasst.o
                0x0000000000005a38                sendWS2812Data
 .text.presetIndicatorLEDs
                0x0000000000005e10       0x70 ./sources/parkingasst.o
                0x0000000000005e10                presetIndicatorLEDs
 .text.runParkingAssistant
                0x0000000000005e80      0x100 ./sources/parkingasst.o
                0x0000000000005e80                runParkingAssistant
 .text.locateMovingObject
                0x0000000000005f80      0x120 ./sources/parkingasst.o
                0x0000000000005f80                locateMovingObject
 .text.convert2RGBandSavePrevious
                0x00000000000060a0       0x9c ./sources/parkingasst.o
                0x00000000000060a0                convert2RGBandSavePrevious
 .text.paintXY  0x000000000000613c       0x60 ./sources/parkingasst.o
                0x000000000000613c                paintXY
 .text.shadowXY
                0x000000000000619c       0xe0 ./sources/parkingasst.o
                0x000000000000619c                shadowXY
 .text.paintSquare
                0x000000000000627c       0x64 ./sources/parkingasst.o
                0x000000000000627c                paintSquare
 .text.paintHArrow
                0x00000000000062e0      0x134 ./sources/parkingasst.o
                0x00000000000062e0                paintHArrow
 .text.shadowSquare
                0x0000000000006414       0x64 ./sources/parkingasst.o
                0x0000000000006414                shadowSquare
 .text.paintSymbols
                0x0000000000006478      0x124 ./sources/parkingasst.o
                0x0000000000006478                paintSymbols
 .text.paintLineX
                0x000000000000659c       0x5c ./sources/parkingasst.o
                0x000000000000659c                paintLineX
 .text.paintLineY
                0x00000000000065f8       0x5c ./sources/parkingasst.o
                0x00000000000065f8                paintLineY
 .text.USB_DeviceCh9GetStatus
                0x0000000000006654       0xe0 ./sources/usb_device_ch9.o
 .text.USB_DeviceCh9SetClearFeature
                0x0000000000006734       0xf0 ./sources/usb_device_ch9.o
 .text.USB_DeviceCh9SetAddress
                0x0000000000006824       0x8c ./sources/usb_device_ch9.o
 .text.USB_DeviceCh9GetDescriptor
                0x00000000000068b0       0x48 ./sources/usb_device_ch9.o
 .text.USB_DeviceCh9GetConfiguration
                0x00000000000068f8       0x50 ./sources/usb_device_ch9.o
 .text.USB_DeviceCh9SetConfiguration
                0x0000000000006948       0x70 ./sources/usb_device_ch9.o
 .text.USB_DeviceCh9GetInterface
                0x00000000000069b8       0x54 ./sources/usb_device_ch9.o
 .text.USB_DeviceCh9SetInterface
                0x0000000000006a0c       0x48 ./sources/usb_device_ch9.o
 .text.USB_DeviceCh9SynchFrame
                0x0000000000006a54       0x5c ./sources/usb_device_ch9.o
 .text.USB_DeviceControlCallbackFeedback
                0x0000000000006ab0       0xb0 ./sources/usb_device_ch9.o
 .text.USB_DeviceControlCallback
                0x0000000000006b60      0x21c ./sources/usb_device_ch9.o
                0x0000000000006b60                USB_DeviceControlCallback
 .text.USB_DeviceControlPipeInit
                0x0000000000006d7c       0x7c ./sources/usb_device_ch9.o
                0x0000000000006d7c                USB_DeviceControlPipeInit
 .text.USB_DeviceGetDescriptor
                0x0000000000006df8      0x118 ./sources/usb_device_descriptor.o
                0x0000000000006df8                USB_DeviceGetDescriptor
 .text.USB_DeviceSetConfigure
                0x0000000000006f10       0x38 ./sources/usb_device_descriptor.o
                0x0000000000006f10                USB_DeviceSetConfigure
 .text.USB_DeviceGetConfigure
                0x0000000000006f48       0x24 ./sources/usb_device_descriptor.o
                0x0000000000006f48                USB_DeviceGetConfigure
 .text.USB_DeviceSetInterface
                0x0000000000006f6c       0x34 ./sources/usb_device_descriptor.o
                0x0000000000006f6c                USB_DeviceSetInterface
 .text.USB_DeviceGetInterface
                0x0000000000006fa0       0x2c ./sources/usb_device_descriptor.o
                0x0000000000006fa0                USB_DeviceGetInterface
 .text.NVIC_EnableIRQ
                0x0000000000006fcc       0x30 ./sources/video_camera.o
 .text.NVIC_SetPriority
                0x0000000000006ffc       0x54 ./sources/video_camera.o
 .text.CLOCK_SetClkOutClock
                0x0000000000007050       0x38 ./sources/video_camera.o
 .text.PORT_ClearPinsInterruptFlags
                0x0000000000007088       0x1c ./sources/video_camera.o
 .text.callProgramWithNewImage
                0x00000000000070a4       0xd4 ./sources/video_camera.o
                0x00000000000070a4                callProgramWithNewImage
 .text.PORTB_IRQHandler
                0x0000000000007178       0x68 ./sources/video_camera.o
                0x0000000000007178                PORTB_IRQHandler
 .text.USB_DeviceVideoPrepareVideoData
                0x00000000000071e0      0x20c ./sources/video_camera.o
 .text.USB_DeviceVideoIsoIn
                0x00000000000073ec       0x3c ./sources/video_camera.o
 .text.USB_DeviceVideoApplicationSetDefault
                0x0000000000007428      0x190 ./sources/video_camera.o
 .text.USB_DeviceCallback
                0x00000000000075b8      0x110 ./sources/video_camera.o
                0x00000000000075b8                USB_DeviceCallback
 .text.USB_DeviceGetSetupBuffer
                0x00000000000076c8       0x2c ./sources/video_camera.o
                0x00000000000076c8                USB_DeviceGetSetupBuffer
 .text.USB_DevcieConfigureRemoteWakeup
                0x00000000000076f4       0x1c ./sources/video_camera.o
                0x00000000000076f4                USB_DevcieConfigureRemoteWakeup
 .text.USB_DevcieConfigureEndpointStatus
                0x0000000000007710       0xa0 ./sources/video_camera.o
                0x0000000000007710                USB_DevcieConfigureEndpointStatus
 .text.USB_DeviceGetClassReceiveBuffer
                0x00000000000077b0       0x38 ./sources/video_camera.o
                0x00000000000077b0                USB_DeviceGetClassReceiveBuffer
 .text.USB_DeviceVideoProcessClassVsProbeRequest
                0x00000000000077e8      0x130 ./sources/video_camera.o
 .text.USB_DeviceVideoProcessClassVsCommitRequest
                0x0000000000007918      0x114 ./sources/video_camera.o
 .text.USB_DeviceVideoProcessClassVsStillProbeRequest
                0x0000000000007a2c      0x110 ./sources/video_camera.o
 .text.USB_DeviceVideoProcessClassVsStillCommitRequest
                0x0000000000007b3c       0xf0 ./sources/video_camera.o
 .text.USB_DeviceVideoProcessClassVsStillImageTriggerRequest
                0x0000000000007c2c       0x74 ./sources/video_camera.o
 .text.USB_DeviceVideoProcessClassVsRequest
                0x0000000000007ca0       0xb8 ./sources/video_camera.o
 .text.USB_DeviceProcessClassVcInterfaceRequest
                0x0000000000007d58       0x2c ./sources/video_camera.o
 .text.USB_DeviceProcessClassVcCameraTerminalRequest
                0x0000000000007d84       0x8c ./sources/video_camera.o
 .text.USB_DeviceProcessClassVcInputTerminalRequest
                0x0000000000007e10       0x2c ./sources/video_camera.o
 .text.USB_DeviceProcessClassVcOutputTerminalRequest
                0x0000000000007e3c       0x20 ./sources/video_camera.o
 .text.USB_DeviceProcessClassVcProcessingUintRequest
                0x0000000000007e5c       0x88 ./sources/video_camera.o
 .text.USB_DeviceProcessClassVcRequest
                0x0000000000007ee4       0x84 ./sources/video_camera.o
 .text.USB_DeviceProcessClassRequest
                0x0000000000007f68       0x90 ./sources/video_camera.o
                0x0000000000007f68                USB_DeviceProcessClassRequest
 .text.USB0_IRQHandler
                0x0000000000007ff8       0x14 ./sources/video_camera.o
                0x0000000000007ff8                USB0_IRQHandler
 .text.USB_DeviceApplicationInit
                0x000000000000800c       0x88 ./sources/video_camera.o
 .text.main     0x0000000000008094       0x3c ./sources/video_camera.o
                0x0000000000008094                main
 .text.USB_BmEnterCritical
                0x00000000000080d0       0x28 ./osa/usb_osa_bm.o
                0x00000000000080d0                USB_BmEnterCritical
 .text.USB_BmExitCritical
                0x00000000000080f8       0x30 ./osa/usb_osa_bm.o
                0x00000000000080f8                USB_BmExitCritical
 .text.CLOCK_EnableClock
                0x0000000000008128       0x34 ./drivers/fsl_clock.o
 .text.CLOCK_DisableClock
                0x000000000000815c       0x38 ./drivers/fsl_clock.o
 .text.CLOCK_SetEr32kClock
                0x0000000000008194       0x2c ./drivers/fsl_clock.o
 .text.CLOCK_SetPllFllSelClock
                0x00000000000081c0       0x58 ./drivers/fsl_clock.o
 .text.OSC_SetExtRefClkConfig
                0x0000000000008218       0x40 ./drivers/fsl_clock.o
 .text.OSC_SetCapLoad
                0x0000000000008258       0x34 ./drivers/fsl_clock.o
 .text.CLOCK_GetMcgExtClkFreq
                0x000000000000828c       0x8c ./drivers/fsl_clock.o
 .text.CLOCK_GetFllExtRefClkFreq
                0x0000000000008318       0xc8 ./drivers/fsl_clock.o
 .text.CLOCK_GetInternalRefClkSelectFreq
                0x00000000000083e0       0x44 ./drivers/fsl_clock.o
 .text.CLOCK_GetFllRefClkFreq
                0x0000000000008424       0x2c ./drivers/fsl_clock.o
 .text.CLOCK_GetPll0RefFreq
                0x0000000000008450       0x10 ./drivers/fsl_clock.o
 .text.CLOCK_GetOscRangeFromFreq
                0x0000000000008460       0x3c ./drivers/fsl_clock.o
 .text.CLOCK_GetOsc0ErClkUndivFreq
                0x000000000000849c       0x48 ./drivers/fsl_clock.o
                0x000000000000849c                CLOCK_GetOsc0ErClkUndivFreq
 .text.CLOCK_GetOsc0ErClkDivFreq
                0x00000000000084e4       0x58 ./drivers/fsl_clock.o
                0x00000000000084e4                CLOCK_GetOsc0ErClkDivFreq
 .text.CLOCK_GetEr32kClkFreq
                0x000000000000853c       0x80 ./drivers/fsl_clock.o
                0x000000000000853c                CLOCK_GetEr32kClkFreq
 .text.CLOCK_GetPllFllSelClkFreq
                0x00000000000085bc       0x84 ./drivers/fsl_clock.o
                0x00000000000085bc                CLOCK_GetPllFllSelClkFreq
 .text.CLOCK_GetOsc0ErClkFreq
                0x0000000000008640       0x10 ./drivers/fsl_clock.o
                0x0000000000008640                CLOCK_GetOsc0ErClkFreq
 .text.CLOCK_GetFreq
                0x0000000000008650      0x14c ./drivers/fsl_clock.o
                0x0000000000008650                CLOCK_GetFreq
 .text.CLOCK_SetSimConfig
                0x000000000000879c       0x44 ./drivers/fsl_clock.o
                0x000000000000879c                CLOCK_SetSimConfig
 .text.CLOCK_EnableUsbfs0Clock
                0x00000000000087e0      0x100 ./drivers/fsl_clock.o
                0x00000000000087e0                CLOCK_EnableUsbfs0Clock
 .text.CLOCK_GetOutClkFreq
                0x00000000000088e0       0x64 ./drivers/fsl_clock.o
                0x00000000000088e0                CLOCK_GetOutClkFreq
 .text.CLOCK_GetFllFreq
                0x0000000000008944       0x74 ./drivers/fsl_clock.o
                0x0000000000008944                CLOCK_GetFllFreq
 .text.CLOCK_GetInternalRefClkFreq
                0x00000000000089b8       0x24 ./drivers/fsl_clock.o
                0x00000000000089b8                CLOCK_GetInternalRefClkFreq
 .text.CLOCK_GetFixedFreqClkFreq
                0x00000000000089dc       0x30 ./drivers/fsl_clock.o
                0x00000000000089dc                CLOCK_GetFixedFreqClkFreq
 .text.CLOCK_GetPll0Freq
                0x0000000000008a0c       0x5c ./drivers/fsl_clock.o
                0x0000000000008a0c                CLOCK_GetPll0Freq
 .text.CLOCK_SetExternalRefClkConfig
                0x0000000000008a68       0x90 ./drivers/fsl_clock.o
                0x0000000000008a68                CLOCK_SetExternalRefClkConfig
 .text.CLOCK_SetInternalRefClkConfig
                0x0000000000008af8      0x104 ./drivers/fsl_clock.o
                0x0000000000008af8                CLOCK_SetInternalRefClkConfig
 .text.CLOCK_EnablePll0
                0x0000000000008bfc       0x94 ./drivers/fsl_clock.o
                0x0000000000008bfc                CLOCK_EnablePll0
 .text.CLOCK_InitOsc0
                0x0000000000008c90       0x8c ./drivers/fsl_clock.o
                0x0000000000008c90                CLOCK_InitOsc0
 .text.CLOCK_SetPbeMode
                0x0000000000008d1c       0x98 ./drivers/fsl_clock.o
                0x0000000000008d1c                CLOCK_SetPbeMode
 .text.CLOCK_BootToPeeMode
                0x0000000000008db4       0x74 ./drivers/fsl_clock.o
                0x0000000000008db4                CLOCK_BootToPeeMode
 .text.__assert_func
                0x0000000000008e28       0x28 ./drivers/fsl_common.o
                0x0000000000008e28                __assert_func
 .text.CLOCK_EnableClock
                0x0000000000008e50       0x34 ./drivers/fsl_dmamux.o
 .text.DMAMUX_GetInstance
                0x0000000000008e84       0x50 ./drivers/fsl_dmamux.o
 .text.DMAMUX_Init
                0x0000000000008ed4       0x20 ./drivers/fsl_dmamux.o
                0x0000000000008ed4                DMAMUX_Init
 .text.CLOCK_EnableClock
                0x0000000000008ef4       0x34 ./drivers/fsl_edma.o
 .text.EDMA_GetInstance
                0x0000000000008f28       0x50 ./drivers/fsl_edma.o
 .text.EDMA_Init
                0x0000000000008f78       0x8c ./drivers/fsl_edma.o
                0x0000000000008f78                EDMA_Init
 .text.EDMA_GetDefaultConfig
                0x0000000000009004       0x44 ./drivers/fsl_edma.o
                0x0000000000009004                EDMA_GetDefaultConfig
 .text.EDMA_SetModulo
                0x0000000000009048       0x78 ./drivers/fsl_edma.o
                0x0000000000009048                EDMA_SetModulo
 .text.EDMA_GetChannelStatusFlags
                0x00000000000090c0       0x84 ./drivers/fsl_edma.o
                0x00000000000090c0                EDMA_GetChannelStatusFlags
 .text.EDMA_ClearChannelStatusFlags
                0x0000000000009144       0x68 ./drivers/fsl_edma.o
                0x0000000000009144                EDMA_ClearChannelStatusFlags
 .text.EDMA_HandleIRQ
                0x00000000000091ac      0x154 ./drivers/fsl_edma.o
                0x00000000000091ac                EDMA_HandleIRQ
 .text.DMA0_DMA16_IRQHandler
                0x0000000000009300       0x48 ./drivers/fsl_edma.o
                0x0000000000009300                DMA0_DMA16_IRQHandler
 .text.DMA1_DMA17_IRQHandler
                0x0000000000009348       0x48 ./drivers/fsl_edma.o
                0x0000000000009348                DMA1_DMA17_IRQHandler
 .text.DMA2_DMA18_IRQHandler
                0x0000000000009390       0x48 ./drivers/fsl_edma.o
                0x0000000000009390                DMA2_DMA18_IRQHandler
 .text.DMA3_DMA19_IRQHandler
                0x00000000000093d8       0x48 ./drivers/fsl_edma.o
                0x00000000000093d8                DMA3_DMA19_IRQHandler
 .text.DMA4_DMA20_IRQHandler
                0x0000000000009420       0x48 ./drivers/fsl_edma.o
                0x0000000000009420                DMA4_DMA20_IRQHandler
 .text.DMA5_DMA21_IRQHandler
                0x0000000000009468       0x48 ./drivers/fsl_edma.o
                0x0000000000009468                DMA5_DMA21_IRQHandler
 .text.DMA6_DMA22_IRQHandler
                0x00000000000094b0       0x48 ./drivers/fsl_edma.o
                0x00000000000094b0                DMA6_DMA22_IRQHandler
 .text.DMA7_DMA23_IRQHandler
                0x00000000000094f8       0x48 ./drivers/fsl_edma.o
                0x00000000000094f8                DMA7_DMA23_IRQHandler
 .text.DMA8_DMA24_IRQHandler
                0x0000000000009540       0x48 ./drivers/fsl_edma.o
                0x0000000000009540                DMA8_DMA24_IRQHandler
 .text.DMA9_DMA25_IRQHandler
                0x0000000000009588       0x48 ./drivers/fsl_edma.o
                0x0000000000009588                DMA9_DMA25_IRQHandler
 .text.DMA10_DMA26_IRQHandler
                0x00000000000095d0       0x48 ./drivers/fsl_edma.o
                0x00000000000095d0                DMA10_DMA26_IRQHandler
 .text.DMA11_DMA27_IRQHandler
                0x0000000000009618       0x48 ./drivers/fsl_edma.o
                0x0000000000009618                DMA11_DMA27_IRQHandler
 .text.DMA12_DMA28_IRQHandler
                0x0000000000009660       0x48 ./drivers/fsl_edma.o
                0x0000000000009660                DMA12_DMA28_IRQHandler
 .text.DMA13_DMA29_IRQHandler
                0x00000000000096a8       0x48 ./drivers/fsl_edma.o
                0x00000000000096a8                DMA13_DMA29_IRQHandler
 .text.DMA14_DMA30_IRQHandler
                0x00000000000096f0       0x48 ./drivers/fsl_edma.o
                0x00000000000096f0                DMA14_DMA30_IRQHandler
 .text.DMA15_DMA31_IRQHandler
                0x0000000000009738       0x48 ./drivers/fsl_edma.o
                0x0000000000009738                DMA15_DMA31_IRQHandler
 .text.FLEXIO_Reset
                0x0000000000009780       0x24 ./drivers/fsl_flexio.o
                0x0000000000009780                FLEXIO_Reset
 .text.FLEXIO_GetShifterBufferAddress
                0x00000000000097a4       0xd0 ./drivers/fsl_flexio.o
                0x00000000000097a4                FLEXIO_GetShifterBufferAddress
 .text.FLEXIO_SetShifterConfig
                0x0000000000009874       0x9c ./drivers/fsl_flexio.o
                0x0000000000009874                FLEXIO_SetShifterConfig
 .text.FLEXIO_SetTimerConfig
                0x0000000000009910       0xe4 ./drivers/fsl_flexio.o
                0x0000000000009910                FLEXIO_SetTimerConfig
 .text.FLEXIO_CommonIRQHandler
                0x00000000000099f4       0x54 ./drivers/fsl_flexio.o
                0x00000000000099f4                FLEXIO_CommonIRQHandler
 .text.FLEXIO0_DriverIRQHandler
                0x0000000000009a48        0xc ./drivers/fsl_flexio.o
                0x0000000000009a48                FLEXIO0_DriverIRQHandler
 .text.CLOCK_EnableClock
                0x0000000000009a54       0x34 ./drivers/fsl_flexio_camera.o
 .text.FLEXIO_ClearShifterStatusFlags
                0x0000000000009a88       0x1c ./drivers/fsl_flexio_camera.o
 .text.FLEXIO_ClearShifterErrorFlags
                0x0000000000009aa4       0x1c ./drivers/fsl_flexio_camera.o
 .text.FLEXIO_ClearTimerStatusFlags
                0x0000000000009ac0       0x1c ./drivers/fsl_flexio_camera.o
 .text.FLEXIO_CAMERA_GetDefaultConfig
                0x0000000000009adc       0x44 ./drivers/fsl_flexio_camera.o
                0x0000000000009adc                FLEXIO_CAMERA_GetDefaultConfig
 .text.FLEXIO_CAMERA_Init
                0x0000000000009b20      0x1d8 ./drivers/fsl_flexio_camera.o
                0x0000000000009b20                FLEXIO_CAMERA_Init
 .text.FLEXIO_CAMERA_ClearStatusFlags
                0x0000000000009cf8       0x64 ./drivers/fsl_flexio_camera.o
                0x0000000000009cf8                FLEXIO_CAMERA_ClearStatusFlags
 .text.GPIO_WritePinOutput
                0x0000000000009d5c       0x3c ./drivers/fsl_gpio.o
 .text.GPIO_PinInit
                0x0000000000009d98       0x70 ./drivers/fsl_gpio.o
                0x0000000000009d98                GPIO_PinInit
 .text.CLOCK_EnableClock
                0x0000000000009e08       0x34 ./drivers/fsl_i2c.o
 .text.I2C_MasterClearStatusFlags
                0x0000000000009e3c       0x58 ./drivers/fsl_i2c.o
 .text.I2C_GetInstance
                0x0000000000009e94       0x58 ./drivers/fsl_i2c.o
                0x0000000000009e94                I2C_GetInstance
 .text.I2C_TransferCommonIRQHandler
                0x0000000000009eec       0x4c ./drivers/fsl_i2c.o
 .text.I2C_MasterInit
                0x0000000000009f38       0xe8 ./drivers/fsl_i2c.o
                0x0000000000009f38                I2C_MasterInit
 .text.I2C_MasterGetDefaultConfig
                0x000000000000a020       0x50 ./drivers/fsl_i2c.o
                0x000000000000a020                I2C_MasterGetDefaultConfig
 .text.I2C_MasterSetBaudRate
                0x000000000000a070       0xd8 ./drivers/fsl_i2c.o
                0x000000000000a070                I2C_MasterSetBaudRate
 .text.I2C_MasterStart
                0x000000000000a148       0x74 ./drivers/fsl_i2c.o
                0x000000000000a148                I2C_MasterStart
 .text.I2C_MasterStop
                0x000000000000a1bc       0x58 ./drivers/fsl_i2c.o
                0x000000000000a1bc                I2C_MasterStop
 .text.I2C_MasterGetStatusFlags
                0x000000000000a214       0x4c ./drivers/fsl_i2c.o
                0x000000000000a214                I2C_MasterGetStatusFlags
 .text.I2C_MasterWriteBlocking
                0x000000000000a260       0xb0 ./drivers/fsl_i2c.o
                0x000000000000a260                I2C_MasterWriteBlocking
 .text.I2C_MasterReadBlocking
                0x000000000000a310       0xc0 ./drivers/fsl_i2c.o
                0x000000000000a310                I2C_MasterReadBlocking
 .text.I2C0_DriverIRQHandler
                0x000000000000a3d0       0x1c ./drivers/fsl_i2c.o
                0x000000000000a3d0                I2C0_DriverIRQHandler
 .text.I2C1_DriverIRQHandler
                0x000000000000a3ec       0x1c ./drivers/fsl_i2c.o
                0x000000000000a3ec                I2C1_DriverIRQHandler
 .text.I2C2_DriverIRQHandler
                0x000000000000a408       0x1c ./drivers/fsl_i2c.o
                0x000000000000a408                I2C2_DriverIRQHandler
 .text.I2C3_DriverIRQHandler
                0x000000000000a424       0x1c ./drivers/fsl_i2c.o
                0x000000000000a424                I2C3_DriverIRQHandler
 .text.CLOCK_EnableClock
                0x000000000000a440       0x34 ./drivers/fsl_lptmr.o
 .text.LPTMR_GetInstance
                0x000000000000a474       0x58 ./drivers/fsl_lptmr.o
 .text.LPTMR_Init
                0x000000000000a4cc       0x9c ./drivers/fsl_lptmr.o
                0x000000000000a4cc                LPTMR_Init
 .text.LPTMR_GetDefaultConfig
                0x000000000000a568       0x58 ./drivers/fsl_lptmr.o
                0x000000000000a568                LPTMR_GetDefaultConfig
 .text.CLOCK_EnableClock
                0x000000000000a5c0       0x34 ./drivers/fsl_lpuart.o
 .text.LPUART_GetInstance
                0x000000000000a5f4       0x58 ./drivers/fsl_lpuart.o
                0x000000000000a5f4                LPUART_GetInstance
 .text.LPUART_Init
                0x000000000000a64c      0x2e8 ./drivers/fsl_lpuart.o
                0x000000000000a64c                LPUART_Init
 .text.LPUART_GetDefaultConfig
                0x000000000000a934       0x5c ./drivers/fsl_lpuart.o
                0x000000000000a934                LPUART_GetDefaultConfig
 .text.LPUART_GetStatusFlags
                0x000000000000a990       0x2c ./drivers/fsl_lpuart.o
                0x000000000000a990                LPUART_GetStatusFlags
 .text.LPUART_ClearStatusFlags
                0x000000000000a9bc       0x94 ./drivers/fsl_lpuart.o
                0x000000000000a9bc                LPUART_ClearStatusFlags
 .text.LPUART_WriteBlocking
                0x000000000000aa50       0x40 ./drivers/fsl_lpuart.o
                0x000000000000aa50                LPUART_WriteBlocking
 .text.LPUART_ReadBlocking
                0x000000000000aa90       0xac ./drivers/fsl_lpuart.o
                0x000000000000aa90                LPUART_ReadBlocking
 .text.LPUART0_DriverIRQHandler
                0x000000000000ab3c       0x20 ./drivers/fsl_lpuart.o
                0x000000000000ab3c                LPUART0_DriverIRQHandler
 .text.LPUART1_DriverIRQHandler
                0x000000000000ab5c       0x20 ./drivers/fsl_lpuart.o
                0x000000000000ab5c                LPUART1_DriverIRQHandler
 .text.LPUART2_DriverIRQHandler
                0x000000000000ab7c       0x20 ./drivers/fsl_lpuart.o
                0x000000000000ab7c                LPUART2_DriverIRQHandler
 .text.LPUART3_DriverIRQHandler
                0x000000000000ab9c       0x20 ./drivers/fsl_lpuart.o
                0x000000000000ab9c                LPUART3_DriverIRQHandler
 .text.LPUART4_DriverIRQHandler
                0x000000000000abbc       0x20 ./drivers/fsl_lpuart.o
                0x000000000000abbc                LPUART4_DriverIRQHandler
 .text.CLOCK_SetLpuartClock
                0x000000000000abdc       0x38 ./board/board.o
 .text.BOARD_InitDebugConsole
                0x000000000000ac14       0x2c ./board/board.o
                0x000000000000ac14                BOARD_InitDebugConsole
 .text.CLOCK_SetXtal0Freq
                0x000000000000ac40       0x1c ./board/clock_config.o
 .text.CLOCK_SetSimSafeDivs
                0x000000000000ac5c       0x20 ./board/clock_config.o
 .text.BOARD_BootClockRUN
                0x000000000000ac7c       0x58 ./board/clock_config.o
                0x000000000000ac7c                BOARD_BootClockRUN
 .text.CLOCK_EnableClock
                0x000000000000acd4       0x34 ./board/pin_mux.o
 .text.PORT_SetPinConfig
                0x000000000000ad08       0x44 ./board/pin_mux.o
 .text.PORT_SetPinMux
                0x000000000000ad4c       0x38 ./board/pin_mux.o
 .text.PORT_SetPinInterruptConfig
                0x000000000000ad84       0x38 ./board/pin_mux.o
 .text.BOARD_InitPins
                0x000000000000adbc      0x170 ./board/pin_mux.o
                0x000000000000adbc                BOARD_InitPins
 .text.modf     0x000000000000af2c       0xa4 /Applications/KDS_v3.app/Contents/toolchain/bin/../lib/gcc/arm-none-eabi/4.8.4/../../../../arm-none-eabi/lib/armv7e-m/fpu/libm.a(lib_a-s_modf.o)
                0x000000000000af2c                modf
 .text.pow      0x000000000000afd0      0x340 /Applications/KDS_v3.app/Contents/toolchain/bin/../lib/gcc/arm-none-eabi/4.8.4/../../../../arm-none-eabi/lib/armv7e-m/fpu/libm.a(lib_a-w_pow.o)
                0x000000000000afd0                pow
 .text.__ieee754_pow
                0x000000000000b310      0xae8 /Applications/KDS_v3.app/Contents/toolchain/bin/../lib/gcc/arm-none-eabi/4.8.4/../../../../arm-none-eabi/lib/armv7e-m/fpu/libm.a(lib_a-e_pow.o)
                0x000000000000b310                __ieee754_pow
 .text.__ieee754_sqrt
                0x000000000000bdf8      0x198 /Applications/KDS_v3.app/Contents/toolchain/bin/../lib/gcc/arm-none-eabi/4.8.4/../../../../arm-none-eabi/lib/armv7e-m/fpu/libm.a(lib_a-e_sqrt.o)
                0x000000000000bdf8                __ieee754_sqrt
 .text.fabs     0x000000000000bf90       0x14 /Applications/KDS_v3.app/Contents/toolchain/bin/../lib/gcc/arm-none-eabi/4.8.4/../../../../arm-none-eabi/lib/armv7e-m/fpu/libm.a(lib_a-s_fabs.o)
                0x000000000000bf90                fabs
 .text.finite   0x000000000000bfa4       0x10 /Applications/KDS_v3.app/Contents/toolchain/bin/../lib/gcc/arm-none-eabi/4.8.4/../../../../arm-none-eabi/lib/armv7e-m/fpu/libm.a(lib_a-s_finite.o)
                0x000000000000bfa4                finite
 .text.__fpclassifyd
                0x000000000000bfb4       0x54 /Applications/KDS_v3.app/Contents/toolchain/bin/../lib/gcc/arm-none-eabi/4.8.4/../../../../arm-none-eabi/lib/armv7e-m/fpu/libm.a(lib_a-s_fpclassify.o)
                0x000000000000bfb4                __fpclassifyd
 .text.matherr  0x000000000000c008        0x4 /Applications/KDS_v3.app/Contents/toolchain/bin/../lib/gcc/arm-none-eabi/4.8.4/../../../../arm-none-eabi/lib/armv7e-m/fpu/libm.a(lib_a-s_matherr.o)
                0x000000000000c008                matherr
 *fill*         0x000000000000c00c        0x4 
 .text.nan      0x000000000000c010       0x10 /Applications/KDS_v3.app/Contents/toolchain/bin/../lib/gcc/arm-none-eabi/4.8.4/../../../../arm-none-eabi/lib/armv7e-m/fpu/libm.a(lib_a-s_nan.o)
                0x000000000000c010                nan
 .text.rint     0x000000000000c020      0x120 /Applications/KDS_v3.app/Contents/toolchain/bin/../lib/gcc/arm-none-eabi/4.8.4/../../../../arm-none-eabi/lib/armv7e-m/fpu/libm.a(lib_a-s_rint.o)
                0x000000000000c020                rint
 .text.scalbn   0x000000000000c140      0x120 /Applications/KDS_v3.app/Contents/toolchain/bin/../lib/gcc/arm-none-eabi/4.8.4/../../../../arm-none-eabi/lib/armv7e-m/fpu/libm.a(lib_a-s_scalbn.o)
                0x000000000000c140                scalbn
 .text.copysign
                0x000000000000c260       0x24 /Applications/KDS_v3.app/Contents/toolchain/bin/../lib/gcc/arm-none-eabi/4.8.4/../../../../arm-none-eabi/lib/armv7e-m/fpu/libm.a(lib_a-s_copysign.o)
                0x000000000000c260                copysign
 .text.__errno  0x000000000000c284        0xc /Applications/KDS_v3.app/Contents/toolchain/bin/../lib/gcc/arm-none-eabi/4.8.4/../../../../arm-none-eabi/lib/armv7e-m/fpu/libg_s.a(lib_a-errno.o)
                0x000000000000c284                __errno
 .text.exit     0x000000000000c290       0x28 /Applications/KDS_v3.app/Contents/toolchain/bin/../lib/gcc/arm-none-eabi/4.8.4/../../../../arm-none-eabi/lib/armv7e-m/fpu/libg_s.a(lib_a-exit.o)
                0x000000000000c290                exit
 .text.__libc_init_array
                0x000000000000c2b8       0x4c /Applications/KDS_v3.app/Contents/toolchain/bin/../lib/gcc/arm-none-eabi/4.8.4/../../../../arm-none-eabi/lib/armv7e-m/fpu/libg_s.a(lib_a-init.o)
                0x000000000000c2b8                __libc_init_array
 .text.memset   0x000000000000c304       0x10 /Applications/KDS_v3.app/Contents/toolchain/bin/../lib/gcc/arm-none-eabi/4.8.4/../../../../arm-none-eabi/lib/armv7e-m/fpu/libg_s.a(lib_a-memset.o)
                0x000000000000c304                memset
 .text.strlen   0x000000000000c314       0x10 /Applications/KDS_v3.app/Contents/toolchain/bin/../lib/gcc/arm-none-eabi/4.8.4/../../../../arm-none-eabi/lib/armv7e-m/fpu/libg_s.a(lib_a-strlen.o)
                0x000000000000c314                strlen
 .text._exit    0x000000000000c324        0x4 /Applications/KDS_v3.app/Contents/toolchain/bin/../lib/gcc/arm-none-eabi/4.8.4/../../../../arm-none-eabi/lib/armv7e-m/fpu/libnosys.a(_exit.o)
                0x000000000000c324                _exit
 *(.rodata)
 .rodata        0x000000000000c328      0x1a8 ./sources/flexio_ov7670.o
 .rodata        0x000000000000c4d0       0xbc ./sources/parkingasst.o
 .rodata        0x000000000000c58c       0xb4 ./sources/video_camera.o
 .rodata        0x000000000000c640       0x94 ./drivers/fsl_clock.o
 .rodata        0x000000000000c6d4       0x40 ./drivers/fsl_common.o
 .rodata        0x000000000000c714       0x98 ./drivers/fsl_dmamux.o
 .rodata        0x000000000000c7ac      0x290 ./drivers/fsl_edma.o
 .rodata        0x000000000000ca3c       0xb0 ./drivers/fsl_flexio.o
 .rodata        0x000000000000caec       0x90 ./drivers/fsl_flexio_camera.o
 .rodata        0x000000000000cb7c       0xa0 ./drivers/fsl_gpio.o
 .rodata        0x000000000000cc1c      0x124 ./drivers/fsl_i2c.o
 .rodata        0x000000000000cd40       0xa0 ./drivers/fsl_lptmr.o
 .rodata        0x000000000000cde0      0x128 ./drivers/fsl_lpuart.o
 .rodata        0x000000000000cf08       0x44 ./board/pin_mux.o
 *(.rodata*)
 .rodata.s_UsbDeviceKhciInterface
                0x000000000000cf4c       0x18 ./usb/device/source/usb_device_dci.o
 .rodata.__func__.8310
                0x000000000000cf64       0x1c ./sources/flexio_ov7670.o
 .rodata.__func__.7651
                0x000000000000cf80       0x14 ./sources/flexio_ov7670.o
 .rodata.__func__.7576
                0x000000000000cf94       0x1c ./sources/flexio_ov7670.o
 .rodata.__func__.7640
                0x000000000000cfb0       0x18 ./sources/flexio_ov7670.o
 .rodata.__func__.6855
                0x000000000000cfc8       0x14 ./sources/parkingasst.o
 .rodata.s_UsbDeviceStandardRequest
                0x000000000000cfdc       0x34 ./sources/usb_device_ch9.o
 .rodata.__func__.6621
                0x000000000000d010       0x18 ./drivers/fsl_clock.o
 .rodata.__func__.6666
                0x000000000000d028       0x1c ./drivers/fsl_clock.o
 .rodata.__func__.6670
                0x000000000000d044       0x1c ./drivers/fsl_clock.o
 .rodata.__func__.6678
                0x000000000000d060       0x18 ./drivers/fsl_clock.o
 .rodata.fllFactorTable.6757
                0x000000000000d078       0x10 ./drivers/fsl_clock.o
 .rodata.__func__.6819
                0x000000000000d088       0x14 ./drivers/fsl_clock.o
 .rodata.__func__.7015
                0x000000000000d09c       0x14 ./drivers/fsl_clock.o
 .rodata.__func__.6631
                0x000000000000d0b0       0x14 ./drivers/fsl_dmamux.o
 .rodata.__func__.6897
                0x000000000000d0c4       0x14 ./drivers/fsl_edma.o
 .rodata.__func__.6908
                0x000000000000d0d8        0xc ./drivers/fsl_edma.o
 .rodata.__func__.6916
                0x000000000000d0e4       0x18 ./drivers/fsl_edma.o
 .rodata.__func__.6955
                0x000000000000d0fc       0x10 ./drivers/fsl_edma.o
 .rodata.__func__.7021
                0x000000000000d10c       0x1c ./drivers/fsl_edma.o
 .rodata.__func__.7028
                0x000000000000d128       0x20 ./drivers/fsl_edma.o
 .rodata.__func__.7107
                0x000000000000d148       0x10 ./drivers/fsl_edma.o
 .rodata.__func__.6848
                0x000000000000d158       0x20 ./drivers/fsl_flexio.o
 .rodata.__func__.6880
                0x000000000000d178       0x20 ./drivers/fsl_flexio_camera.o
 .rodata.__func__.6885
                0x000000000000d198       0x14 ./drivers/fsl_flexio_camera.o
 .rodata.__func__.6645
                0x000000000000d1ac       0x10 ./drivers/fsl_gpio.o
 .rodata.s_i2cDividerTable
                0x000000000000d1bc       0x80 ./drivers/fsl_i2c.o
                0x000000000000d1bc                s_i2cDividerTable
 .rodata.s_i2cBases
                0x000000000000d23c       0x10 ./drivers/fsl_i2c.o
 .rodata.s_i2cClocks
                0x000000000000d24c       0x10 ./drivers/fsl_i2c.o
                0x000000000000d24c                s_i2cClocks
 .rodata.__func__.6847
                0x000000000000d25c       0x10 ./drivers/fsl_i2c.o
 .rodata.__func__.6888
                0x000000000000d26c       0x10 ./drivers/fsl_i2c.o
 .rodata.__func__.6897
                0x000000000000d27c       0x1c ./drivers/fsl_i2c.o
 .rodata.s_lptmrBases
                0x000000000000d298        0x8 ./drivers/fsl_lptmr.o
 .rodata.s_lptmrClocks
                0x000000000000d2a0        0x8 ./drivers/fsl_lptmr.o
 .rodata.__func__.6692
                0x000000000000d2a8       0x14 ./drivers/fsl_lptmr.o
 .rodata.__func__.6697
                0x000000000000d2bc        0xc ./drivers/fsl_lptmr.o
 .rodata.__func__.6704
                0x000000000000d2c8       0x18 ./drivers/fsl_lptmr.o
 .rodata.s_lpuartBases
                0x000000000000d2e0       0x14 ./drivers/fsl_lpuart.o
 .rodata.s_lpuartClock
                0x000000000000d2f4       0x14 ./drivers/fsl_lpuart.o
 .rodata.__func__.6815
                0x000000000000d308       0x14 ./drivers/fsl_lpuart.o
 .rodata.__func__.6849
                0x000000000000d31c        0xc ./drivers/fsl_lpuart.o
 .rodata.__func__.6874
                0x000000000000d328       0x18 ./drivers/fsl_lpuart.o
 .rodata.g_defaultClockConfigRun
                0x000000000000d340       0x20 ./board/clock_config.o
                0x000000000000d340                g_defaultClockConfigRun
 .rodata.__func__.6656
                0x000000000000d360       0x14 ./board/pin_mux.o
 .rodata.str1.4
                0x000000000000d374        0x4 /Applications/KDS_v3.app/Contents/toolchain/bin/../lib/gcc/arm-none-eabi/4.8.4/../../../../arm-none-eabi/lib/armv7e-m/fpu/libm.a(lib_a-w_pow.o)
 .rodata.dp_h   0x000000000000d378       0x10 /Applications/KDS_v3.app/Contents/toolchain/bin/../lib/gcc/arm-none-eabi/4.8.4/../../../../arm-none-eabi/lib/armv7e-m/fpu/libm.a(lib_a-e_pow.o)
 .rodata.dp_l   0x000000000000d388       0x10 /Applications/KDS_v3.app/Contents/toolchain/bin/../lib/gcc/arm-none-eabi/4.8.4/../../../../arm-none-eabi/lib/armv7e-m/fpu/libm.a(lib_a-e_pow.o)
 .rodata.bp     0x000000000000d398       0x10 /Applications/KDS_v3.app/Contents/toolchain/bin/../lib/gcc/arm-none-eabi/4.8.4/../../../../arm-none-eabi/lib/armv7e-m/fpu/libm.a(lib_a-e_pow.o)
 .rodata.str1.4
                0x000000000000d3a8        0x4 /Applications/KDS_v3.app/Contents/toolchain/bin/../lib/gcc/arm-none-eabi/4.8.4/../../../../arm-none-eabi/lib/armv7e-m/fpu/libm.a(lib_a-e_pow.o)
 *fill*         0x000000000000d3ac        0x4 
 .rodata.TWO52  0x000000000000d3b0       0x10 /Applications/KDS_v3.app/Contents/toolchain/bin/../lib/gcc/arm-none-eabi/4.8.4/../../../../arm-none-eabi/lib/armv7e-m/fpu/libm.a(lib_a-s_rint.o)
 .rodata.str1.1
                0x000000000000d3c0        0x2 /Applications/KDS_v3.app/Contents/toolchain/bin/../lib/gcc/arm-none-eabi/4.8.4/../../../../arm-none-eabi/lib/armv7e-m/fpu/libg_s.a(lib_a-impure.o)
 *fill*         0x000000000000d3c2        0x2 
 .rodata._global_impure_ptr
                0x000000000000d3c4        0x4 /Applications/KDS_v3.app/Contents/toolchain/bin/../lib/gcc/arm-none-eabi/4.8.4/../../../../arm-none-eabi/lib/armv7e-m/fpu/libg_s.a(lib_a-impure.o)
                0x000000000000d3c4                _global_impure_ptr
 *(.glue_7)
 .glue_7        0x0000000000000000        0x0 linker stubs
 *(.glue_7t)
 .glue_7t       0x0000000000000000        0x0 linker stubs
 *(.eh_frame)
 .eh_frame      0x000000000000d3c8        0x0 /Applications/KDS_v3.app/Contents/toolchain/bin/../lib/gcc/arm-none-eabi/4.8.4/armv7e-m/fpu/crtbegin.o
 *(.init)
 .init          0x000000000000d3c8        0x4 /Applications/KDS_v3.app/Contents/toolchain/bin/../lib/gcc/arm-none-eabi/4.8.4/armv7e-m/fpu/crti.o
                0x000000000000d3c8                _init
 .init          0x000000000000d3cc        0x8 /Applications/KDS_v3.app/Contents/toolchain/bin/../lib/gcc/arm-none-eabi/4.8.4/armv7e-m/fpu/crtn.o
 *(.fini)
 .fini          0x000000000000d3d4        0x4 /Applications/KDS_v3.app/Contents/toolchain/bin/../lib/gcc/arm-none-eabi/4.8.4/armv7e-m/fpu/crti.o
                0x000000000000d3d4                _fini
 .fini          0x000000000000d3d8        0x8 /Applications/KDS_v3.app/Contents/toolchain/bin/../lib/gcc/arm-none-eabi/4.8.4/armv7e-m/fpu/crtn.o
                0x000000000000d3e0                . = ALIGN (0x4)

.vfp11_veneer   0x000000000000d3e0        0x0
 .vfp11_veneer  0x0000000000000000        0x0 linker stubs

.v4_bx          0x000000000000d3e0        0x0
 .v4_bx         0x0000000000000000        0x0 linker stubs

.iplt           0x000000000000d3e0        0x0
 .iplt          0x0000000000000000        0x0 /Applications/KDS_v3.app/Contents/toolchain/bin/../lib/gcc/arm-none-eabi/4.8.4/armv7e-m/fpu/crtbegin.o

.ARM.extab
 *(.ARM.extab* .gnu.linkonce.armextab.*)

.ARM            0x000000000000d3e0        0x8
                0x000000000000d3e0                __exidx_start = .
 *(.ARM.exidx*)
 .ARM.exidx     0x000000000000d3e0        0x8 /Applications/KDS_v3.app/Contents/toolchain/bin/../lib/gcc/arm-none-eabi/4.8.4/../../../../arm-none-eabi/lib/armv7e-m/fpu/crt0.o
 .ARM.exidx     0x000000000000d3e8        0x0 /Applications/KDS_v3.app/Contents/toolchain/bin/../lib/gcc/arm-none-eabi/4.8.4/armv7e-m/fpu/libgcc.a(_divdi3.o)
                                          0x8 (size before relaxing)
 .ARM.exidx     0x000000000000d3e8        0x0 /Applications/KDS_v3.app/Contents/toolchain/bin/../lib/gcc/arm-none-eabi/4.8.4/armv7e-m/fpu/libgcc.a(_udivdi3.o)
                                          0x8 (size before relaxing)
                0x000000000000d3e8                __exidx_end = .

.rel.dyn        0x000000000000d3e8        0x0
 .rel.iplt      0x0000000000000000        0x0 /Applications/KDS_v3.app/Contents/toolchain/bin/../lib/gcc/arm-none-eabi/4.8.4/armv7e-m/fpu/crtbegin.o

.ctors          0x000000000000d3e8        0x0
                0x000000000000d3e8                __CTOR_LIST__ = .
 *crtbegin.o(.ctors)
 *crtbegin?.o(.ctors)
 *(EXCLUDE_FILE(*crtend.o *crtend?.o) .ctors)
 *(SORT(.ctors.*))
 *(.ctors)
                0x000000000000d3e8                __CTOR_END__ = .

.dtors          0x000000000000d3e8        0x0
                0x000000000000d3e8                __DTOR_LIST__ = .
 *crtbegin.o(.dtors)
 *crtbegin?.o(.dtors)
 *(EXCLUDE_FILE(*crtend.o *crtend?.o) .dtors)
 *(SORT(.dtors.*))
 *(.dtors)
                0x000000000000d3e8                __DTOR_END__ = .

.preinit_array  0x000000000000d3e8        0x0
                0x000000000000d3e8                PROVIDE (__preinit_array_start, .)
 *(.preinit_array*)
                0x000000000000d3e8                PROVIDE (__preinit_array_end, .)

.init_array     0x000000000000d3e8        0x4
                0x000000000000d3e8                PROVIDE (__init_array_start, .)
 *(SORT(.init_array.*))
 *(.init_array*)
 .init_array    0x000000000000d3e8        0x4 /Applications/KDS_v3.app/Contents/toolchain/bin/../lib/gcc/arm-none-eabi/4.8.4/armv7e-m/fpu/crtbegin.o
                0x000000000000d3ec                PROVIDE (__init_array_end, .)

.fini_array     0x000000000000d3ec        0x4
                0x000000000000d3ec                PROVIDE (__fini_array_start, .)
 *(SORT(.fini_array.*))
 *(.fini_array*)
 .fini_array    0x000000000000d3ec        0x4 /Applications/KDS_v3.app/Contents/toolchain/bin/../lib/gcc/arm-none-eabi/4.8.4/armv7e-m/fpu/crtbegin.o
                0x000000000000d3f0                PROVIDE (__fini_array_end, .)
                0x000000000000d3f0                __etext = .
                0x000000000000d3f0                __DATA_ROM = .

.interrupts_ram
                0x000000001fff0000        0x0
                0x000000001fff0000                . = ALIGN (0x4)
                0x000000001fff0000                __VECTOR_RAM__ = .
                0x000000001fff0000                __interrupts_ram_start__ = .
 *(.m_interrupts_ram)
                0x000000001fff0000                . = (. + M_VECTOR_RAM_SIZE)
                0x000000001fff0000                . = ALIGN (0x4)
                0x000000001fff0000                __interrupts_ram_end__ = .
                0x0000000000000000                __VECTOR_RAM = DEFINED (__ram_vector_table__)?__VECTOR_RAM__:ORIGIN (m_interrupts)
                0x0000000000000000                __RAM_VECTOR_TABLE_SIZE_BYTES = DEFINED (__ram_vector_table__)?(__interrupts_ram_end__ - __interrupts_ram_start__):0x0

.data           0x000000001fff0000      0x334 load address 0x000000000000d3f0
                0x000000001fff0000                . = ALIGN (0x4)
                0x000000001fff0000                __DATA_RAM = .
                0x000000001fff0000                __data_start__ = .
 *(.data)
 *(.data*)
 .data.SystemCoreClock
                0x000000001fff0000        0x4 ./startup/system_MK82F25615.o
                0x000000001fff0000                SystemCoreClock
 .data.OV7670_RESOLUTION_VGA
                0x000000001fff0004        0x8 ./sources/ov7670/ov7670_driver.o
                0x000000001fff0004                OV7670_RESOLUTION_VGA
 .data.OV7670_RESOLUTION_QVGA
                0x000000001fff000c        0x8 ./sources/ov7670/ov7670_driver.o
                0x000000001fff000c                OV7670_RESOLUTION_QVGA
 .data.OV7670_RESOLUTION_QQVGA
                0x000000001fff0014        0x8 ./sources/ov7670/ov7670_driver.o
                0x000000001fff0014                OV7670_RESOLUTION_QQVGA
 .data.OV7670_RESOLUTION_CIF
                0x000000001fff001c        0x8 ./sources/ov7670/ov7670_driver.o
                0x000000001fff001c                OV7670_RESOLUTION_CIF
 .data.OV7670_RESOLUTION_QCIF
                0x000000001fff0024        0x8 ./sources/ov7670/ov7670_driver.o
                0x000000001fff0024                OV7670_RESOLUTION_QCIF
 .data.OV7670_RESOLUTION_QQCIF
                0x000000001fff002c        0x8 ./sources/ov7670/ov7670_driver.o
                0x000000001fff002c                OV7670_RESOLUTION_QQCIF
 .data.OV7670_WINDOW_VGA
                0x000000001fff0034        0x8 ./sources/ov7670/ov7670_driver.o
                0x000000001fff0034                OV7670_WINDOW_VGA
 .data.OV7670_WINDOW_QVGA
                0x000000001fff003c        0x8 ./sources/ov7670/ov7670_driver.o
                0x000000001fff003c                OV7670_WINDOW_QVGA
 .data.OV7670_WINDOW_QQVGA
                0x000000001fff0044        0x8 ./sources/ov7670/ov7670_driver.o
                0x000000001fff0044                OV7670_WINDOW_QQVGA
 .data.OV7670_WINDOW_CIF
                0x000000001fff004c        0x8 ./sources/ov7670/ov7670_driver.o
                0x000000001fff004c                OV7670_WINDOW_CIF
 .data.OV7670_WINDOW_QCIF
                0x000000001fff0054        0x8 ./sources/ov7670/ov7670_driver.o
                0x000000001fff0054                OV7670_WINDOW_QCIF
 .data.OV7670_WINDOW_QQCIF
                0x000000001fff005c        0x8 ./sources/ov7670/ov7670_driver.o
                0x000000001fff005c                OV7670_WINDOW_QQCIF
 .data.OV7670_25FPS_12MHZ_XCLK
                0x000000001fff0064        0x8 ./sources/ov7670/ov7670_driver.o
                0x000000001fff0064                OV7670_25FPS_12MHZ_XCLK
 .data.OV7670_FILTER_25FPS_50HZ
                0x000000001fff006c        0x8 ./sources/ov7670/ov7670_driver.o
                0x000000001fff006c                OV7670_FILTER_25FPS_50HZ
 .data.OV7670_WHITE_BALANCE_SIMPLE
                0x000000001fff0074        0xc ./sources/ov7670/ov7670_driver.o
                0x000000001fff0074                OV7670_WHITE_BALANCE_SIMPLE
 .data.OV7670_LIGHT_MODE_DISABLED
                0x000000001fff0080        0x8 ./sources/ov7670/ov7670_driver.o
                0x000000001fff0080                OV7670_LIGHT_MODE_DISABLED
 .data.OV7670_COLOR_SATURATION_2PLUS
                0x000000001fff0088        0x8 ./sources/ov7670/ov7670_driver.o
                0x000000001fff0088                OV7670_COLOR_SATURATION_2PLUS
 .data.OV7670_SPECIAL_EFFECT_DISABLED
                0x000000001fff0090        0x4 ./sources/ov7670/ov7670_driver.o
                0x000000001fff0090                OV7670_SPECIAL_EFFECT_DISABLED
 .data.OV7670_GAMMA_CURVE_SLOPE_DEFAULT
                0x000000001fff0094       0x10 ./sources/ov7670/ov7670_driver.o
                0x000000001fff0094                OV7670_GAMMA_CURVE_SLOPE_DEFAULT
 .data.s_Ov7670CameraHandler
                0x000000001fff00a4        0x8 ./sources/flexio_ov7670.o
 .data.s_Ov7670CameraConfig
                0x000000001fff00ac       0x14 ./sources/flexio_ov7670.o
 .data.s_FlexioCameraDevice
                0x000000001fff00c0       0x1c ./sources/flexio_ov7670.o
 .data.s_FlexioStartCapture
                0x000000001fff00dc        0x1 ./sources/flexio_ov7670.o
 *fill*         0x000000001fff00dd        0x3 
 .data.TO_ASCII
                0x000000001fff00e0       0x40 ./sources/parkingasst.o
                0x000000001fff00e0                TO_ASCII
 .data.g_UsbDeviceDescriptor
                0x000000001fff0120       0x14 ./sources/usb_device_descriptor.o
                0x000000001fff0120                g_UsbDeviceDescriptor
 .data.g_UsbDeviceConfigurationDescriptor
                0x000000001fff0134       0xcc ./sources/usb_device_descriptor.o
                0x000000001fff0134                g_UsbDeviceConfigurationDescriptor
 .data.g_UsbDeviceString0
                0x000000001fff0200        0x4 ./sources/usb_device_descriptor.o
                0x000000001fff0200                g_UsbDeviceString0
 .data.g_UsbDeviceString1
                0x000000001fff0204       0x3c ./sources/usb_device_descriptor.o
                0x000000001fff0204                g_UsbDeviceString1
 .data.g_UsbDeviceString2
                0x000000001fff0240       0x18 ./sources/usb_device_descriptor.o
                0x000000001fff0240                g_UsbDeviceString2
 .data.g_UsbDeviceString3
                0x000000001fff0258       0x2c ./sources/usb_device_descriptor.o
                0x000000001fff0258                g_UsbDeviceString3
 .data.g_UsbDeviceStringDescriptorLength
                0x000000001fff0284       0x10 ./sources/usb_device_descriptor.o
                0x000000001fff0284                g_UsbDeviceStringDescriptorLength
 .data.g_UsbDeviceStringDescriptorArray
                0x000000001fff0294       0x10 ./sources/usb_device_descriptor.o
                0x000000001fff0294                g_UsbDeviceStringDescriptorArray
 .data.g_UsbDeviceLanguage
                0x000000001fff02a4        0xc ./sources/usb_device_descriptor.o
                0x000000001fff02a4                g_UsbDeviceLanguage
 .data.g_UsbDeviceLanguageList
                0x000000001fff02b0       0x10 ./sources/usb_device_descriptor.o
                0x000000001fff02b0                g_UsbDeviceLanguageList
 .data.s_slowIrcFreq
                0x000000001fff02c0        0x4 ./drivers/fsl_clock.o
 .data.s_fastIrcFreq
                0x000000001fff02c4        0x4 ./drivers/fsl_clock.o
 .data.__fdlib_version
                0x000000001fff02c8        0x1 /Applications/KDS_v3.app/Contents/toolchain/bin/../lib/gcc/arm-none-eabi/4.8.4/../../../../arm-none-eabi/lib/armv7e-m/fpu/libm.a(lib_a-s_lib_ver.o)
                0x000000001fff02c8                __fdlib_version
 *fill*         0x000000001fff02c9        0x3 
 .data.impure_data
                0x000000001fff02cc       0x60 /Applications/KDS_v3.app/Contents/toolchain/bin/../lib/gcc/arm-none-eabi/4.8.4/../../../../arm-none-eabi/lib/armv7e-m/fpu/libg_s.a(lib_a-impure.o)
 .data._impure_ptr
                0x000000001fff032c        0x4 /Applications/KDS_v3.app/Contents/toolchain/bin/../lib/gcc/arm-none-eabi/4.8.4/../../../../arm-none-eabi/lib/armv7e-m/fpu/libg_s.a(lib_a-impure.o)
                0x000000001fff032c                _impure_ptr
 *(.jcr*)
 .jcr           0x000000001fff0330        0x0 /Applications/KDS_v3.app/Contents/toolchain/bin/../lib/gcc/arm-none-eabi/4.8.4/armv7e-m/fpu/crtbegin.o
 .jcr           0x000000001fff0330        0x4 /Applications/KDS_v3.app/Contents/toolchain/bin/../lib/gcc/arm-none-eabi/4.8.4/armv7e-m/fpu/crtend.o
                0x000000001fff0334                . = ALIGN (0x4)
                0x000000001fff0334                __data_end__ = .
                0x000000000000d724                __DATA_END = (__DATA_ROM + (__data_end__ - __data_start__))
                0x0000000000040000                text_end = (ORIGIN (m_text) + 0x3fbf0)
                0x0000000000000001                ASSERT ((__DATA_END <= text_end), region m_text overflowed with text and data)
                0x0000000000000800                USB_RAM_GAP = DEFINED (__usb_ram_size__)?__usb_ram_size__:0x800

.igot.plt       0x000000001fff0334        0x0 load address 0x000000000000d724
 .igot.plt      0x0000000000000000        0x0 /Applications/KDS_v3.app/Contents/toolchain/bin/../lib/gcc/arm-none-eabi/4.8.4/armv7e-m/fpu/crtbegin.o

.bss            0x0000000020000000    0x18200
                0x0000000020000000                . = ALIGN (0x4)
                0x0000000020000000                __START_BSS = .
                0x0000000020000000                __bss_start__ = .
 *(.bss)
 .bss           0x0000000020000000       0x1c /Applications/KDS_v3.app/Contents/toolchain/bin/../lib/gcc/arm-none-eabi/4.8.4/armv7e-m/fpu/crtbegin.o
 *(.bss*)
 .bss.s_debugConsole
                0x000000002000001c       0x10 ./utilities/fsl_debug_console.o
 .bss.OV7670_FORMAT_YUV422
                0x000000002000002c        0x4 ./sources/ov7670/ov7670_driver.o
                0x000000002000002c                OV7670_FORMAT_YUV422
 .bss.OV7670_NIGHT_MODE_DISABLED
                0x0000000020000030        0x4 ./sources/ov7670/ov7670_driver.o
                0x0000000020000030                OV7670_NIGHT_MODE_DISABLED
 *fill*         0x0000000020000034        0xc 
 .bss.g_FlexioCameraFrameBuffer
                0x0000000020000040    0x12c40 ./sources/flexio_ov7670.o
                0x0000000020000040                g_FlexioCameraFrameBuffer
 .bss.s_TcdMemoryPtrFlexioToFrame
                0x0000000020012c80       0x20 ./sources/flexio_ov7670.o
 .bss.s_FlexioCameraConfig
                0x0000000020012ca0        0x4 ./sources/flexio_ov7670.o
 .bss.lptmrCounter
                0x0000000020012ca4        0x4 ./sources/parkingasst.o
                0x0000000020012ca4                lptmrCounter
 .bss.gPrevImage
                0x0000000020012ca8     0x4b00 ./sources/parkingasst.o
 .bss.lastxcor.6952
                0x00000000200177a8        0x4 ./sources/parkingasst.o
 .bss.lastycor.6953
                0x00000000200177ac        0x4 ./sources/parkingasst.o
 .bss.state.6951
                0x00000000200177b0        0x4 ./sources/parkingasst.o
 .bss.s_UsbDeviceStandardRx
                0x00000000200177b4        0x2 ./sources/usb_device_ch9.o
 .bss.g_UsbDeviceCurrentConfigure
                0x00000000200177b6        0x1 ./sources/usb_device_descriptor.o
                0x00000000200177b6                g_UsbDeviceCurrentConfigure
 *fill*         0x00000000200177b7        0x1 
 .bss.g_UsbDeviceInterface
                0x00000000200177b8        0x4 ./sources/usb_device_descriptor.o
                0x00000000200177b8                g_UsbDeviceInterface
 .bss.g_UsbDeviceVideoFlexioCamera
                0x00000000200177bc       0x94 ./sources/video_camera.o
                0x00000000200177bc                g_UsbDeviceVideoFlexioCamera
 .bss.setup.8629
                0x0000000020017850        0x8 ./sources/video_camera.o
 .bss.setupOut.8645
                0x0000000020017858       0x24 ./sources/video_camera.o
 .bss.g_xtal0Freq
                0x000000002001787c        0x4 ./drivers/fsl_clock.o
                0x000000002001787c                g_xtal0Freq
 .bss.g_xtal32Freq
                0x0000000020017880        0x4 ./drivers/fsl_clock.o
                0x0000000020017880                g_xtal32Freq
 .bss.s_EDMAHandle
                0x0000000020017884       0x80 ./drivers/fsl_edma.o
 .bss.s_flexioHandle
                0x0000000020017904        0x8 ./drivers/fsl_flexio.o
 .bss.s_flexioType
                0x000000002001790c        0x8 ./drivers/fsl_flexio.o
 .bss.s_flexioIsr
                0x0000000020017914        0x8 ./drivers/fsl_flexio.o
 .bss.s_i2cHandle
                0x000000002001791c       0x10 ./drivers/fsl_i2c.o
 .bss.s_i2cMasterIsr
                0x000000002001792c        0x4 ./drivers/fsl_i2c.o
 .bss.s_i2cSlaveIsr
                0x0000000020017930        0x4 ./drivers/fsl_i2c.o
 .bss.s_lpuartHandle
                0x0000000020017934       0x14 ./drivers/fsl_lpuart.o
 .bss.s_lpuartIsr
                0x0000000020017948        0x4 ./drivers/fsl_lpuart.o
                0x0000000020017a00                . = ALIGN (0x200)
 *fill*         0x000000002001794c       0xb4 
                0x0000000020017a00                USB_RAM_START = .
                0x0000000020018200                . = (. + USB_RAM_GAP)
 *fill*         0x0000000020017a00      0x800 
 *(COMMON)
                0x0000000020018200                . = ALIGN (0x4)
                0x0000000020018200                __bss_end__ = .
                0x0000000020018200                __END_BSS = .

.heap           0x0000000020018200     0x2000
                0x0000000020018200                . = ALIGN (0x8)
                0x0000000020018200                __end__ = .
                0x0000000020018200                PROVIDE (end, .)
                0x0000000020018200                __HeapBase = .
                0x000000002001a200                . = (. + HEAP_SIZE)
 *fill*         0x0000000020018200     0x2000 
                0x000000002001a200                __HeapLimit = .

.stack          0x000000002001a200      0x400
                0x000000002001a200                . = ALIGN (0x8)
                0x000000002001a600                . = (. + STACK_SIZE)
 *fill*         0x000000002001a200      0x400 

m_usb_bdt       0x0000000020017a00      0x200
 *(m_usb_bdt)
 m_usb_bdt      0x0000000020017a00      0x200 ./usb/device/source/khci/usb_device_khci.o
                0x0000000020017c00                USB_RAM_BDT_END = .

m_usb_global    0x0000000020017c00      0x1f0
 *(m_usb_global)
 m_usb_global   0x0000000020017c00       0xe4 ./usb/device/source/khci/usb_device_khci.o
 m_usb_global   0x0000000020017ce4       0x50 ./usb/device/source/usb_device_dci.o
 m_usb_global   0x0000000020017d34       0xbc ./osa/usb_osa_bm.o
                0x0000000020030000                __StackTop = (ORIGIN (m_data_2) + 0x30000)
                0x000000002002fc00                __StackLimit = (__StackTop - STACK_SIZE)
                0x0000000020030000                PROVIDE (__stack, __StackTop)

.ARM.attributes
                0x0000000000000000       0x30
 *(.ARM.attributes)
 .ARM.attributes
                0x0000000000000000       0x22 /Applications/KDS_v3.app/Contents/toolchain/bin/../lib/gcc/arm-none-eabi/4.8.4/armv7e-m/fpu/crti.o
 .ARM.attributes
                0x0000000000000022       0x34 /Applications/KDS_v3.app/Contents/toolchain/bin/../lib/gcc/arm-none-eabi/4.8.4/armv7e-m/fpu/crtbegin.o
 .ARM.attributes
                0x0000000000000056       0x20 /Applications/KDS_v3.app/Contents/toolchain/bin/../lib/gcc/arm-none-eabi/4.8.4/../../../../arm-none-eabi/lib/armv7e-m/fpu/crt0.o
 .ARM.attributes
                0x0000000000000076       0x39 ./utilities/fsl_debug_console.o
 .ARM.attributes
                0x00000000000000af       0x39 ./usb/device/source/khci/usb_device_khci.o
 .ARM.attributes
                0x00000000000000e8       0x39 ./usb/device/source/usb_device_dci.o
 .ARM.attributes
                0x0000000000000121       0x1f ./startup/startup_MK82F25615.o
 .ARM.attributes
                0x0000000000000140       0x39 ./startup/system_MK82F25615.o
 .ARM.attributes
                0x0000000000000179       0x39 ./sources/ov7670/fsl_sccb_master_driver.o
 .ARM.attributes
                0x00000000000001b2       0x39 ./sources/ov7670/ov7670_driver.o
 .ARM.attributes
                0x00000000000001eb       0x39 ./sources/flexio_ov7670.o
 .ARM.attributes
                0x0000000000000224       0x39 ./sources/parkingasst.o
 .ARM.attributes
                0x000000000000025d       0x39 ./sources/usb_device_ch9.o
 .ARM.attributes
                0x0000000000000296       0x39 ./sources/usb_device_descriptor.o
 .ARM.attributes
                0x00000000000002cf       0x39 ./sources/video_camera.o
 .ARM.attributes
                0x0000000000000308       0x39 ./osa/usb_osa_bm.o
 .ARM.attributes
                0x0000000000000341       0x39 ./drivers/fsl_clock.o
 .ARM.attributes
                0x000000000000037a       0x39 ./drivers/fsl_common.o
 .ARM.attributes
                0x00000000000003b3       0x39 ./drivers/fsl_dmamux.o
 .ARM.attributes
                0x00000000000003ec       0x39 ./drivers/fsl_edma.o
 .ARM.attributes
                0x0000000000000425       0x39 ./drivers/fsl_flexio.o
 .ARM.attributes
                0x000000000000045e       0x39 ./drivers/fsl_flexio_camera.o
 .ARM.attributes
                0x0000000000000497       0x39 ./drivers/fsl_gpio.o
 .ARM.attributes
                0x00000000000004d0       0x39 ./drivers/fsl_i2c.o
 .ARM.attributes
                0x0000000000000509       0x39 ./drivers/fsl_lptmr.o
 .ARM.attributes
                0x0000000000000542       0x39 ./drivers/fsl_lpuart.o
 .ARM.attributes
                0x000000000000057b       0x39 ./board/board.o
 .ARM.attributes
                0x00000000000005b4       0x39 ./board/clock_config.o
 .ARM.attributes
                0x00000000000005ed       0x39 ./board/pin_mux.o
 .ARM.attributes
                0x0000000000000626       0x34 /Applications/KDS_v3.app/Contents/toolchain/bin/../lib/gcc/arm-none-eabi/4.8.4/../../../../arm-none-eabi/lib/armv7e-m/fpu/libm.a(lib_a-s_modf.o)
 .ARM.attributes
                0x000000000000065a       0x34 /Applications/KDS_v3.app/Contents/toolchain/bin/../lib/gcc/arm-none-eabi/4.8.4/../../../../arm-none-eabi/lib/armv7e-m/fpu/libm.a(lib_a-w_pow.o)
 .ARM.attributes
                0x000000000000068e       0x34 /Applications/KDS_v3.app/Contents/toolchain/bin/../lib/gcc/arm-none-eabi/4.8.4/../../../../arm-none-eabi/lib/armv7e-m/fpu/libm.a(lib_a-e_pow.o)
 .ARM.attributes
                0x00000000000006c2       0x34 /Applications/KDS_v3.app/Contents/toolchain/bin/../lib/gcc/arm-none-eabi/4.8.4/../../../../arm-none-eabi/lib/armv7e-m/fpu/libm.a(lib_a-e_sqrt.o)
 .ARM.attributes
                0x00000000000006f6       0x34 /Applications/KDS_v3.app/Contents/toolchain/bin/../lib/gcc/arm-none-eabi/4.8.4/../../../../arm-none-eabi/lib/armv7e-m/fpu/libm.a(lib_a-s_fabs.o)
 .ARM.attributes
                0x000000000000072a       0x34 /Applications/KDS_v3.app/Contents/toolchain/bin/../lib/gcc/arm-none-eabi/4.8.4/../../../../arm-none-eabi/lib/armv7e-m/fpu/libm.a(lib_a-s_finite.o)
 .ARM.attributes
                0x000000000000075e       0x34 /Applications/KDS_v3.app/Contents/toolchain/bin/../lib/gcc/arm-none-eabi/4.8.4/../../../../arm-none-eabi/lib/armv7e-m/fpu/libm.a(lib_a-s_fpclassify.o)
 .ARM.attributes
                0x0000000000000792       0x34 /Applications/KDS_v3.app/Contents/toolchain/bin/../lib/gcc/arm-none-eabi/4.8.4/../../../../arm-none-eabi/lib/armv7e-m/fpu/libm.a(lib_a-s_lib_ver.o)
 .ARM.attributes
                0x00000000000007c6       0x34 /Applications/KDS_v3.app/Contents/toolchain/bin/../lib/gcc/arm-none-eabi/4.8.4/../../../../arm-none-eabi/lib/armv7e-m/fpu/libm.a(lib_a-s_matherr.o)
 .ARM.attributes
                0x00000000000007fa       0x34 /Applications/KDS_v3.app/Contents/toolchain/bin/../lib/gcc/arm-none-eabi/4.8.4/../../../../arm-none-eabi/lib/armv7e-m/fpu/libm.a(lib_a-s_nan.o)
 .ARM.attributes
                0x000000000000082e       0x34 /Applications/KDS_v3.app/Contents/toolchain/bin/../lib/gcc/arm-none-eabi/4.8.4/../../../../arm-none-eabi/lib/armv7e-m/fpu/libm.a(lib_a-s_rint.o)
 .ARM.attributes
                0x0000000000000862       0x34 /Applications/KDS_v3.app/Contents/toolchain/bin/../lib/gcc/arm-none-eabi/4.8.4/../../../../arm-none-eabi/lib/armv7e-m/fpu/libm.a(lib_a-s_scalbn.o)
 .ARM.attributes